BL51 BANKED LINKER/LOCATER V6.22                                                        05/26/2020  14:34:50  PAGE 1


BL51 BANKED LINKER/LOCATER V6.22, INVOKED BY:
D:\YZ\KEILC51\C51\BIN\BL51.EXE .\Output\main.obj, .\Output\public.obj, .\Output\uart.obj, .\Output\tftlcd.obj, .\Output\
>> touch.obj, .\Output\XPT2046.obj, .\Output\gui.obj TO .\Output\template PRINT (.\template.m51) RAMSIZE (256)


MEMORY MODEL: LARGE WITH FLOATING POINT ARITHMETIC


INPUT MODULES INCLUDED:
  .\Output\main.obj (MAIN)
  .\Output\public.obj (PUBLIC)
  .\Output\uart.obj (UART)
  .\Output\tftlcd.obj (TFTLCD)
  .\Output\touch.obj (TOUCH)
  .\Output\XPT2046.obj (XPT2046)
  .\Output\gui.obj (GUI)
  D:\YZ\KEILC51\C51\LIB\C51FPL.LIB (?C?FPMUL)
  D:\YZ\KEILC51\C51\LIB\C51FPL.LIB (?C?FPDIV)
  D:\YZ\KEILC51\C51\LIB\C51FPL.LIB (?C?FCAST)
  D:\YZ\KEILC51\C51\LIB\C51FPL.LIB (?C?CASTF)
  D:\YZ\KEILC51\C51\LIB\C51FPL.LIB (PRINTF)
  D:\YZ\KEILC51\C51\LIB\C51FPL.LIB (?C?FPGETOPN)
  D:\YZ\KEILC51\C51\LIB\C51FPL.LIB (?C?FPROUND)
  D:\YZ\KEILC51\C51\LIB\C51FPL.LIB (?C?FPCONVERT)
  D:\YZ\KEILC51\C51\LIB\C51FPL.LIB (?C?FPADD)
  D:\YZ\KEILC51\C51\LIB\C51FPL.LIB (?C?FTNPWR)
  D:\YZ\KEILC51\C51\LIB\C51L.LIB (?C_STARTUP)
  D:\YZ\KEILC51\C51\LIB\C51L.LIB (?C?CLDPTR)
  D:\YZ\KEILC51\C51\LIB\C51L.LIB (?C?CLDOPTR)
  D:\YZ\KEILC51\C51\LIB\C51L.LIB (?C?CSTPTR)
  D:\YZ\KEILC51\C51\LIB\C51L.LIB (?C?CSTOPTR)
  D:\YZ\KEILC51\C51\LIB\C51L.LIB (?C?IMUL)
  D:\YZ\KEILC51\C51\LIB\C51L.LIB (?C?UIDIV)
  D:\YZ\KEILC51\C51\LIB\C51L.LIB (?C?SIDIV)
  D:\YZ\KEILC51\C51\LIB\C51L.LIB (?C?IILDX)
  D:\YZ\KEILC51\C51\LIB\C51L.LIB (?C?ILDIX)
  D:\YZ\KEILC51\C51\LIB\C51L.LIB (?C?ILDOPTR)
  D:\YZ\KEILC51\C51\LIB\C51L.LIB (?C?ISTOPTR)
  D:\YZ\KEILC51\C51\LIB\C51L.LIB (?C?LMUL)
  D:\YZ\KEILC51\C51\LIB\C51L.LIB (?C?ULDIV)
  D:\YZ\KEILC51\C51\LIB\C51L.LIB (?C?SLDIV)
  D:\YZ\KEILC51\C51\LIB\C51L.LIB (?C?LNEG)
  D:\YZ\KEILC51\C51\LIB\C51L.LIB (?C?SLCMP)
  D:\YZ\KEILC51\C51\LIB\C51L.LIB (?C?ULCMP)
  D:\YZ\KEILC51\C51\LIB\C51L.LIB (?C?ULSHR)
  D:\YZ\KEILC51\C51\LIB\C51L.LIB (?C?LSTXDATA)
  D:\YZ\KEILC51\C51\LIB\C51L.LIB (?C?LSTKXDATA)
  D:\YZ\KEILC51\C51\LIB\C51L.LIB (?C?PLDIXDATA)
  D:\YZ\KEILC51\C51\LIB\C51L.LIB (?C?PSTXDATA)
  D:\YZ\KEILC51\C51\LIB\C51L.LIB (?C?CCASE)
  D:\YZ\KEILC51\C51\LIB\C51L.LIB (?C?LIMUL)
  D:\YZ\KEILC51\C51\LIB\C51L.LIB (PUTCHAR)
  D:\YZ\KEILC51\C51\LIB\C51L.LIB (STRLEN)
  D:\YZ\KEILC51\C51\LIB\C51L.LIB (?C_INIT)


LINK MAP OF MODULE:  .\Output\template (MAIN)

BL51 BANKED LINKER/LOCATER V6.22                                                      05/26/2020  14:34:50  PAGE 2



            TYPE    BASE      LENGTH    RELOCATION   SEGMENT NAME
            -----------------------------------------------------

            * * * * * * *   D A T A   M E M O R Y   * * * * * * *
            REG     0000H     0008H     ABSOLUTE     "REG BANK 0"
            DATA    0008H     0005H     UNIT         _DATA_GROUP_
                    000DH     0013H                  *** GAP ***
            BIT     0020H.0   0001H.1   UNIT         _BIT_GROUP_
                    0021H.1   0000H.7                *** GAP ***
            IDATA   0022H     0001H     UNIT         ?STACK

            * * * * * * *  X D A T A   M E M O R Y  * * * * * * *
            XDATA   0000H     007DH     UNIT         _XDATA_GROUP_
            XDATA   007DH     0034H     UNIT         ?XD?UART
            XDATA   00B1H     0024H     UNIT         ?XD?_GUI_DRAW_ELLIPSE?GUI
            XDATA   00D5H     0022H     UNIT         ?XD?_GUI_FILL_ELLIPSE?GUI
            XDATA   00F7H     001FH     UNIT         ?XD?_GUI_DRAW_BLINE?GUI
            XDATA   0116H     001FH     UNIT         ?XD?_GUI_DRAW_BLINE1?GUI
            XDATA   0135H     001EH     UNIT         ?XD?_LCD_DRAWLINE_COLOR?TFTLCD
            XDATA   0153H     001EH     UNIT         ?XD?_GUI_DRAW_LINE?GUI
            XDATA   0171H     001EH     UNIT         ?XD?_GUI_SMOOTH_COLOR?GUI
            XDATA   018FH     001CH     UNIT         ?XD?_LCD_DRAWLINE?TFTLCD
            XDATA   01ABH     001AH     UNIT         ?XD?_TOUCH_XPT_READDATA?TOUCH
            XDATA   01C5H     0019H     UNIT         ?XD?_GUI_DRAW_ARC?GUI
            XDATA   01DEH     0018H     UNIT         ?XD?_GUI_FILL_CIRCLE?GUI
            XDATA   01F6H     0017H     UNIT         ?XD?_GUI_DRAW_SMOOTH_RECTANGLE?GUI
            XDATA   020DH     0017H     UNIT         ?XD?_GUI_SHOW_STRINGEX?GUI
            XDATA   0224H     0016H     UNIT         ?XD?_GUI_SHOW_STRING?GUI
            XDATA   023AH     0015H     UNIT         ?XD?_LCD_SHOWPICTURE?TFTLCD
            XDATA   024FH     0013H     UNIT         ?XD?_LCD_COLOR_FILL?TFTLCD
            XDATA   0262H     0012H     UNIT         ?XD?_GUI_DRAW_CIRCLE8?GUI
            XDATA   0274H     0012H     UNIT         ?XD?_GUI_SHOW_STRMID?GUI
            XDATA   0286H     0012H     UNIT         ?XD?_GUI_SHOW_PTSTRWHITERIM?GUI
            XDATA   0298H     0011H     UNIT         ?XD?_GUI_ALPHABLEND_AREA?GUI
            XDATA   02A9H     0010H     UNIT         ?XD?_GUI_DRAW_ARCRECTANGLE?GUI
            XDATA   02B9H     0010H     UNIT         ?XD?_GUI_DRAW_EXPOINT?GUI
            XDATA   02C9H     0010H     UNIT         ?XD?_GUI_SHOW_NUM?GUI
            XDATA   02D9H     000EH     UNIT         ?XD?_EDIT_SHOWNUM?MAIN
            XDATA   02E7H     000EH     UNIT         ?XD?_LCD_SHOWXNUM?TFTLCD
            XDATA   02F5H     000EH     UNIT         ?XD?_GUI_FILL_COLORBLOCK?GUI
            XDATA   0303H     000DH     UNIT         ?XD?_LCD_SHOWNUM?TFTLCD
            XDATA   0310H     000DH     UNIT         ?XD?TOUCH
            XDATA   031DH     000DH     UNIT         ?XD?_GUI_ALPHA_BLEND565?GUI
            XDATA   032AH     000DH     UNIT         ?XD?_GUI_NUM2STREX?GUI
            XDATA   0337H     000CH     UNIT         ?XD?_GUI_GET_STRINGLINE?GUI
            XDATA   0343H     000BH     UNIT         ?XD?TFTLCD
            XDATA   034EH     000AH     UNIT         ?XD?_LCD_READPOINT?TFTLCD
            XDATA   0358H     000AH     UNIT         ?XD?_LCD_DRAW_CIRCLE?TFTLCD
            XDATA   0362H     000AH     UNIT         ?XD?_LCD_SHOWFONTHZ?TFTLCD
            XDATA   036CH     000AH     UNIT         ?XD?TOUCH_XPT_READXY?TOUCH
            XDATA   0376H     000AH     UNIT         ?XD?_GUI_DRAW_RECTANGLE?GUI
            XDATA   0380H     0009H     UNIT         ?XD?_GUI_NUM2STR?GUI
            XDATA   0389H     0008H     UNIT         ?XD?_LCD_DRAWRECTANGLE?TFTLCD
            XDATA   0391H     0008H     UNIT         ?XD?_GUI_COLOR_CHG?GUI
            XDATA   0399H     0008H     UNIT         ?XD?_GUI_DISABS?GUI
            XDATA   03A1H     0006H     UNIT         ?XD?_LCD_DRAWBIGPOINT?TFTLCD
BL51 BANKED LINKER/LOCATER V6.22                                                      05/26/2020  14:34:50  PAGE 3


            XDATA   03A7H     0006H     UNIT         ?XD?_LCD_DROWSIGN?TFTLCD
            XDATA   03ADH     0006H     UNIT         ?XD?_LCD_POW?TFTLCD
            XDATA   03B3H     0006H     UNIT         ?XD?_GUI_POW?GUI
            XDATA   03B9H     0005H     UNIT         ?XD?TOUCH_SCAN?TOUCH
            XDATA   03BEH     0004H     UNIT         ?XD?MAIN
            XDATA   03C2H     0004H     UNIT         ?XD?_GUI_DRAW_POINT?GUI
            XDATA   03C6H     0003H     UNIT         ?XD?_UART_SENDSTRING?UART
            XDATA   03C9H     0002H     UNIT         ?XD?TOUCH_SPI_READ?TOUCH

            * * * * * * *   C O D E   M E M O R Y   * * * * * * *
            CODE    0000H     0003H     ABSOLUTE     
            CODE    0003H     001FH     UNIT         ?PR?_DELAY?TFTLCD
                    0022H     0001H                  *** GAP ***
            CODE    0023H     0003H     ABSOLUTE     
            CODE    0026H     1BF3H     UNIT         ?CO?TFTLCD
            CODE    1C19H     08CCH     UNIT         ?C?LIB_CODE
            CODE    24E5H     06B3H     UNIT         ?PR?_GUI_DRAW_ARCRECTANGLE?GUI
            CODE    2B98H     0483H     UNIT         ?PR?PRINTF?PRINTF
            CODE    301BH     0451H     UNIT         ?PR?MULTICHANNEL_ADC_SAMPLESYSTEM_TEST?MAIN
            CODE    346CH     0404H     UNIT         ?PR?_GUI_DRAW_ELLIPSE?GUI
            CODE    3870H     03CAH     UNIT         ?PR?_GUI_DRAW_BLINE1?GUI
            CODE    3C3AH     03A0H     UNIT         ?PR?_GUI_FILL_CIRCLE?GUI
            CODE    3FDAH     0271H     UNIT         ?PR?_GUI_DRAW_CIRCLE8?GUI
            CODE    424BH     026CH     UNIT         ?PR?_GUI_DRAW_BLINE?GUI
            CODE    44B7H     025DH     UNIT         ?PR?TFTLCD_INIT?TFTLCD
            CODE    4714H     025CH     UNIT         ?PR?_GUI_FILL_ELLIPSE?GUI
            CODE    4970H     0253H     UNIT         ?PR?_GUI_SHOW_PTCHAR?GUI
            CODE    4BC3H     0246H     UNIT         ?PR?_GUI_SHOW_PTSTR?GUI
            CODE    4E09H     0226H     UNIT         ?PR?_GUI_SHOW_STRING?GUI
            CODE    502FH     021CH     UNIT         ?PR?_GUI_SHOW_STRINGEX?GUI
            CODE    524BH     0202H     UNIT         ?PR?_EDIT_CREATE?MAIN
            CODE    544DH     01F3H     UNIT         ?PR?_GUI_DRAW_LINE?GUI
            CODE    5640H     01EFH     UNIT         ?PR?_LCD_DRAWLINE?TFTLCD
            CODE    582FH     01EDH     UNIT         ?PR?_LCD_DRAWLINE_COLOR?TFTLCD
            CODE    5A1CH     01E9H     UNIT         ?PR?_GUI_SMOOTH_COLOR?GUI
            CODE    5C05H     01D8H     UNIT         ?PR?_LCD_DRAW_CIRCLE?TFTLCD
            CODE    5DDDH     01D7H     UNIT         ?PR?_GUI_DRAW_ARC?GUI
            CODE    5FB4H     01C3H     UNIT         ?PR?_GUI_SHOW_NUM?GUI
            CODE    6177H     0187H     UNIT         ?PR?_TOUCH_XPT_READDATA?TOUCH
            CODE    62FEH     017CH     UNIT         ?PR?_GUI_GET_STRINGLINE?GUI
            CODE    647AH     0178H     UNIT         ?PR?_LCD_SHOWCHAR?TFTLCD
            CODE    65F2H     014CH     UNIT         ?PR?_GUI_SHOW_STRMIDEX?GUI
            CODE    673EH     0148H     UNIT         ?PR?_GUI_SHOW_STRMID?GUI
            CODE    6886H     0147H     UNIT         ?PR?_GUI_FILL_COLORBLOCK?GUI
            CODE    69CDH     0140H     UNIT         ?PR?TOUCH_SCAN?TOUCH
            CODE    6B0DH     012DH     UNIT         ?PR?_LCD_SHOWPICTURE?TFTLCD
            CODE    6C3AH     012BH     UNIT         ?PR?_LCD_SHOWFONTHZ?TFTLCD
            CODE    6D65H     0129H     UNIT         ?PR?_LCD_SHOWXNUM?TFTLCD
            CODE    6E8EH     0114H     UNIT         ?PR?TOUCH_XPT_READXY?TOUCH
            CODE    6FA2H     010CH     UNIT         ?PR?_GUI_DRAW_SMOOTH_RECTANGLE?GUI
            CODE    70AEH     00F8H     UNIT         ?PR?_LCD_COLOR_FILL?TFTLCD
            CODE    71A6H     00F7H     UNIT         ?PR?_GUI_ALPHABLEND_AREA?GUI
            CODE    729DH     00F4H     UNIT         ?PR?_GUI_DRAW_BIGPOINT?GUI
            CODE    7391H     00EDH     UNIT         ?PR?_GUI_ALPHA_BLEND565?GUI
            CODE    747EH     00E5H     UNIT         ?PR?_LCD_SHOWSTRING?TFTLCD
            CODE    7563H     00DCH     UNIT         ?PR?_LCD_SHOWNUM?TFTLCD
            CODE    763FH     00D8H     UNIT         ?PR?_LCD_DROWSIGN?TFTLCD
BL51 BANKED LINKER/LOCATER V6.22                                                      05/26/2020  14:34:50  PAGE 4


            CODE    7717H     00D2H     UNIT         ?PR?_GUI_SHOW_PTSTRWHITERIM?GUI
            CODE    77E9H     00D0H     UNIT         ?PR?_LCD_FILL?TFTLCD
            CODE    78B9H     00C8H     UNIT         ?PR?_GUI_DRAW_RECTANGLE?GUI
            CODE    7981H     00C7H     UNIT         ?PR?_GUI_NUM2STREX?GUI
            CODE    7A48H     00C1H     UNIT         ?PR?_GUI_DRAW_EXPOINT?GUI
            CODE    7B09H     00AAH     UNIT         ?PR?_LCD_DRAWRECTANGLE?TFTLCD
            CODE    7BB3H     00AAH     UNIT         ?PR?_GUI_NUM2STR?GUI
            CODE    7C5DH     0096H     UNIT         ?PR?_GUI_DRAW_VLINE?GUI
            CODE    7CF3H     0092H     UNIT         ?PR?_LCD_SET_WINDOW?TFTLCD
            CODE    7D85H     0091H     UNIT         ?PR?_EDIT_SHOWSTRING?MAIN
            CODE    7E16H     008EH     UNIT         ?PR?_EDIT_SHOWNUM?MAIN
            CODE    7EA4H     008CH     UNIT         ?C_C51STARTUP
            CODE    7F30H     008AH     UNIT         ?PR?_GUI_FILL_RECTANGLE?GUI
            CODE    7FBAH     0087H     UNIT         ?PR?UART_IRQN?UART
            CODE    8041H     0081H     UNIT         ?PR?_LCD_CLEAR?TFTLCD
            CODE    80C2H     0080H     UNIT         ?PR?_GUI_COLOR_CHG?GUI
            CODE    8142H     007BH     UNIT         ?PR?_GUI_DRAW_HLINE?GUI
            CODE    81BDH     0073H     UNIT         ?PR?_LCD_DRAWBIGPOINT?TFTLCD
            CODE    8230H     006BH     UNIT         ?PR?_GUI_DISABS?GUI
            CODE    829BH     0065H     UNIT         ?PR?_LCD_READPOINT?TFTLCD
            CODE    8300H     0050H     UNIT         ?PR?_LCD_POW?TFTLCD
            CODE    8350H     0049H     UNIT         ?PR?_GUI_POW?GUI
            CODE    8399H     0048H     UNIT         ?PR?_LCD_DRAWFRONT_COLOR?TFTLCD
            CODE    83E1H     0044H     UNIT         ?CO?MAIN
            CODE    8425H     0044H     UNIT         ?C?LDIV
            CODE    8469H     0040H     UNIT         ?PR?_LCD_DISPLAY_DIR?TFTLCD
            CODE    84A9H     0040H     UNIT         ?PR?_LCD_DRAWPOINT?TFTLCD
            CODE    84E9H     003CH     UNIT         ?PR?_GUI_RGB332TORGB565?GUI
            CODE    8525H     003CH     UNIT         ?PR?_GUI_DRAW_POINT?GUI
            CODE    8561H     003BH     UNIT         ?PR?TOUCH_SPI_READ?TOUCH
            CODE    859CH     003BH     UNIT         ?PR?SPI_READ?XPT2046
            CODE    85D7H     0033H     UNIT         ?PR?_UART_SENDSTRING?UART
            CODE    860AH     002FH     UNIT         ?PR?_LCD_WRITECMD?TFTLCD
            CODE    8639H     0027H     UNIT         ?PR?PUTCHAR?PUTCHAR
            CODE    8660H     0025H     UNIT         ?PR?_LCD_WRITEDATA?TFTLCD
            CODE    8685H     0025H     UNIT         ?PR?_LCD_WRITEDATA_COLOR?TFTLCD
            CODE    86AAH     001EH     UNIT         ?PR?_DELAY_MS?PUBLIC
            CODE    86C8H     001DH     UNIT         ?PR?_TOUCH_SPI_WRITE?TOUCH
            CODE    86E5H     001DH     UNIT         ?PR?_SPI_WRITE?XPT2046
            CODE    8702H     001AH     UNIT         ?C_INITSEG
            CODE    871CH     001AH     UNIT         ?PR?LCD_READDATA?TFTLCD
            CODE    8736H     0019H     UNIT         ?PR?_READ_AD_DATA?XPT2046
            CODE    874FH     0016H     UNIT         ?PR?UART_INIT?UART
            CODE    8765H     0015H     UNIT         ?PR?_STRLEN?STRLEN
            CODE    877AH     000EH     UNIT         ?PR?_DELAY_US?PUBLIC
            CODE    8788H     000EH     UNIT         ?PR?_UART_SENDDATA?UART
            CODE    8796H     000EH     UNIT         ?PR?_LCD_WRITECMDDATA?TFTLCD
            CODE    87A4H     000BH     UNIT         ?PR?MAIN?MAIN
            CODE    87AFH     000BH     UNIT         ?PR?_DELAY_10US?PUBLIC
            CODE    87BAH     000BH     UNIT         ?PR?TOUCH_SPI_START?TOUCH
            CODE    87C5H     0006H     UNIT         ?PR?_UART_CMD?UART



OVERLAY MAP OF MODULE:   .\Output\template (MAIN)


BL51 BANKED LINKER/LOCATER V6.22                                                      05/26/2020  14:34:50  PAGE 5


SEGMENT                                             BIT_GROUP          DATA_GROUP          XDATA_GROUP
  +--> CALLED SEGMENT                            START    LENGTH     START    LENGTH     START    LENGTH
--------------------------------------------------------------------------------------------------------
?C_C51STARTUP                                    -----    -----      -----    -----      -----    -----
  +--> ?PR?MAIN?MAIN
  +--> ?C_INITSEG

?PR?MAIN?MAIN                                    -----    -----      -----    -----      -----    -----
  +--> ?PR?UART_INIT?UART
  +--> ?PR?TFTLCD_INIT?TFTLCD
  +--> ?PR?MULTICHANNEL_ADC_SAMPLESYSTEM_TES...

?PR?TFTLCD_INIT?TFTLCD                           -----    -----      -----    -----      -----    -----
  +--> ?PR?_DELAY_MS?PUBLIC
  +--> ?PR?_LCD_WRITECMD?TFTLCD
  +--> ?PR?LCD_READDATA?TFTLCD
  +--> ?CO?TFTLCD
  +--> ?PR?PRINTF?PRINTF
  +--> ?PR?_LCD_WRITEDATA?TFTLCD
  +--> ?PR?_LCD_DISPLAY_DIR?TFTLCD
  +--> ?PR?_LCD_CLEAR?TFTLCD

?PR?_LCD_WRITECMD?TFTLCD                         -----    -----      -----    -----      -----    -----
  +--> ?PR?_LCD_WRITEDATA?TFTLCD

?PR?PRINTF?PRINTF                                0020H.0  0001H.1    0008H    0005H      0000H    0030H
  +--> ?PR?PUTCHAR?PUTCHAR

?PR?_LCD_DISPLAY_DIR?TFTLCD                      -----    -----      -----    -----      -----    -----
  +--> ?PR?_LCD_WRITECMDDATA?TFTLCD

?PR?_LCD_WRITECMDDATA?TFTLCD                     -----    -----      -----    -----      -----    -----
  +--> ?PR?_LCD_WRITECMD?TFTLCD
  +--> ?PR?_LCD_WRITEDATA?TFTLCD

?PR?_LCD_CLEAR?TFTLCD                            -----    -----      -----    -----      0000H    0004H
  +--> ?PR?_LCD_SET_WINDOW?TFTLCD
  +--> ?PR?_LCD_WRITEDATA_COLOR?TFTLCD

?PR?_LCD_SET_WINDOW?TFTLCD                       -----    -----      -----    -----      0071H    000CH
  +--> ?PR?_LCD_WRITECMD?TFTLCD
  +--> ?PR?_LCD_WRITEDATA?TFTLCD

?PR?MULTICHANNEL_ADC_SAMPLESYSTEM_TES...         -----    -----      -----    -----      0000H    000EH
  +--> ?CO?MAIN
  +--> ?PR?_LCD_SHOWSTRING?TFTLCD
  +--> ?PR?_EDIT_CREATE?MAIN
  +--> ?PR?_READ_AD_DATA?XPT2046
  +--> ?PR?_EDIT_SHOWSTRING?MAIN
  +--> ?PR?_DELAY_MS?PUBLIC

?PR?_LCD_SHOWSTRING?TFTLCD                       -----    -----      -----    -----      000EH    000DH
  +--> ?PR?_LCD_SHOWCHAR?TFTLCD

?PR?_LCD_SHOWCHAR?TFTLCD                         -----    -----      -----    -----      001BH    000CH
  +--> ?CO?TFTLCD
  +--> ?PR?_LCD_DRAWFRONT_COLOR?TFTLCD
BL51 BANKED LINKER/LOCATER V6.22                                                      05/26/2020  14:34:50  PAGE 6



?PR?_LCD_DRAWFRONT_COLOR?TFTLCD                  -----    -----      -----    -----      006BH    0006H
  +--> ?PR?_LCD_SET_WINDOW?TFTLCD
  +--> ?PR?_LCD_WRITEDATA_COLOR?TFTLCD

?PR?_EDIT_CREATE?MAIN                            -----    -----      -----    -----      000EH    000AH
  +--> ?PR?_GUI_DRAW_VLINE?GUI
  +--> ?PR?_GUI_DRAW_HLINE?GUI
  +--> ?PR?_GUI_FILL_RECTANGLE?GUI

?PR?_GUI_DRAW_VLINE?GUI                          -----    -----      -----    -----      0018H    0008H
  +--> ?PR?_LCD_FILL?TFTLCD

?PR?_LCD_FILL?TFTLCD                             -----    -----      -----    -----      0022H    000CH
  +--> ?PR?_LCD_SET_WINDOW?TFTLCD
  +--> ?PR?_LCD_WRITEDATA_COLOR?TFTLCD

?PR?_GUI_DRAW_HLINE?GUI                          -----    -----      -----    -----      0018H    0008H
  +--> ?PR?_LCD_FILL?TFTLCD

?PR?_GUI_FILL_RECTANGLE?GUI                      -----    -----      -----    -----      0018H    000AH
  +--> ?PR?_LCD_FILL?TFTLCD

?PR?_READ_AD_DATA?XPT2046                        -----    -----      -----    -----      -----    -----
  +--> ?PR?_SPI_WRITE?XPT2046
  +--> ?PR?SPI_READ?XPT2046

?PR?SPI_READ?XPT2046                             -----    -----      -----    -----      000EH    0002H

?PR?_EDIT_SHOWSTRING?MAIN                        -----    -----      -----    -----      000EH    0010H
  +--> ?PR?_GUI_SHOW_STRMIDEX?GUI

?PR?_GUI_SHOW_STRMIDEX?GUI                       -----    -----      -----    -----      001EH    0013H
  +--> ?PR?_STRLEN?STRLEN
  +--> ?PR?_GUI_SHOW_PTSTR?GUI

?PR?_GUI_SHOW_PTSTR?GUI                          -----    -----      -----    -----      0031H    0013H
  +--> ?PR?_GUI_SHOW_PTCHAR?GUI

?PR?_GUI_SHOW_PTCHAR?GUI                         -----    -----      -----    -----      0044H    0019H
  +--> ?CO?TFTLCD
  +--> ?PR?_GUI_DRAW_BIGPOINT?GUI
  +--> ?PR?_LCD_DRAWFRONT_COLOR?TFTLCD

?PR?_GUI_DRAW_BIGPOINT?GUI                       -----    -----      -----    -----      005DH    000EH
  +--> ?PR?_LCD_DRAWFRONT_COLOR?TFTLCD



SYMBOL TABLE OF MODULE:  .\Output\template (MAIN)

  VALUE           TYPE          NAME
  ----------------------------------

  -------         MODULE        MAIN
  C:0000H         SYMBOL        _ICE_DUMMY_
  D:00A0H         PUBLIC        P2
BL51 BANKED LINKER/LOCATER V6.22                                                      05/26/2020  14:34:50  PAGE 7


  D:00B0H         PUBLIC        P3
  B:00B0H.1       PUBLIC        LED1
  C:7D8FH         PUBLIC        _Edit_ShowString
  D:00A8H         PUBLIC        IE
  D:00B8H         PUBLIC        IP
  D:00D8H         PUBLIC        CCON
  C:87A4H         PUBLIC        main
  D:0098H         PUBLIC        SCON
  D:0088H         PUBLIC        TCON
  C:7E16H         PUBLIC        _Edit_ShowNum
  C:524BH         PUBLIC        _Edit_Create
  C:301BH         PUBLIC        Multichannel_ADC_SampleSystem_Test
  D:00D0H         PUBLIC        PSW
  -------         PROC          _EDIT_CREATE
  X:000EH         SYMBOL        x0
  X:0010H         SYMBOL        y0
  X:0012H         SYMBOL        width
  X:0014H         SYMBOL        height
  X:0016H         SYMBOL        backcolor
  C:524BH         LINE#         33
  C:5261H         LINE#         34
  C:5261H         LINE#         35
  C:5276H         LINE#         36
  C:5297H         LINE#         37
  C:52CEH         LINE#         38
  C:5305H         LINE#         39
  C:533AH         LINE#         40
  C:536FH         LINE#         41
  C:53B2H         LINE#         42
  C:53F5H         LINE#         43
  -------         ENDPROC       _EDIT_CREATE
  C:7D89H         SYMBOL        L?0015
  -------         PROC          L?0014
  -------         ENDPROC       L?0014
  C:7D89H         SYMBOL        L?0015
  -------         PROC          _EDIT_SHOWSTRING
  X:000EH         SYMBOL        x0
  D:0004H         SYMBOL        y0
  D:0002H         SYMBOL        width
  X:0014H         SYMBOL        height
  X:0016H         SYMBOL        backcolor
  X:0018H         SYMBOL        frontcolor
  X:001AH         SYMBOL        size
  X:001BH         SYMBOL        str
  -------         DO            
  X:03BEH         SYMBOL        color_temp
  -------         ENDDO         
  C:7D8FH         LINE#         53
  C:7D97H         LINE#         54
  C:7D97H         LINE#         57
  C:7DA6H         LINE#         58
  C:7DB5H         LINE#         59
  C:7E06H         LINE#         60
  C:7E15H         LINE#         61
  -------         ENDPROC       _EDIT_SHOWSTRING
  -------         PROC          _EDIT_SHOWNUM
  X:02D9H         SYMBOL        x0
BL51 BANKED LINKER/LOCATER V6.22                                                      05/26/2020  14:34:50  PAGE 8


  D:0004H         SYMBOL        y0
  D:0003H         SYMBOL        len
  X:02DEH         SYMBOL        backcolor
  X:02E0H         SYMBOL        frontcolor
  X:02E2H         SYMBOL        size
  X:02E3H         SYMBOL        num
  -------         DO            
  X:03C0H         SYMBOL        color_temp
  -------         ENDDO         
  C:7E16H         LINE#         70
  C:7E1EH         LINE#         71
  C:7E1EH         LINE#         74
  C:7E2DH         LINE#         75
  C:7E3CH         LINE#         76
  C:7E94H         LINE#         77
  C:7EA3H         LINE#         78
  -------         ENDPROC       _EDIT_SHOWNUM
  -------         PROC          MULTICHANNEL_ADC_SAMPLESYSTEM_TEST
  -------         DO            
  X:0000H         SYMBOL        i
  X:0001H         SYMBOL        r_advalue
  X:0003H         SYMBOL        g_advalue
  X:0005H         SYMBOL        t_advalue
  X:0007H         SYMBOL        e_advalue
  D:0004H         SYMBOL        r_vol
  X:0009H         SYMBOL        strbuf
  -------         ENDDO         
  C:301BH         LINE#         82
  C:301BH         LINE#         83
  C:301BH         LINE#         84
  C:3020H         LINE#         92
  C:3029H         LINE#         93
  C:305BH         LINE#         94
  C:3065H         LINE#         95
  C:3097H         LINE#         96
  C:30C9H         LINE#         97
  C:30FBH         LINE#         98
  C:312DH         LINE#         99
  C:315FH         LINE#         100
  C:3191H         LINE#         101
  C:31A0H         LINE#         102
  C:31A0H         LINE#         103
  C:31C6H         LINE#         104
  C:31CEH         LINE#         106
  C:31CEH         LINE#         107
  C:31CEH         LINE#         108
  C:31D4H         LINE#         109
  C:31E0H         LINE#         110
  C:31E0H         LINE#         111
  C:31E2H         LINE#         114
  C:31EFH         LINE#         115
  C:31FCH         LINE#         116
  C:3209H         LINE#         117
  C:3216H         LINE#         120
  C:3240H         LINE#         121
  C:324BH         LINE#         122
  C:3264H         LINE#         123
BL51 BANKED LINKER/LOCATER V6.22                                                      05/26/2020  14:34:50  PAGE 9


  C:3268H         LINE#         124
  C:3278H         LINE#         125
  C:327BH         LINE#         126
  C:32A5H         LINE#         128
  C:32BEH         LINE#         129
  C:32DDH         LINE#         130
  C:32FCH         LINE#         131
  C:330CH         LINE#         132
  C:330FH         LINE#         133
  C:3339H         LINE#         136
  C:3352H         LINE#         137
  C:3371H         LINE#         138
  C:3390H         LINE#         139
  C:33A0H         LINE#         140
  C:33A3H         LINE#         141
  C:33D1H         LINE#         144
  C:33FBH         LINE#         145
  C:3406H         LINE#         146
  C:341DH         LINE#         147
  C:3421H         LINE#         148
  C:3431H         LINE#         149
  C:3434H         LINE#         150
  C:3462H         LINE#         152
  C:3462H         LINE#         153
  C:3469H         LINE#         154
  -------         ENDPROC       MULTICHANNEL_ADC_SAMPLESYSTEM_TEST
  -------         PROC          MAIN
  C:87A4H         LINE#         157
  C:87A4H         LINE#         158
  C:87A4H         LINE#         160
  C:87A7H         LINE#         161
  C:87AAH         LINE#         163
  C:87ADH         LINE#         164
  C:87ADH         LINE#         165
  C:87ADH         LINE#         168
  -------         ENDPROC       MAIN
  -------         ENDMOD        MAIN

  -------         MODULE        PUBLIC
  C:0000H         SYMBOL        _ICE_DUMMY_
  D:00A8H         PUBLIC        IE
  D:00B8H         PUBLIC        IP
  D:00D8H         PUBLIC        CCON
  D:0098H         PUBLIC        SCON
  D:0088H         PUBLIC        TCON
  C:87AFH         PUBLIC        _delay_10us
  C:86AAH         PUBLIC        _delay_ms
  C:877AH         PUBLIC        _delay_us
  D:00D0H         PUBLIC        PSW
  -------         PROC          _DELAY_10US
  D:0006H         SYMBOL        us
  C:87AFH         LINE#         6
  C:87AFH         LINE#         7
  C:87AFH         LINE#         8
  C:87B9H         LINE#         9
  -------         ENDPROC       _DELAY_10US
  -------         PROC          _DELAY_US
BL51 BANKED LINKER/LOCATER V6.22                                                      05/26/2020  14:34:50  PAGE 10


  D:0006H         SYMBOL        n
  C:877AH         LINE#         11
  C:877AH         LINE#         12
  C:877AH         LINE#         13
  C:8784H         LINE#         14
  C:8784H         LINE#         15
  C:8785H         LINE#         21
  C:8787H         LINE#         22
  -------         ENDPROC       _DELAY_US
  -------         PROC          _DELAY_MS
  D:0006H         SYMBOL        ms
  -------         DO            
  D:0006H         SYMBOL        i
  D:0004H         SYMBOL        j
  -------         ENDDO         
  C:86AAH         LINE#         24
  C:86AAH         LINE#         25
  C:86AAH         LINE#         27
  C:86B3H         LINE#         28
  C:86C7H         LINE#         29
  -------         ENDPROC       _DELAY_MS
  -------         ENDMOD        PUBLIC

  -------         MODULE        UART
  C:0000H         SYMBOL        _ICE_DUMMY_
  B:00A8H.7       PUBLIC        EA
  X:007DH         PUBLIC        UART_RX_BUF
  D:00A8H         PUBLIC        IE
  X:00AFH         PUBLIC        UART_RX_STA
  B:00A8H.4       PUBLIC        ES
  D:00B8H         PUBLIC        IP
  B:0098H.0       PUBLIC        RI
  B:0098H.1       PUBLIC        TI
  D:00D8H         PUBLIC        CCON
  C:85D7H         PUBLIC        _UART_SendString
  C:8788H         PUBLIC        _UART_SendData
  D:0099H         PUBLIC        SBUF
  D:0087H         PUBLIC        PCON
  C:87C5H         PUBLIC        _UART_Cmd
  C:874FH         PUBLIC        UART_Init
  D:0098H         PUBLIC        SCON
  D:0089H         PUBLIC        TMOD
  D:0088H         PUBLIC        TCON
  D:008DH         PUBLIC        TH1
  D:008BH         PUBLIC        TL1
  B:0088H.6       PUBLIC        TR1
  C:7FBAH         PUBLIC        UART_IRQn
  D:00D0H         PUBLIC        PSW
  -------         PROC          UART_INIT
  C:874FH         LINE#         5
  C:874FH         LINE#         6
  C:874FH         LINE#         7
  C:8752H         LINE#         8
  C:8755H         LINE#         9
  C:8758H         LINE#         10
  C:875BH         LINE#         11
  C:875EH         LINE#         13
BL51 BANKED LINKER/LOCATER V6.22                                                      05/26/2020  14:34:50  PAGE 11


  C:8760H         LINE#         14
  C:8762H         LINE#         15
  C:8764H         LINE#         16
  -------         ENDPROC       UART_INIT
  -------         PROC          _UART_CMD
  D:0007H         SYMBOL        ensta
  C:87C5H         LINE#         18
  C:87C5H         LINE#         19
  C:87C5H         LINE#         20
  C:87CAH         LINE#         21
  -------         ENDPROC       _UART_CMD
  -------         PROC          _UART_SENDDATA
  D:0007H         SYMBOL        dat
  C:8788H         LINE#         23
  C:8788H         LINE#         24
  C:8788H         LINE#         25
  C:878AH         LINE#         26
  C:878CH         LINE#         27
  C:878EH         LINE#         28
  C:8791H         LINE#         29
  C:8793H         LINE#         30
  C:8795H         LINE#         31
  -------         ENDPROC       _UART_SENDDATA
  -------         PROC          _UART_SENDSTRING
  X:03C6H         SYMBOL        pbuf
  C:85D7H         LINE#         33
  C:85E2H         LINE#         34
  C:85E2H         LINE#         35
  C:85F3H         LINE#         36
  C:85F3H         LINE#         37
  C:85F6H         LINE#         38
  C:85FDH         LINE#         39
  C:8607H         LINE#         40
  C:8609H         LINE#         41
  -------         ENDPROC       _UART_SENDSTRING
  -------         PROC          UART_IRQN
  -------         DO            
  D:0007H         SYMBOL        r
  -------         ENDDO         
  C:7FBAH         LINE#         51
  C:7FCBH         LINE#         55
  C:7FCEH         LINE#         56
  C:7FCEH         LINE#         57
  C:7FD0H         LINE#         58
  C:7FD2H         LINE#         59
  C:7FDBH         LINE#         60
  C:7FDBH         LINE#         61
  C:7FDEH         LINE#         62
  C:7FDEH         LINE#         63
  C:7FE8H         LINE#         64
  C:7FEBH         LINE#         65
  C:7FEDH         LINE#         67
  C:7FEDH         LINE#         68
  C:7FFDH         LINE#         70
  C:7FFDH         LINE#         71
  C:8011H         LINE#         72
  C:801FH         LINE#         73
BL51 BANKED LINKER/LOCATER V6.22                                                      05/26/2020  14:34:50  PAGE 12


  C:8032H         LINE#         74
  C:8032H         LINE#         75
  C:8032H         LINE#         76
  C:8032H         LINE#         77
  C:8032H         LINE#         78
  -------         ENDPROC       UART_IRQN
  -------         ENDMOD        UART

  -------         MODULE        TFTLCD
  C:0000H         SYMBOL        _ICE_DUMMY_
  D:0080H         PUBLIC        P0
  D:0090H         PUBLIC        P1
  X:0343H         PUBLIC        tftlcd_data
  D:00A0H         PUBLIC        P2
  C:6D65H         PUBLIC        _LCD_ShowxNum
  D:00B0H         PUBLIC        P3
  C:7563H         PUBLIC        _LCD_ShowNum
  D:00A8H         PUBLIC        IE
  C:8469H         PUBLIC        _LCD_Display_Dir
  C:6C3AH         PUBLIC        _LCD_ShowFontHZ
  D:00B8H         PUBLIC        IP
  C:8041H         PUBLIC        _LCD_Clear
  C:70AEH         PUBLIC        _LCD_Color_Fill
  C:868DH         PUBLIC        _LCD_WriteData_Color
  D:00D8H         PUBLIC        CCON
  C:871CH         PUBLIC        LCD_ReadData
  C:582FH         PUBLIC        _LCD_DrawLine_Color
  C:839FH         PUBLIC        _LCD_DrawFRONT_COLOR
  D:0098H         PUBLIC        SCON
  D:0088H         PUBLIC        TCON
  C:0A97H         PUBLIC        ascii_2412
  C:0033H         PUBLIC        ascii_1206
  C:6B0DH         PUBLIC        _LCD_ShowPicture
  C:44B7H         PUBLIC        TFTLCD_Init
  C:04A7H         PUBLIC        ascii_1608
  C:77E9H         PUBLIC        _LCD_Fill
  C:7CF8H         PUBLIC        _LCD_Set_Window
  C:8668H         PUBLIC        _LCD_WriteData
  C:829BH         PUBLIC        _LCD_ReadPoint
  B:00B0H.3       PUBLIC        TFT_RST
  C:5640H         PUBLIC        _LCD_DrawLine
  C:84BFH         PUBLIC        _LCD_DrawPoint
  C:747EH         PUBLIC        _LCD_ShowString
  C:8796H         PUBLIC        _LCD_WriteCmdData
  C:647AH         PUBLIC        _LCD_ShowChar
  C:861CH         PUBLIC        _LCD_WriteCmd
  C:7B09H         PUBLIC        _LCD_DrawRectangle
  B:00B0H.2       PUBLIC        TFT_RD
  B:00A0H.7       PUBLIC        TFT_CS
  C:763FH         PUBLIC        _LCD_DrowSign
  C:81BDH         PUBLIC        _LCD_DrawBigPoint
  C:8307H         PUBLIC        _LCD_Pow
  X:034AH         PUBLIC        FRONT_COLOR
  C:0003H         PUBLIC        _Delay
  X:034CH         PUBLIC        BACK_COLOR
  B:00A0H.6       PUBLIC        TFT_RS
  B:00A0H.5       PUBLIC        TFT_WR
BL51 BANKED LINKER/LOCATER V6.22                                                      05/26/2020  14:34:50  PAGE 13


  C:5C05H         PUBLIC        _LCD_Draw_Circle
  D:00D0H         PUBLIC        PSW
  C:17F3H         PUBLIC        CnChar32x29
  -------         PROC          _DELAY
  D:0006H         SYMBOL        dly
  -------         DO            
  D:0004H         SYMBOL        i
  D:0002H         SYMBOL        j
  -------         ENDDO         
  C:0003H         LINE#         14
  C:0003H         LINE#         15
  C:0003H         LINE#         18
  C:000DH         LINE#         19
  C:0021H         LINE#         20
  -------         ENDPROC       _DELAY
  -------         PROC          L?0217
  -------         ENDPROC       L?0217
  -------         PROC          _LCD_WRITECMD
  D:0004H         SYMBOL        cmd
  -------         DO            
  D:0007H         SYMBOL        cmdH
  D:0006H         SYMBOL        cmdL
  -------         ENDDO         
  C:861CH         LINE#         23
  C:8620H         LINE#         24
  C:8620H         LINE#         27
  C:8622H         LINE#         28
  C:8624H         LINE#         30
  C:8626H         LINE#         31
  C:8628H         LINE#         33
  C:862AH         LINE#         34
  C:862CH         LINE#         36
  C:862EH         LINE#         37
  C:8632H         LINE#         39
  C:8634H         LINE#         40
  C:8636H         LINE#         42
  C:8638H         LINE#         115
  -------         ENDPROC       _LCD_WRITECMD
  C:8660H         SYMBOL        L?0210
  -------         PROC          L?0209
  -------         ENDPROC       L?0209
  C:8660H         SYMBOL        L?0210
  -------         PROC          _LCD_WRITEDATA
  D:0004H         SYMBOL        dat
  -------         DO            
  D:0007H         SYMBOL        datH
  D:0006H         SYMBOL        datL
  -------         ENDDO         
  C:8668H         LINE#         119
  C:866CH         LINE#         120
  C:866CH         LINE#         123
  C:866EH         LINE#         124
  C:8670H         LINE#         126
  C:8672H         LINE#         127
  C:8674H         LINE#         129
  C:8676H         LINE#         130
  C:8678H         LINE#         132
BL51 BANKED LINKER/LOCATER V6.22                                                      05/26/2020  14:34:50  PAGE 14


  C:867AH         LINE#         133
  C:867EH         LINE#         135
  C:8680H         LINE#         136
  C:8682H         LINE#         138
  C:8684H         LINE#         209
  -------         ENDPROC       _LCD_WRITEDATA
  C:8685H         SYMBOL        L?0215
  C:8688H         SYMBOL        L?0216
  -------         PROC          L?0214
  -------         ENDPROC       L?0214
  C:8685H         SYMBOL        L?0215
  C:8688H         SYMBOL        L?0216
  -------         PROC          _LCD_WRITEDATA_COLOR
  D:0004H         SYMBOL        color
  -------         DO            
  D:0007H         SYMBOL        datH
  D:0006H         SYMBOL        datL
  -------         ENDDO         
  C:868DH         LINE#         211
  C:8691H         LINE#         212
  C:8691H         LINE#         215
  C:8693H         LINE#         216
  C:8695H         LINE#         218
  C:8697H         LINE#         219
  C:8699H         LINE#         221
  C:869BH         LINE#         222
  C:869DH         LINE#         224
  C:869FH         LINE#         225
  C:86A3H         LINE#         227
  C:86A5H         LINE#         228
  C:86A7H         LINE#         230
  C:86A9H         LINE#         301
  -------         ENDPROC       _LCD_WRITEDATA_COLOR
  -------         PROC          _LCD_WRITECMDDATA
  D:0006H         SYMBOL        cmd
  D:0002H         SYMBOL        dat
  C:8796H         LINE#         303
  C:879AH         LINE#         304
  C:879AH         LINE#         305
  C:879DH         LINE#         306
  -------         ENDPROC       _LCD_WRITECMDDATA
  -------         PROC          LCD_READDATA
  -------         DO            
  D:0006H         SYMBOL        ram
  -------         ENDDO         
  C:871CH         LINE#         311
  C:871CH         LINE#         312
  C:871CH         LINE#         315
  C:871FH         LINE#         316
  C:8722H         LINE#         319
  C:8724H         LINE#         320
  C:8726H         LINE#         321
  C:8728H         LINE#         322
  C:8729H         LINE#         323
  C:872BH         LINE#         324
  C:872DH         LINE#         325
  C:8731H         LINE#         326
BL51 BANKED LINKER/LOCATER V6.22                                                      05/26/2020  14:34:50  PAGE 15


  C:8733H         LINE#         327
  C:8735H         LINE#         399
  C:8735H         LINE#         400
  -------         ENDPROC       LCD_READDATA
  -------         PROC          _LCD_DISPLAY_DIR
  D:0007H         SYMBOL        dir
  C:8469H         LINE#         404
  C:8469H         LINE#         405
  C:8469H         LINE#         406
  C:846EH         LINE#         407
  C:8470H         LINE#         408
  C:8470H         LINE#         410
  C:847AH         LINE#         437
  C:8483H         LINE#         438
  C:848CH         LINE#         439
  C:848DH         LINE#         441
  C:848DH         LINE#         443
  C:8496H         LINE#         472
  C:849FH         LINE#         473
  C:84A8H         LINE#         474
  C:84A8H         LINE#         475
  -------         ENDPROC       _LCD_DISPLAY_DIR
  -------         PROC          TFTLCD_INIT
  -------         DO            
  D:0006H         SYMBOL        i
  -------         ENDDO         
  C:44B7H         LINE#         478
  C:44B7H         LINE#         479
  C:44B7H         LINE#         480
  C:44B9H         LINE#         481
  C:44BBH         LINE#         482
  C:44C0H         LINE#         484
  C:44C2H         LINE#         485
  C:44C9H         LINE#         487
  C:44CBH         LINE#         488
  C:44D2H         LINE#         491
  C:44D8H         LINE#         492
  C:44E3H         LINE#         519
  C:44F4H         LINE#         522
  C:44F9H         LINE#         523
  C:44FEH         LINE#         524
  C:4503H         LINE#         525
  C:4508H         LINE#         526
  C:4515H         LINE#         527
  C:4522H         LINE#         528
  C:4530H         LINE#         529
  C:453EH         LINE#         530
  C:454CH         LINE#         531
  C:455AH         LINE#         532
  C:4567H         LINE#         534
  C:4575H         LINE#         536
  C:4583H         LINE#         537
  C:4590H         LINE#         538
  C:459EH         LINE#         539
  C:45ACH         LINE#         540
  C:45B1H         LINE#         542
  C:45B6H         LINE#         543
BL51 BANKED LINKER/LOCATER V6.22                                                      05/26/2020  14:34:50  PAGE 16


  C:45BBH         LINE#         544
  C:45C0H         LINE#         546
  C:45C5H         LINE#         547
  C:45CAH         LINE#         548
  C:45D8H         LINE#         549
  C:45E6H         LINE#         550
  C:45EBH         LINE#         551
  C:45F0H         LINE#         552
  C:45F5H         LINE#         553
  C:45FAH         LINE#         554
  C:45FFH         LINE#         555
  C:4604H         LINE#         557
  C:4612H         LINE#         558
  C:4620H         LINE#         559
  C:462EH         LINE#         560
  C:4633H         LINE#         561
  C:4638H         LINE#         563
  C:463DH         LINE#         564
  C:464BH         LINE#         566
  C:4659H         LINE#         567
  C:4667H         LINE#         568
  C:4675H         LINE#         569
  C:4683H         LINE#         571
  C:4691H         LINE#         572
  C:469FH         LINE#         573
  C:46ACH         LINE#         574
  C:46BAH         LINE#         575
  C:46C7H         LINE#         576
  C:46D5H         LINE#         577
  C:46E2H         LINE#         578
  C:46F0H         LINE#         579
  C:46FDH         LINE#         580
  C:4704H         LINE#         893
  C:4709H         LINE#         894
  -------         ENDPROC       TFTLCD_INIT
  C:7CF3H         SYMBOL        L?0221
  -------         PROC          L?0220
  -------         ENDPROC       L?0220
  C:7CF3H         SYMBOL        L?0221
  -------         PROC          _LCD_SET_WINDOW
  X:0071H         SYMBOL        sx
  X:0073H         SYMBOL        sy
  D:0002H         SYMBOL        width
  X:0077H         SYMBOL        height
  -------         DO            
  X:0079H         SYMBOL        x
  X:007BH         SYMBOL        y
  D:0002H         SYMBOL        xy
  -------         ENDDO         
  C:7CF8H         LINE#         901
  C:7D06H         LINE#         902
  C:7D06H         LINE#         905
  C:7D1CH         LINE#         906
  C:7D35H         LINE#         907
  C:7D3EH         LINE#         908
  C:7D44H         LINE#         909
  C:7D44H         LINE#         910
BL51 BANKED LINKER/LOCATER V6.22                                                      05/26/2020  14:34:50  PAGE 17


  C:7D55H         LINE#         911
  C:7D57H         LINE#         912
  C:7D5EH         LINE#         913
  C:7D60H         LINE#         915
  C:7D60H         LINE#         916
  C:7D72H         LINE#         917
  C:7D74H         LINE#         918
  C:7D7EH         LINE#         919
  C:7D7EH         LINE#         920
  -------         ENDPROC       _LCD_SET_WINDOW
  -------         PROC          _LCD_READPOINT
  D:0002H         SYMBOL        x
  X:034EH         SYMBOL        y
  -------         DO            
  X:0350H         SYMBOL        r
  X:0352H         SYMBOL        g
  X:0354H         SYMBOL        b
  X:0356H         SYMBOL        dat
  -------         ENDDO         
  C:829BH         LINE#         1072
  C:82A7H         LINE#         1073
  C:82A7H         LINE#         1074
  C:82B7H         LINE#         1075
  C:82DDH         LINE#         1076
  C:82F7H         LINE#         1122
  C:82FFH         LINE#         1123
  -------         ENDPROC       _LCD_READPOINT
  -------         PROC          _LCD_CLEAR
  X:0000H         SYMBOL        color
  -------         DO            
  D:0002H         SYMBOL        i
  X:0002H         SYMBOL        j
  -------         ENDDO         
  C:8041H         LINE#         1127
  C:8049H         LINE#         1128
  C:8049H         LINE#         1129
  C:804EH         LINE#         1131
  C:8078H         LINE#         1132
  C:8088H         LINE#         1133
  C:8088H         LINE#         1134
  C:80A4H         LINE#         1135
  C:80A4H         LINE#         1136
  C:80AAH         LINE#         1137
  C:80BAH         LINE#         1138
  C:80C1H         LINE#         1139
  -------         ENDPROC       _LCD_CLEAR
  -------         PROC          _LCD_FILL
  X:0022H         SYMBOL        xState
  X:0024H         SYMBOL        yState
  X:0026H         SYMBOL        xEnd
  X:0028H         SYMBOL        yEnd
  X:002AH         SYMBOL        color
  -------         DO            
  X:002CH         SYMBOL        temp
  -------         ENDDO         
  C:77E9H         LINE#         1144
  C:7801H         LINE#         1145
BL51 BANKED LINKER/LOCATER V6.22                                                      05/26/2020  14:34:50  PAGE 18


  C:7801H         LINE#         1146
  C:7808H         LINE#         1148
  C:782AH         LINE#         1149
  C:782AH         LINE#         1151
  C:782AH         LINE#         1152
  C:7845H         LINE#         1153
  C:7866H         LINE#         1154
  C:7885H         LINE#         1156
  C:7893H         LINE#         1157
  C:7893H         LINE#         1158
  C:78A2H         LINE#         1159
  C:78B0H         LINE#         1160
  C:78B0H         LINE#         1161
  C:78B6H         LINE#         1162
  C:78B8H         LINE#         1163
  C:78B8H         LINE#         1164
  -------         ENDPROC       _LCD_FILL
  -------         PROC          _LCD_COLOR_FILL
  X:024FH         SYMBOL        sx
  X:0251H         SYMBOL        sy
  D:0002H         SYMBOL        ex
  X:0255H         SYMBOL        ey
  X:0257H         SYMBOL        color
  -------         DO            
  X:025AH         SYMBOL        height
  X:025CH         SYMBOL        width
  X:025EH         SYMBOL        i
  X:0260H         SYMBOL        j
  -------         ENDDO         
  C:70AEH         LINE#         1169
  C:70BCH         LINE#         1170
  C:70BCH         LINE#         1173
  C:70D7H         LINE#         1174
  C:70F8H         LINE#         1175
  C:7115H         LINE#         1176
  C:7131H         LINE#         1177
  C:7131H         LINE#         1178
  C:714EH         LINE#         1179
  C:714EH         LINE#         1180
  C:7184H         LINE#         1181
  C:7194H         LINE#         1182
  C:71A5H         LINE#         1183
  -------         ENDPROC       _LCD_COLOR_FILL
  C:84ACH         SYMBOL        L?0212
  C:84ADH         SYMBOL        L?0213
  -------         PROC          L?0211
  -------         ENDPROC       L?0211
  C:84ACH         SYMBOL        L?0212
  C:84ADH         SYMBOL        L?0213
  -------         PROC          _LCD_DRAWPOINT
  D:0002H         SYMBOL        x
  D:0082H         SYMBOL        y
  C:84BFH         LINE#         1188
  C:84C7H         LINE#         1189
  C:84C7H         LINE#         1190
  C:84DEH         LINE#         1191
  -------         ENDPROC       _LCD_DRAWPOINT
BL51 BANKED LINKER/LOCATER V6.22                                                      05/26/2020  14:34:50  PAGE 19


  C:839AH         SYMBOL        L?0219
  -------         PROC          L?0218
  -------         ENDPROC       L?0218
  C:839AH         SYMBOL        L?0219
  -------         PROC          _LCD_DRAWFRONT_COLOR
  X:006BH         SYMBOL        x
  X:006DH         SYMBOL        y
  X:006FH         SYMBOL        color
  C:839FH         LINE#         1197
  C:83B7H         LINE#         1198
  C:83B7H         LINE#         1199
  C:83D6H         LINE#         1200
  -------         ENDPROC       _LCD_DRAWFRONT_COLOR
  -------         PROC          _LCD_DRAWBIGPOINT
  X:03A1H         SYMBOL        x
  X:03A3H         SYMBOL        y
  X:03A5H         SYMBOL        color
  C:81BDH         LINE#         1205
  C:81D1H         LINE#         1206
  C:81D1H         LINE#         1207
  C:81D4H         LINE#         1208
  C:81EDH         LINE#         1209
  C:8209H         LINE#         1210
  -------         ENDPROC       _LCD_DRAWBIGPOINT
  -------         PROC          _LCD_DRAWLINE
  X:018FH         SYMBOL        x1
  X:0191H         SYMBOL        y1
  D:0002H         SYMBOL        x2
  X:0195H         SYMBOL        y2
  -------         DO            
  X:0197H         SYMBOL        t
  X:0199H         SYMBOL        xerr
  X:019BH         SYMBOL        yerr
  X:019DH         SYMBOL        delta_x
  X:019FH         SYMBOL        delta_y
  X:01A1H         SYMBOL        distance
  X:01A3H         SYMBOL        incx
  X:01A5H         SYMBOL        incy
  X:01A7H         SYMBOL        uRow
  X:01A9H         SYMBOL        uCol
  -------         ENDDO         
  C:5640H         LINE#         1216
  C:564EH         LINE#         1217
  C:564EH         LINE#         1218
  C:5655H         LINE#         1219
  C:565DH         LINE#         1221
  C:5672H         LINE#         1222
  C:568DH         LINE#         1223
  C:569CH         LINE#         1224
  C:56A2H         LINE#         1225
  C:56BEH         LINE#         1226
  C:56CAH         LINE#         1227
  C:56DFH         LINE#         1228
  C:56FBH         LINE#         1229
  C:5707H         LINE#         1230
  C:571CH         LINE#         1231
  C:5742H         LINE#         1232
BL51 BANKED LINKER/LOCATER V6.22                                                      05/26/2020  14:34:50  PAGE 20


  C:5747H         LINE#         1233
  C:576CH         LINE#         1234
  C:576CH         LINE#         1235
  C:577DH         LINE#         1236
  C:5791H         LINE#         1237
  C:57A5H         LINE#         1238
  C:57C1H         LINE#         1239
  C:57C1H         LINE#         1240
  C:57CDH         LINE#         1241
  C:57E1H         LINE#         1242
  C:57E1H         LINE#         1243
  C:57FDH         LINE#         1244
  C:57FDH         LINE#         1245
  C:5809H         LINE#         1246
  C:581DH         LINE#         1247
  C:581DH         LINE#         1248
  C:582EH         LINE#         1249
  -------         ENDPROC       _LCD_DRAWLINE
  -------         PROC          _LCD_DRAWLINE_COLOR
  X:0135H         SYMBOL        x1
  X:0137H         SYMBOL        y1
  D:0002H         SYMBOL        x2
  X:013BH         SYMBOL        y2
  X:013DH         SYMBOL        color
  -------         DO            
  X:013FH         SYMBOL        t
  X:0141H         SYMBOL        xerr
  X:0143H         SYMBOL        yerr
  X:0145H         SYMBOL        delta_x
  X:0147H         SYMBOL        delta_y
  X:0149H         SYMBOL        distance
  X:014BH         SYMBOL        incx
  X:014DH         SYMBOL        incy
  X:014FH         SYMBOL        uRow
  X:0151H         SYMBOL        uCol
  -------         ENDDO         
  C:582FH         LINE#         1251
  C:583DH         LINE#         1252
  C:583DH         LINE#         1254
  C:5848H         LINE#         1256
  C:585DH         LINE#         1257
  C:5878H         LINE#         1258
  C:5887H         LINE#         1259
  C:588DH         LINE#         1260
  C:58A9H         LINE#         1261
  C:58B5H         LINE#         1262
  C:58CAH         LINE#         1263
  C:58E6H         LINE#         1264
  C:58F2H         LINE#         1265
  C:5907H         LINE#         1266
  C:592DH         LINE#         1267
  C:5932H         LINE#         1268
  C:5957H         LINE#         1269
  C:5957H         LINE#         1270
  C:596AH         LINE#         1271
  C:597EH         LINE#         1272
  C:5992H         LINE#         1273
BL51 BANKED LINKER/LOCATER V6.22                                                      05/26/2020  14:34:50  PAGE 21


  C:59AEH         LINE#         1274
  C:59AEH         LINE#         1275
  C:59BAH         LINE#         1276
  C:59CEH         LINE#         1277
  C:59CEH         LINE#         1278
  C:59EAH         LINE#         1279
  C:59EAH         LINE#         1280
  C:59F6H         LINE#         1281
  C:5A0AH         LINE#         1282
  C:5A0AH         LINE#         1283
  C:5A1BH         LINE#         1284
  -------         ENDPROC       _LCD_DRAWLINE_COLOR
  -------         PROC          _LCD_DROWSIGN
  X:03A7H         SYMBOL        x
  X:03A9H         SYMBOL        y
  X:03ABH         SYMBOL        color
  -------         DO            
  D:0003H         SYMBOL        i
  -------         ENDDO         
  C:763FH         LINE#         1291
  C:7657H         LINE#         1292
  C:7657H         LINE#         1296
  C:7691H         LINE#         1297
  C:7693H         LINE#         1298
  C:7693H         LINE#         1299
  C:7696H         LINE#         1300
  C:769BH         LINE#         1303
  C:76D5H         LINE#         1304
  C:76D7H         LINE#         1305
  C:76D7H         LINE#         1306
  C:76DAH         LINE#         1307
  C:76DFH         LINE#         1310
  C:770CH         LINE#         1311
  C:770EH         LINE#         1312
  C:770EH         LINE#         1313
  C:7711H         LINE#         1314
  C:7716H         LINE#         1315
  -------         ENDPROC       _LCD_DROWSIGN
  -------         PROC          _LCD_DRAWRECTANGLE
  X:0389H         SYMBOL        x1
  X:038BH         SYMBOL        y1
  X:038DH         SYMBOL        x2
  X:038FH         SYMBOL        y2
  C:7B09H         LINE#         1319
  C:7B1FH         LINE#         1320
  C:7B1FH         LINE#         1321
  C:7B3BH         LINE#         1322
  C:7B62H         LINE#         1323
  C:7B8AH         LINE#         1324
  -------         ENDPROC       _LCD_DRAWRECTANGLE
  -------         PROC          _LCD_DRAW_CIRCLE
  X:0358H         SYMBOL        x0
  X:035AH         SYMBOL        y0
  D:0003H         SYMBOL        r
  -------         DO            
  X:035CH         SYMBOL        a
  X:035EH         SYMBOL        b
BL51 BANKED LINKER/LOCATER V6.22                                                      05/26/2020  14:34:50  PAGE 22


  X:0360H         SYMBOL        di
  -------         ENDDO         
  C:5C05H         LINE#         1329
  C:5C13H         LINE#         1330
  C:5C13H         LINE#         1333
  C:5C22H         LINE#         1334
  C:5C36H         LINE#         1335
  C:5C55H         LINE#         1336
  C:5C55H         LINE#         1337
  C:5C63H         LINE#         1338
  C:5C7CH         LINE#         1339
  C:5CA7H         LINE#         1340
  C:5CD2H         LINE#         1341
  C:5CFEH         LINE#         1342
  C:5D2AH         LINE#         1343
  C:5D41H         LINE#         1344
  C:5D5CH         LINE#         1345
  C:5D6AH         LINE#         1347
  C:5D9AH         LINE#         1349
  C:5D9AH         LINE#         1350
  C:5DCBH         LINE#         1351
  C:5DD9H         LINE#         1352
  C:5DD9H         LINE#         1353
  C:5DDCH         LINE#         1354
  -------         ENDPROC       _LCD_DRAW_CIRCLE
  -------         PROC          _LCD_SHOWCHAR
  X:001BH         SYMBOL        x
  X:001DH         SYMBOL        y
  X:001FH         SYMBOL        num
  X:0020H         SYMBOL        size
  X:0021H         SYMBOL        mode
  -------         DO            
  X:0022H         SYMBOL        temp
  X:0023H         SYMBOL        t1
  D:0001H         SYMBOL        t
  X:0024H         SYMBOL        y0
  X:0026H         SYMBOL        csize
  -------         ENDDO         
  C:647AH         LINE#         1362
  C:648FH         LINE#         1363
  C:648FH         LINE#         1365
  C:6497H         LINE#         1366
  C:64BFH         LINE#         1367
  C:64C6H         LINE#         1368
  C:64D5H         LINE#         1369
  C:64D5H         LINE#         1370
  C:64EFH         LINE#         1371
  C:6505H         LINE#         1372
  C:6532H         LINE#         1374
  C:6537H         LINE#         1375
  C:6537H         LINE#         1376
  C:6551H         LINE#         1377
  C:656BH         LINE#         1378
  C:6572H         LINE#         1379
  C:6580H         LINE#         1380
  C:6596H         LINE#         1381
  C:65B2H         LINE#         1382
BL51 BANKED LINKER/LOCATER V6.22                                                      05/26/2020  14:34:50  PAGE 23


  C:65B2H         LINE#         1383
  C:65BAH         LINE#         1384
  C:65C8H         LINE#         1385
  C:65DEH         LINE#         1387
  C:65DEH         LINE#         1388
  C:65EDH         LINE#         1389
  C:65F1H         LINE#         1390
  -------         ENDPROC       _LCD_SHOWCHAR
  -------         PROC          L?0222
  -------         ENDPROC       L?0222
  -------         PROC          _LCD_POW
  X:03ADH         SYMBOL        m
  X:03AEH         SYMBOL        n
  -------         DO            
  X:03AFH         SYMBOL        result
  -------         ENDDO         
  C:8307H         LINE#         1393
  C:830FH         LINE#         1394
  C:830FH         LINE#         1395
  C:8317H         LINE#         1396
  C:8341H         LINE#         1397
  C:834FH         LINE#         1398
  -------         ENDPROC       _LCD_POW
  -------         PROC          _LCD_SHOWNUM
  X:0303H         SYMBOL        x
  X:0305H         SYMBOL        y
  X:0307H         SYMBOL        num
  X:030BH         SYMBOL        len
  X:030CH         SYMBOL        size
  -------         DO            
  X:030DH         SYMBOL        t
  X:030EH         SYMBOL        temp
  X:030FH         SYMBOL        enshow
  -------         ENDDO         
  C:7563H         LINE#         1405
  C:7571H         LINE#         1406
  C:7571H         LINE#         1408
  C:7576H         LINE#         1409
  C:758BH         LINE#         1410
  C:758BH         LINE#         1411
  C:75B5H         LINE#         1412
  C:75C8H         LINE#         1413
  C:75C8H         LINE#         1414
  C:75CCH         LINE#         1415
  C:75CCH         LINE#         1416
  C:75F6H         LINE#         1417
  C:75F8H         LINE#         1418
  C:75FEH         LINE#         1420
  C:75FEH         LINE#         1421
  C:7635H         LINE#         1422
  C:763EH         LINE#         1423
  -------         ENDPROC       _LCD_SHOWNUM
  -------         PROC          _LCD_SHOWXNUM
  X:02E7H         SYMBOL        x
  X:02E9H         SYMBOL        y
  X:02EBH         SYMBOL        num
  X:02EFH         SYMBOL        len
BL51 BANKED LINKER/LOCATER V6.22                                                      05/26/2020  14:34:50  PAGE 24


  X:02F0H         SYMBOL        size
  X:02F1H         SYMBOL        mode
  -------         DO            
  X:02F2H         SYMBOL        t
  X:02F3H         SYMBOL        temp
  X:02F4H         SYMBOL        enshow
  -------         ENDDO         
  C:6D65H         LINE#         1434
  C:6D73H         LINE#         1435
  C:6D73H         LINE#         1437
  C:6D78H         LINE#         1438
  C:6D8DH         LINE#         1439
  C:6D8DH         LINE#         1440
  C:6DB7H         LINE#         1441
  C:6DCDH         LINE#         1442
  C:6DCDH         LINE#         1443
  C:6DD1H         LINE#         1444
  C:6DD1H         LINE#         1445
  C:6E07H         LINE#         1446
  C:6E3CH         LINE#         1447
  C:6E3EH         LINE#         1448
  C:6E44H         LINE#         1450
  C:6E44H         LINE#         1451
  C:6E84H         LINE#         1452
  C:6E8DH         LINE#         1453
  -------         ENDPROC       _LCD_SHOWXNUM
  -------         PROC          _LCD_SHOWSTRING
  X:000EH         SYMBOL        x
  X:0010H         SYMBOL        y
  X:0012H         SYMBOL        width
  X:0014H         SYMBOL        height
  X:0016H         SYMBOL        size
  X:0017H         SYMBOL        p
  -------         DO            
  X:001AH         SYMBOL        x0
  -------         ENDDO         
  C:747EH         LINE#         1459
  C:7492H         LINE#         1460
  C:7492H         LINE#         1461
  C:749EH         LINE#         1462
  C:74AAH         LINE#         1463
  C:74BEH         LINE#         1464
  C:74DEH         LINE#         1465
  C:74DEH         LINE#         1466
  C:7511H         LINE#         1467
  C:7527H         LINE#         1468
  C:7541H         LINE#         1469
  C:7555H         LINE#         1470
  C:755FH         LINE#         1471
  C:7562H         LINE#         1472
  -------         ENDPROC       _LCD_SHOWSTRING
  -------         PROC          _LCD_SHOWFONTHZ
  X:0362H         SYMBOL        x
  X:0364H         SYMBOL        y
  X:0366H         SYMBOL        cn
  -------         DO            
  D:0003H         SYMBOL        i
BL51 BANKED LINKER/LOCATER V6.22                                                      05/26/2020  14:34:50  PAGE 25


  D:0002H         SYMBOL        j
  X:0369H         SYMBOL        wordNum
  X:036AH         SYMBOL        color
  -------         ENDDO         
  C:6C3AH         LINE#         1485
  C:6C51H         LINE#         1486
  C:6C51H         LINE#         1489
  C:6C64H         LINE#         1490
  C:6C64H         LINE#         1491
  C:6C9AH         LINE#         1492
  C:6CACH         LINE#         1493
  C:6CACH         LINE#         1494
  C:6CEDH         LINE#         1496
  C:6CEDH         LINE#         1498
  C:6CEEH         LINE#         1499
  C:6CEEH         LINE#         1500
  C:6D15H         LINE#         1501
  C:6D17H         LINE#         1502
  C:6D17H         LINE#         1503
  C:6D1EH         LINE#         1504
  C:6D1EH         LINE#         1505
  C:6D21H         LINE#         1506
  C:6D23H         LINE#         1508
  C:6D23H         LINE#         1509
  C:6D29H         LINE#         1510
  C:6D29H         LINE#         1511
  C:6D36H         LINE#         1512
  C:6D3BH         LINE#         1513
  C:6D40H         LINE#         1514
  C:6D40H         LINE#         1515
  C:6D49H         LINE#         1516
  C:6D53H         LINE#         1517
  C:6D61H         LINE#         1518
  C:6D64H         LINE#         1519
  -------         ENDPROC       _LCD_SHOWFONTHZ
  -------         PROC          _LCD_SHOWPICTURE
  X:023AH         SYMBOL        x
  X:023CH         SYMBOL        y
  X:023EH         SYMBOL        wide
  X:0240H         SYMBOL        high
  X:0242H         SYMBOL        pic
  -------         DO            
  X:0245H         SYMBOL        temp
  X:0247H         SYMBOL        tmp
  X:024BH         SYMBOL        num
  -------         ENDDO         
  C:6B0DH         LINE#         1573
  C:6B21H         LINE#         1574
  C:6B21H         LINE#         1575
  C:6B28H         LINE#         1576
  C:6B3AH         LINE#         1577
  C:6B81H         LINE#         1578
  C:6BA4H         LINE#         1580
  C:6BA4H         LINE#         1581
  C:6BD1H         LINE#         1582
  C:6BDAH         LINE#         1583
  C:6BF4H         LINE#         1584
BL51 BANKED LINKER/LOCATER V6.22                                                      05/26/2020  14:34:50  PAGE 26


  C:6BF7H         LINE#         1585
  C:6C14H         LINE#         1586
  C:6C14H         LINE#         1587
  C:6C39H         LINE#         1588
  -------         ENDPROC       _LCD_SHOWPICTURE
  -------         ENDMOD        TFTLCD

  -------         MODULE        TOUCH
  C:0000H         SYMBOL        _ICE_DUMMY_
  D:00A0H         PUBLIC        P2
  D:00B0H         PUBLIC        P3
  D:00A8H         PUBLIC        IE
  D:00B8H         PUBLIC        IP
  B:00A0H.0       PUBLIC        TOUCH_DOUT
  D:00D8H         PUBLIC        CCON
  X:0310H         PUBLIC        xpt_xy
  C:8561H         PUBLIC        TOUCH_SPI_Read
  D:0098H         PUBLIC        SCON
  D:0088H         PUBLIC        TCON
  C:617EH         PUBLIC        _TOUCH_XPT_ReadData
  B:00A0H.1       PUBLIC        TOUCH_CLK
  C:86C8H         PUBLIC        _TOUCH_SPI_Write
  B:00A0H.2       PUBLIC        TOUCH_DIN
  C:87BAH         PUBLIC        TOUCH_SPI_Start
  C:69CDH         PUBLIC        TOUCH_Scan
  C:6E8EH         PUBLIC        TOUCH_XPT_ReadXY
  D:00D0H         PUBLIC        PSW
  B:00A0H.3       PUBLIC        TOUCH_CS
  -------         PROC          TOUCH_SPI_START
  C:87BAH         LINE#         9
  C:87BAH         LINE#         10
  C:87BAH         LINE#         11
  C:87BCH         LINE#         12
  C:87BEH         LINE#         13
  C:87C0H         LINE#         14
  C:87C2H         LINE#         15
  C:87C4H         LINE#         16
  -------         ENDPROC       TOUCH_SPI_START
  -------         PROC          _TOUCH_SPI_WRITE
  D:0007H         SYMBOL        dat
  -------         DO            
  D:0006H         SYMBOL        i
  -------         ENDDO         
  C:86C8H         LINE#         18
  C:86C8H         LINE#         19
  C:86C8H         LINE#         21
  C:86CAH         LINE#         22
  C:86CCH         LINE#         23
  C:86CCH         LINE#         24
  C:86D7H         LINE#         25
  C:86DBH         LINE#         26
  C:86DDH         LINE#         28
  C:86DFH         LINE#         30
  C:86E4H         LINE#         31
  -------         ENDPROC       _TOUCH_SPI_WRITE
  -------         PROC          TOUCH_SPI_READ
  -------         DO            
BL51 BANKED LINKER/LOCATER V6.22                                                      05/26/2020  14:34:50  PAGE 27


  D:0004H         SYMBOL        i
  X:03C9H         SYMBOL        dat
  -------         ENDDO         
  C:8561H         LINE#         33
  C:8561H         LINE#         34
  C:8561H         LINE#         35
  C:8568H         LINE#         36
  C:856AH         LINE#         37
  C:856CH         LINE#         38
  C:856CH         LINE#         39
  C:8579H         LINE#         41
  C:857BH         LINE#         42
  C:857DH         LINE#         44
  C:8588H         LINE#         46
  C:8593H         LINE#         47
  C:859BH         LINE#         48
  -------         ENDPROC       TOUCH_SPI_READ
  -------         PROC          L?0046
  -------         ENDPROC       L?0046
  -------         PROC          _TOUCH_XPT_READDATA
  D:0003H         SYMBOL        cmd
  -------         DO            
  X:01ABH         SYMBOL        i
  X:01ACH         SYMBOL        j
  X:01ADH         SYMBOL        readValue
  X:01C1H         SYMBOL        endValue
  -------         ENDDO         
  C:617EH         LINE#         52
  C:6180H         LINE#         53
  C:6180H         LINE#         58
  C:6182H         LINE#         59
  C:6184H         LINE#         61
  C:6189H         LINE#         62
  C:6189H         LINE#         63
  C:618EH         LINE#         65
  C:619DH         LINE#         66
  C:619FH         LINE#         67
  C:61A0H         LINE#         68
  C:61A1H         LINE#         69
  C:61A3H         LINE#         70
  C:61A4H         LINE#         71
  C:61A5H         LINE#         73
  C:61BCH         LINE#         74
  C:61C8H         LINE#         75
  C:61CAH         LINE#         79
  C:61DCH         LINE#         80
  C:61DCH         LINE#         81
  C:61EDH         LINE#         82
  C:61EDH         LINE#         83
  C:6218H         LINE#         84
  C:6218H         LINE#         85
  C:6232H         LINE#         86
  C:6258H         LINE#         87
  C:6273H         LINE#         88
  C:6273H         LINE#         89
  C:627CH         LINE#         90
  C:6285H         LINE#         95
BL51 BANKED LINKER/LOCATER V6.22                                                      05/26/2020  14:34:50  PAGE 28


  C:628FH         LINE#         96
  C:6295H         LINE#         97
  C:6295H         LINE#         98
  C:62CCH         LINE#         99
  C:62D6H         LINE#         100
  C:62F3H         LINE#         102
  C:62FDH         LINE#         103
  -------         ENDPROC       _TOUCH_XPT_READDATA
  -------         PROC          TOUCH_XPT_READXY
  -------         DO            
  X:036CH         SYMBOL        x1
  X:036EH         SYMBOL        x2
  X:0370H         SYMBOL        x
  X:0372H         SYMBOL        y1
  D:0004H         SYMBOL        y2
  X:0374H         SYMBOL        y
  -------         ENDDO         
  C:6E8EH         LINE#         107
  C:6E8EH         LINE#         108
  C:6E8EH         LINE#         111
  C:6E91H         LINE#         113
  C:6E99H         LINE#         114
  C:6EA4H         LINE#         115
  C:6EACH         LINE#         116
  C:6EB3H         LINE#         120
  C:6EC9H         LINE#         121
  C:6EC9H         LINE#         122
  C:6ED1H         LINE#         123
  C:6ED3H         LINE#         125
  C:6ED3H         LINE#         126
  C:6EEEH         LINE#         127
  C:6EEEH         LINE#         130
  C:6EFCH         LINE#         131
  C:6EFCH         LINE#         132
  C:6F01H         LINE#         133
  C:6F03H         LINE#         135
  C:6F03H         LINE#         136
  C:6F16H         LINE#         137
  C:6F16H         LINE#         140
  C:6F33H         LINE#         141
  C:6F33H         LINE#         142
  C:6F36H         LINE#         143
  C:6F36H         LINE#         146
  C:6F57H         LINE#         147
  C:6F70H         LINE#         149
  C:6F77H         LINE#         150
  C:6F7EH         LINE#         153
  C:6F9CH         LINE#         154
  C:6F9CH         LINE#         155
  C:6F9FH         LINE#         156
  C:6F9FH         LINE#         158
  C:6FA1H         LINE#         159
  -------         ENDPROC       TOUCH_XPT_READXY
  -------         PROC          TOUCH_SCAN
  -------         DO            
  X:03B9H         SYMBOL        res
  X:03BAH         SYMBOL        temp
BL51 BANKED LINKER/LOCATER V6.22                                                      05/26/2020  14:34:50  PAGE 29


  -------         ENDDO         
  C:69CDH         LINE#         163
  C:69CDH         LINE#         164
  C:69CDH         LINE#         165
  C:69D2H         LINE#         168
  C:69DBH         LINE#         169
  C:69DBH         LINE#         172
  C:69E4H         LINE#         173
  C:69E4H         LINE#         175
  C:69F5H         LINE#         176
  C:6A2AH         LINE#         177
  C:6A3BH         LINE#         178
  C:6A65H         LINE#         216
  C:6A68H         LINE#         218
  C:6A68H         LINE#         220
  C:6A7FH         LINE#         221
  C:6AB4H         LINE#         222
  C:6AC5H         LINE#         223
  C:6AFAH         LINE#         261
  C:6AFAH         LINE#         278
  C:6B00H         LINE#         279
  C:6B00H         LINE#         280
  C:6B02H         LINE#         282
  C:6B07H         LINE#         283
  C:6B0CH         LINE#         284
  -------         ENDPROC       TOUCH_SCAN
  -------         ENDMOD        TOUCH

  -------         MODULE        XPT2046
  C:0000H         SYMBOL        _ICE_DUMMY_
  D:00B0H         PUBLIC        P3
  D:00A8H         PUBLIC        IE
  B:00B0H.6       PUBLIC        CS
  D:00B8H         PUBLIC        IP
  D:00D8H         PUBLIC        CCON
  D:0098H         PUBLIC        SCON
  D:0088H         PUBLIC        TCON
  B:00B0H.4       PUBLIC        DOUT
  C:8736H         PUBLIC        _Read_AD_Data
  C:859CH         PUBLIC        SPI_Read
  B:00B0H.7       PUBLIC        CLK
  C:86E5H         PUBLIC        _SPI_Write
  B:00B0H.5       PUBLIC        DIN
  D:00D0H         PUBLIC        PSW
  -------         PROC          _SPI_WRITE
  D:0007H         SYMBOL        dat
  -------         DO            
  D:0006H         SYMBOL        i
  -------         ENDDO         
  C:86E5H         LINE#         10
  C:86E5H         LINE#         11
  C:86E5H         LINE#         13
  C:86E7H         LINE#         14
  C:86E9H         LINE#         15
  C:86E9H         LINE#         16
  C:86F4H         LINE#         17
  C:86F8H         LINE#         18
BL51 BANKED LINKER/LOCATER V6.22                                                      05/26/2020  14:34:50  PAGE 30


  C:86FAH         LINE#         20
  C:86FCH         LINE#         22
  C:8701H         LINE#         23
  -------         ENDPROC       _SPI_WRITE
  -------         PROC          SPI_READ
  -------         DO            
  D:0004H         SYMBOL        i
  X:000EH         SYMBOL        dat
  -------         ENDDO         
  C:859CH         LINE#         31
  C:859CH         LINE#         32
  C:859CH         LINE#         33
  C:85A3H         LINE#         34
  C:85A5H         LINE#         35
  C:85A7H         LINE#         36
  C:85A7H         LINE#         37
  C:85B4H         LINE#         39
  C:85B6H         LINE#         40
  C:85B8H         LINE#         42
  C:85C3H         LINE#         44
  C:85CEH         LINE#         45
  C:85D6H         LINE#         46
  -------         ENDPROC       SPI_READ
  -------         PROC          _READ_AD_DATA
  D:0007H         SYMBOL        cmd
  -------         DO            
  D:0007H         SYMBOL        i
  D:0006H         SYMBOL        AD_Value
  -------         ENDDO         
  C:8736H         LINE#         54
  C:8736H         LINE#         55
  C:8736H         LINE#         58
  C:8738H         LINE#         59
  C:873AH         LINE#         60
  C:873DH         LINE#         61
  C:8741H         LINE#         62
  C:8743H         LINE#         63
  C:8744H         LINE#         64
  C:8745H         LINE#         65
  C:8747H         LINE#         66
  C:8748H         LINE#         67
  C:8749H         LINE#         68
  C:874CH         LINE#         69
  C:874EH         LINE#         70
  C:874EH         LINE#         71
  -------         ENDPROC       _READ_AD_DATA
  -------         ENDMOD        XPT2046

  -------         MODULE        GUI
  C:0000H         SYMBOL        _ICE_DUMMY_
  C:8350H         PUBLIC        _gui_pow
  D:00A0H         PUBLIC        P2
  D:00B0H         PUBLIC        P3
  C:7BB3H         PUBLIC        _gui_num2str
  C:4BC3H         PUBLIC        _gui_show_ptstr
  D:00A8H         PUBLIC        IE
  C:62FEH         PUBLIC        _gui_get_stringline
BL51 BANKED LINKER/LOCATER V6.22                                                      05/26/2020  14:34:50  PAGE 31


  D:00B8H         PUBLIC        IP
  C:729DH         PUBLIC        _gui_draw_bigpoint
  C:5FB4H         PUBLIC        _gui_show_num
  C:8230H         PUBLIC        _gui_disabs
  C:4714H         PUBLIC        _gui_fill_ellipse
  D:00D8H         PUBLIC        CCON
  C:3C3AH         PUBLIC        _gui_fill_circle
  C:346CH         PUBLIC        _gui_draw_ellipse
  C:24E5H         PUBLIC        _gui_draw_arcrectangle
  D:0098H         PUBLIC        SCON
  C:71A6H         PUBLIC        _gui_alphablend_area
  D:0088H         PUBLIC        TCON
  C:7391H         PUBLIC        _gui_alpha_blend565
  C:84E9H         PUBLIC        _gui_rgb332torgb565
  C:65F2H         PUBLIC        _gui_show_strmidex
  C:7A80H         PUBLIC        _gui_draw_expoint
  C:502FH         PUBLIC        _gui_show_stringex
  C:424BH         PUBLIC        _gui_draw_bline
  C:5A1CH         PUBLIC        _gui_smooth_color
  C:8142H         PUBLIC        _gui_draw_hline
  C:4975H         PUBLIC        _gui_show_ptchar
  C:7C72H         PUBLIC        _gui_draw_vline
  C:80C2H         PUBLIC        _gui_color_chg
  C:673EH         PUBLIC        _gui_show_strmid
  C:6886H         PUBLIC        _gui_fill_colorblock
  C:544DH         PUBLIC        _gui_draw_line
  C:8525H         PUBLIC        _gui_draw_point
  C:7981H         PUBLIC        _gui_num2strex
  C:3FFDH         PUBLIC        _gui_draw_circle8
  C:4E09H         PUBLIC        _gui_show_string
  C:7F44H         PUBLIC        _gui_fill_rectangle
  C:5DF9H         PUBLIC        _gui_draw_arc
  C:6FA2H         PUBLIC        _gui_draw_smooth_rectangle
  C:78B9H         PUBLIC        _gui_draw_rectangle
  C:3870H         PUBLIC        _gui_draw_bline1
  D:00D0H         PUBLIC        PSW
  C:7717H         PUBLIC        _gui_show_ptstrwhiterim
  -------         PROC          _GUI_COLOR_CHG
  X:0391H         SYMBOL        rgb
  -------         DO            
  X:0395H         SYMBOL        r
  X:0397H         SYMBOL        g
  D:0004H         SYMBOL        b
  -------         ENDDO         
  C:80C2H         LINE#         15
  C:80C8H         LINE#         16
  C:80C8H         LINE#         18
  C:80E1H         LINE#         19
  C:8100H         LINE#         20
  C:811BH         LINE#         21
  C:8141H         LINE#         22
  -------         ENDPROC       _GUI_COLOR_CHG
  -------         PROC          _GUI_RGB332TORGB565
  D:0004H         SYMBOL        rgb332
  -------         DO            
  D:0002H         SYMBOL        rgb565
  -------         ENDDO         
BL51 BANKED LINKER/LOCATER V6.22                                                      05/26/2020  14:34:50  PAGE 32


  C:84E9H         LINE#         26
  C:84EDH         LINE#         27
  C:84EDH         LINE#         28
  C:84F1H         LINE#         29
  C:8506H         LINE#         30
  C:851BH         LINE#         31
  C:8521H         LINE#         32
  C:8524H         LINE#         33
  -------         ENDPROC       _GUI_RGB332TORGB565
  -------         PROC          _GUI_POW
  X:03B3H         SYMBOL        m
  X:03B4H         SYMBOL        n
  -------         DO            
  X:03B5H         SYMBOL        result
  -------         ENDDO         
  C:8350H         LINE#         35
  C:8358H         LINE#         36
  C:8358H         LINE#         37
  C:8360H         LINE#         38
  C:838AH         LINE#         39
  C:8398H         LINE#         40
  -------         ENDPROC       _GUI_POW
  -------         PROC          _GUI_DISABS
  X:0399H         SYMBOL        x1
  X:039DH         SYMBOL        x2
  C:8230H         LINE#         42
  C:8236H         LINE#         43
  C:8236H         LINE#         44
  C:829AH         LINE#         45
  -------         ENDPROC       _GUI_DISABS
  -------         PROC          _GUI_DRAW_POINT
  X:03C2H         SYMBOL        x0
  D:0004H         SYMBOL        y0
  D:0002H         SYMBOL        color
  -------         DO            
  X:03C4H         SYMBOL        tempcolor
  -------         ENDDO         
  C:8525H         LINE#         51
  C:852DH         LINE#         52
  C:852DH         LINE#         53
  C:853CH         LINE#         54
  C:8546H         LINE#         55
  C:8551H         LINE#         56
  C:8560H         LINE#         57
  -------         ENDPROC       _GUI_DRAW_POINT
  -------         PROC          _GUI_ALPHABLEND_AREA
  X:0298H         SYMBOL        x
  X:029AH         SYMBOL        y
  X:029CH         SYMBOL        width
  X:029EH         SYMBOL        height
  X:02A0H         SYMBOL        color
  X:02A2H         SYMBOL        aval
  -------         DO            
  X:02A3H         SYMBOL        i
  X:02A5H         SYMBOL        j
  X:02A7H         SYMBOL        tempcolor
  -------         ENDDO         
BL51 BANKED LINKER/LOCATER V6.22                                                      05/26/2020  14:34:50  PAGE 33


  C:71A6H         LINE#         63
  C:71BAH         LINE#         64
  C:71BAH         LINE#         67
  C:71D9H         LINE#         68
  C:71D9H         LINE#         69
  C:71F8H         LINE#         70
  C:71F8H         LINE#         71
  C:722BH         LINE#         72
  C:7241H         LINE#         73
  C:7274H         LINE#         74
  C:7288H         LINE#         75
  C:729CH         LINE#         76
  -------         ENDPROC       _GUI_ALPHABLEND_AREA
  -------         PROC          _GUI_DRAW_BIGPOINT
  X:005DH         SYMBOL        x0
  X:005FH         SYMBOL        y0
  X:0061H         SYMBOL        color
  -------         DO            
  X:0063H         SYMBOL        i
  X:0065H         SYMBOL        j
  X:0067H         SYMBOL        x
  X:0069H         SYMBOL        y
  -------         ENDDO         
  C:729DH         LINE#         82
  C:72B3H         LINE#         83
  C:72B3H         LINE#         86
  C:72CEH         LINE#         87
  C:72DDH         LINE#         88
  C:72F9H         LINE#         89
  C:7308H         LINE#         90
  C:7332H         LINE#         91
  C:7332H         LINE#         92
  C:7380H         LINE#         93
[...]
  D:0007H         SYMBOL        temp
  X:0388H         SYMBOL        enrec
  -------         ENDDO         
  C:7BB3H         LINE#         672
  C:7BC2H         LINE#         673
  C:7BC2H         LINE#         675
  C:7BC7H         LINE#         676
  C:7BD5H         LINE#         677
  C:7BD5H         LINE#         678
  C:7C03H         LINE#         679
  C:7C12H         LINE#         680
  C:7C12H         LINE#         681
  C:7C17H         LINE#         682
  C:7C1DH         LINE#         683
  C:7C1DH         LINE#         684
  C:7C30H         LINE#         685
  C:7C3AH         LINE#         686
  C:7C42H         LINE#         687
  C:7C51H         LINE#         688
  C:7C5CH         LINE#         689
  -------         ENDPROC       _GUI_NUM2STR
  -------         PROC          _GUI_NUM2STREX
  X:032AH         SYMBOL        n
  X:032CH         SYMBOL        str
  -------         DO            
  D:0003H         SYMBOL        i
  X:032FH         SYMBOL        j
  X:0330H         SYMBOL        k
  X:0331H         SYMBOL        s
  -------         ENDDO         
  C:7981H         LINE#         694
  C:7992H         LINE#         695
  C:7992H         LINE#         696
  C:7998H         LINE#         700
  C:7998H         LINE#         701
BL51 BANKED LINKER/LOCATER V6.22                                                      05/26/2020  14:34:50  PAGE 47


  C:79C0H         LINE#         702
  C:79C0H         LINE#         703
  C:79E1H         LINE#         704
  C:79F5H         LINE#         705
  C:7A2DH         LINE#         706
  -------         ENDPROC       _GUI_NUM2STREX
  -------         PROC          _GUI_SHOW_PTSTR
  X:0031H         SYMBOL        x
  X:0033H         SYMBOL        y
  X:0035H         SYMBOL        xend
  X:0037H         SYMBOL        yend
  X:0039H         SYMBOL        offset
  X:003BH         SYMBOL        color
  X:003DH         SYMBOL        size
  X:003EH         SYMBOL        str
  X:0041H         SYMBOL        mode
  -------         DO            
  X:0042H         SYMBOL        bHz
  X:0043H         SYMBOL        EnDisp
  -------         ENDDO         
  C:4BC3H         LINE#         717
  C:4BD7H         LINE#         718
  C:4BD7H         LINE#         719
  C:4BDCH         LINE#         720
  C:4BDEH         LINE#         721
  C:4BF2H         LINE#         722
  C:4BF2H         LINE#         723
  C:4BFBH         LINE#         724
  C:4BFBH         LINE#         725
  C:4C06H         LINE#         727
  C:4C06H         LINE#         728
  C:4C0CH         LINE#         729
  C:4C0CH         LINE#         730
  C:4C23H         LINE#         731
  C:4C23H         LINE#         732
  C:4C30H         LINE#         733
  C:4C32H         LINE#         734
  C:4C32H         LINE#         735
  C:4C49H         LINE#         736
  C:4C4FH         LINE#         737
  C:4C4FH         LINE#         738
  C:4C4FH         LINE#         739
  C:4C5AH         LINE#         740
  C:4C5AH         LINE#         741
  C:4CC2H         LINE#         742
  C:4CF5H         LINE#         743
  C:4CFDH         LINE#         744
  C:4D08H         LINE#         745
  C:4D08H         LINE#         746
  C:4D15H         LINE#         747
  C:4D1CH         LINE#         748
  C:4D1CH         LINE#         749
  C:4D1CH         LINE#         750
  C:4D34H         LINE#         751
  C:4D3BH         LINE#         752
  C:4D3BH         LINE#         753
  C:4D3EH         LINE#         754
BL51 BANKED LINKER/LOCATER V6.22                                                      05/26/2020  14:34:50  PAGE 48


  C:4D3EH         LINE#         755
  C:4D43H         LINE#         756
  C:4D47H         LINE#         757
  C:4D47H         LINE#         758
  C:4D5CH         LINE#         759
  C:4D5CH         LINE#         760
  C:4D69H         LINE#         761
  C:4D6BH         LINE#         762
  C:4D6BH         LINE#         763
  C:4D82H         LINE#         764
  C:4D88H         LINE#         765
  C:4D88H         LINE#         766
  C:4D88H         LINE#         767
  C:4D8EH         LINE#         768
  C:4D8EH         LINE#         770
  C:4DBFH         LINE#         771
  C:4DC7H         LINE#         772
  C:4DD2H         LINE#         773
  C:4DD2H         LINE#         774
  C:4DDFH         LINE#         775
  C:4DE6H         LINE#         776
  C:4DE6H         LINE#         777
  C:4DE6H         LINE#         778
  C:4DFBH         LINE#         779
  C:4E05H         LINE#         780
  C:4E05H         LINE#         781
  C:4E08H         LINE#         782
  -------         ENDPROC       _GUI_SHOW_PTSTR
  -------         PROC          _GUI_SHOW_PTSTRWHITERIM
  X:0286H         SYMBOL        x
  X:0288H         SYMBOL        y
  X:028AH         SYMBOL        xend
  X:028CH         SYMBOL        yend
  X:028EH         SYMBOL        offset
  X:0290H         SYMBOL        color
  X:0292H         SYMBOL        rimcolor
  X:0294H         SYMBOL        size
  X:0295H         SYMBOL        str
  C:7717H         LINE#         792
  C:772BH         LINE#         793
  C:772BH         LINE#         794
  C:7782H         LINE#         795
  -------         ENDPROC       _GUI_SHOW_PTSTRWHITERIM
  -------         PROC          _GUI_GET_STRINGLINE
  X:0337H         SYMBOL        str
  X:033AH         SYMBOL        linelenth
  X:033CH         SYMBOL        font
  -------         DO            
  X:033DH         SYMBOL        xpos
  X:033FH         SYMBOL        lincnt
  -------         ENDDO         
  C:62FEH         LINE#         803
  C:6311H         LINE#         804
  C:6311H         LINE#         805
  C:6318H         LINE#         806
  C:6320H         LINE#         807
  C:6336H         LINE#         808
BL51 BANKED LINKER/LOCATER V6.22                                                      05/26/2020  14:34:50  PAGE 49


  C:6366H         LINE#         809
  C:6366H         LINE#         810
  C:6386H         LINE#         811
  C:6386H         LINE#         812
  C:6395H         LINE#         813
  C:639CH         LINE#         814
  C:63BBH         LINE#         815
  C:63C2H         LINE#         816
  C:63D8H         LINE#         817
  C:63D8H         LINE#         818
  C:63EBH         LINE#         819
  C:63F5H         LINE#         820
  C:640DH         LINE#         821
  C:640DH         LINE#         822
  C:640DH         LINE#         823
  C:640DH         LINE#         824
  C:640DH         LINE#         825
  C:640FH         LINE#         826
  C:640FH         LINE#         827
  C:6424H         LINE#         828
  C:642EH         LINE#         829
  C:6446H         LINE#         830
  C:6446H         LINE#         831
  C:644BH         LINE#         832
  C:6468H         LINE#         833
  C:6468H         LINE#         834
  C:6468H         LINE#         835
  C:646BH         LINE#         836
  C:6479H         LINE#         837
  -------         ENDPROC       _GUI_GET_STRINGLINE
  -------         PROC          _GUI_SHOW_STRING
  X:0224H         SYMBOL        str
  X:0227H         SYMBOL        x
  X:0229H         SYMBOL        y
  X:022BH         SYMBOL        width
  X:022DH         SYMBOL        height
  X:022FH         SYMBOL        font
  X:0230H         SYMBOL        fcolor
  -------         DO            
  X:0232H         SYMBOL        xpos
  X:0234H         SYMBOL        ypos
  X:0236H         SYMBOL        endx
  X:0238H         SYMBOL        endy
  -------         ENDDO         
  C:4E09H         LINE#         844
  C:4E1AH         LINE#         845
  C:4E1AH         LINE#         846
  C:4E2AH         LINE#         847
  C:4E3AH         LINE#         848
  C:4E54H         LINE#         849
  C:4E6EH         LINE#         850
  C:4E86H         LINE#         851
  C:4E99H         LINE#         852
  C:4E99H         LINE#         853
  C:4EADH         LINE#         854
  C:4EADH         LINE#         855
  C:4EBCH         LINE#         856
BL51 BANKED LINKER/LOCATER V6.22                                                      05/26/2020  14:34:50  PAGE 50


  C:4EC3H         LINE#         857
  C:4ED2H         LINE#         858
  C:4EE4H         LINE#         859
  C:4EF8H         LINE#         860
  C:4EF8H         LINE#         861
  C:4F20H         LINE#         862
  C:4F20H         LINE#         863
  C:4F2FH         LINE#         864
  C:4F3BH         LINE#         865
  C:4F3BH         LINE#         867
  C:4F4DH         LINE#         868
  C:4F54H         LINE#         870
  C:4F57H         LINE#         871
  C:4F57H         LINE#         872
  C:4F81H         LINE#         873
  C:4F81H         LINE#         874
  C:4F90H         LINE#         875
  C:4F9DH         LINE#         876
  C:4F9DH         LINE#         877
  C:4FF7H         LINE#         878
  C:500BH         LINE#         879
  C:5015H         LINE#         880
  C:5015H         LINE#         881
  C:502EH         LINE#         883
  -------         ENDPROC       _GUI_SHOW_STRING
  -------         PROC          _GUI_SHOW_STRINGEX
  X:020DH         SYMBOL        x
  X:020FH         SYMBOL        y
  D:0002H         SYMBOL        width
  X:0213H         SYMBOL        height
  X:0215H         SYMBOL        fcolor
  X:0217H         SYMBOL        font
  X:0218H         SYMBOL        str
  X:021BH         SYMBOL        mode
  -------         DO            
  X:021CH         SYMBOL        xpos
  X:021EH         SYMBOL        ypos
  X:0220H         SYMBOL        endx
  X:0222H         SYMBOL        endy
  -------         ENDDO         
  C:502FH         LINE#         891
  C:503DH         LINE#         892
  C:503DH         LINE#         893
  C:504DH         LINE#         894
  C:505CH         LINE#         895
  C:506CH         LINE#         896
  C:508CH         LINE#         897
  C:509EH         LINE#         898
  C:50B1H         LINE#         899
  C:50B1H         LINE#         900
  C:50C5H         LINE#         901
  C:50C5H         LINE#         902
  C:50D4H         LINE#         903
  C:50DBH         LINE#         904
  C:50EAH         LINE#         905
  C:50FCH         LINE#         906
  C:5110H         LINE#         907
BL51 BANKED LINKER/LOCATER V6.22                                                      05/26/2020  14:34:50  PAGE 51


  C:5110H         LINE#         908
  C:5138H         LINE#         909
  C:5138H         LINE#         910
  C:5147H         LINE#         911
  C:5153H         LINE#         912
  C:5153H         LINE#         914
  C:5165H         LINE#         915
  C:516CH         LINE#         917
  C:516FH         LINE#         918
  C:516FH         LINE#         919
  C:5199H         LINE#         920
  C:5199H         LINE#         921
  C:51A8H         LINE#         922
  C:51B5H         LINE#         923
  C:51B5H         LINE#         924
  C:5213H         LINE#         925
  C:5227H         LINE#         926
  C:5231H         LINE#         927
  C:5231H         LINE#         928
  C:524AH         LINE#         930
  -------         ENDPROC       _GUI_SHOW_STRINGEX
  -------         ENDMOD        GUI

  -------         MODULE        ?C?FPMUL
  C:1C19H         PUBLIC        ?C?FPMUL
  -------         ENDMOD        ?C?FPMUL

  -------         MODULE        ?C?FPDIV
  C:1D22H         PUBLIC        ?C?FPDIV
  -------         ENDMOD        ?C?FPDIV

  -------         MODULE        ?C?FCAST
  C:1DC9H         PUBLIC        ?C?FCASTC
  C:1DC4H         PUBLIC        ?C?FCASTI
  C:1DBFH         PUBLIC        ?C?FCASTL
  -------         ENDMOD        ?C?FCAST

  -------         MODULE        ?C?CASTF
  C:1DFDH         PUBLIC        ?C?CASTF
  -------         ENDMOD        ?C?CASTF

  -------         MODULE        PRINTF
  X:0000H         PUBLIC        ?_PRINTF?BYTE
  X:0000H         PUBLIC        ?_SPRINTF?BYTE
  C:2C03H         PUBLIC        _PRINTF
  C:2BFDH         PUBLIC        _SPRINTF
  -------         ENDMOD        PRINTF

  -------         MODULE        ?C?FPROUND
  C:1E7EH         PUBLIC        ?C?FPROUND
  -------         ENDMOD        ?C?FPROUND

  -------         MODULE        ?C?FPCONVERT
  C:1EBBH         PUBLIC        ?C?FPCONVERT
  -------         ENDMOD        ?C?FPCONVERT

  -------         MODULE        ?C?FPADD
BL51 BANKED LINKER/LOCATER V6.22                                                      05/26/2020  14:34:50  PAGE 52


  C:1FC7H         PUBLIC        ?C?FPADD
  C:1FC3H         PUBLIC        ?C?FPSUB
  -------         ENDMOD        ?C?FPADD

  -------         MODULE        ?C?FTNPWR
  C:20E8H         PUBLIC        ?C?FTNPWR
  -------         ENDMOD        ?C?FTNPWR

  -------         MODULE        ?C?CLDPTR
  C:2128H         PUBLIC        ?C?CLDPTR
  -------         ENDMOD        ?C?CLDPTR

  -------         MODULE        ?C?CLDOPTR
  C:2141H         PUBLIC        ?C?CLDOPTR
  -------         ENDMOD        ?C?CLDOPTR

  -------         MODULE        ?C?CSTPTR
  C:216EH         PUBLIC        ?C?CSTPTR
  -------         ENDMOD        ?C?CSTPTR

  -------         MODULE        ?C?CSTOPTR
  C:2180H         PUBLIC        ?C?CSTOPTR
  -------         ENDMOD        ?C?CSTOPTR

  -------         MODULE        ?C?IMUL
  C:21A2H         PUBLIC        ?C?IMUL
  -------         ENDMOD        ?C?IMUL

  -------         MODULE        ?C?UIDIV
  C:21B4H         PUBLIC        ?C?UIDIV
  -------         ENDMOD        ?C?UIDIV

  -------         MODULE        ?C?SIDIV
  C:2209H         PUBLIC        ?C?SIDIV
  -------         ENDMOD        ?C?SIDIV

  -------         MODULE        ?C?IILDX
  C:223FH         PUBLIC        ?C?IILDX
  -------         ENDMOD        ?C?IILDX

  -------         MODULE        ?C?ILDIX
  C:2255H         PUBLIC        ?C?ILDIX
  -------         ENDMOD        ?C?ILDIX

  -------         MODULE        ?C?ILDOPTR
  C:226BH         PUBLIC        ?C?ILDOPTR
  -------         ENDMOD        ?C?ILDOPTR

  -------         MODULE        ?C?ISTOPTR
  C:22A3H         PUBLIC        ?C?ISTOPTR
  -------         ENDMOD        ?C?ISTOPTR

  -------         MODULE        ?C?LMUL
  C:22D0H         PUBLIC        ?C?LMUL
  -------         ENDMOD        ?C?LMUL

  -------         MODULE        ?C?ULDIV
BL51 BANKED LINKER/LOCATER V6.22                                                      05/26/2020  14:34:50  PAGE 53


  C:235BH         PUBLIC        ?C?ULDIV
  -------         ENDMOD        ?C?ULDIV

  -------         MODULE        ?C?SLDIV
  C:8425H         PUBLIC        ?C?SLDIV
  -------         ENDMOD        ?C?SLDIV

  -------         MODULE        ?C?LNEG
  C:23EDH         PUBLIC        ?C?LNEG
  -------         ENDMOD        ?C?LNEG

  -------         MODULE        ?C?SLCMP
  C:23FBH         PUBLIC        ?C?SLCMP
  -------         ENDMOD        ?C?SLCMP

  -------         MODULE        ?C?ULCMP
  C:2411H         PUBLIC        ?C?ULCMP
  -------         ENDMOD        ?C?ULCMP

  -------         MODULE        ?C?ULSHR
  C:2422H         PUBLIC        ?C?ULSHR
  -------         ENDMOD        ?C?ULSHR

  -------         MODULE        ?C?LSTXDATA
  C:2435H         PUBLIC        ?C?LSTXDATA
  -------         ENDMOD        ?C?LSTXDATA

  -------         MODULE        ?C?LSTKXDATA
  C:2441H         PUBLIC        ?C?LSTKXDATA
  -------         ENDMOD        ?C?LSTKXDATA

  -------         MODULE        ?C?PLDIXDATA
  C:2472H         PUBLIC        ?C?PLDIXDATA
  -------         ENDMOD        ?C?PLDIXDATA

  -------         MODULE        ?C?PSTXDATA
  C:2489H         PUBLIC        ?C?PSTXDATA
  -------         ENDMOD        ?C?PSTXDATA

  -------         MODULE        ?C?CCASE
  C:2492H         PUBLIC        ?C?CCASE
  -------         ENDMOD        ?C?CCASE

  -------         MODULE        ?C?LIMUL
  C:24B8H         PUBLIC        ?C?LIMUL
  -------         ENDMOD        ?C?LIMUL

  -------         MODULE        PUTCHAR
  C:8639H         PUBLIC        _PUTCHAR
  -------         ENDMOD        PUTCHAR

  -------         MODULE        STRLEN
  C:8765H         PUBLIC        _STRLEN
  -------         ENDMOD        STRLEN

*** WARNING L16: UNCALLED SEGMENT, IGNORED FOR OVERLAY PROCESS
    SEGMENT: ?PR?_EDIT_SHOWNUM?MAIN
BL51 BANKED LINKER/LOCATER V6.22                                                      05/26/2020  14:34:50  PAGE 54



*** WARNING L16: UNCALLED SEGMENT, IGNORED FOR OVERLAY PROCESS
    SEGMENT: ?PR?_DELAY_US?PUBLIC

*** WARNING L16: UNCALLED SEGMENT, IGNORED FOR OVERLAY PROCESS
    SEGMENT: ?PR?_UART_CMD?UART

*** WARNING L16: UNCALLED SEGMENT, IGNORED FOR OVERLAY PROCESS
    SEGMENT: ?PR?_UART_SENDSTRING?UART

*** WARNING L16: UNCALLED SEGMENT, IGNORED FOR OVERLAY PROCESS
    SEGMENT: ?PR?_DELAY?TFTLCD

*** WARNING L16: UNCALLED SEGMENT, IGNORED FOR OVERLAY PROCESS
    SEGMENT: ?PR?_LCD_COLOR_FILL?TFTLCD

*** WARNING L16: UNCALLED SEGMENT, IGNORED FOR OVERLAY PROCESS
    SEGMENT: ?PR?_LCD_DRAWBIGPOINT?TFTLCD

*** WARNING L16: UNCALLED SEGMENT, IGNORED FOR OVERLAY PROCESS
    SEGMENT: ?PR?_LCD_DRAWLINE_COLOR?TFTLCD

*** WARNING L16: UNCALLED SEGMENT, IGNORED FOR OVERLAY PROCESS
    SEGMENT: ?PR?_LCD_DROWSIGN?TFTLCD

*** WARNING L16: UNCALLED SEGMENT, IGNORED FOR OVERLAY PROCESS
    SEGMENT: ?PR?_LCD_DRAWRECTANGLE?TFTLCD

*** WARNING L16: UNCALLED SEGMENT, IGNORED FOR OVERLAY PROCESS
    SEGMENT: ?PR?_LCD_DRAW_CIRCLE?TFTLCD

*** WARNING L16: UNCALLED SEGMENT, IGNORED FOR OVERLAY PROCESS
    SEGMENT: ?PR?_LCD_SHOWNUM?TFTLCD

*** WARNING L16: UNCALLED SEGMENT, IGNORED FOR OVERLAY PROCESS
    SEGMENT: ?PR?_LCD_SHOWXNUM?TFTLCD

*** WARNING L16: UNCALLED SEGMENT, IGNORED FOR OVERLAY PROCESS
    SEGMENT: ?PR?_LCD_SHOWFONTHZ?TFTLCD

*** WARNING L16: UNCALLED SEGMENT, IGNORED FOR OVERLAY PROCESS
    SEGMENT: ?PR?_LCD_SHOWPICTURE?TFTLCD

*** WARNING L16: UNCALLED SEGMENT, IGNORED FOR OVERLAY PROCESS
    SEGMENT: ?PR?TOUCH_SCAN?TOUCH

*** WARNING L16: UNCALLED SEGMENT, IGNORED FOR OVERLAY PROCESS
    SEGMENT: ?PR?_GUI_COLOR_CHG?GUI

*** WARNING L16: UNCALLED SEGMENT, IGNORED FOR OVERLAY PROCESS
    SEGMENT: ?PR?_GUI_RGB332TORGB565?GUI

*** WARNING L16: UNCALLED SEGMENT, IGNORED FOR OVERLAY PROCESS
    SEGMENT: ?PR?_GUI_DISABS?GUI

*** WARNING L16: UNCALLED SEGMENT, IGNORED FOR OVERLAY PROCESS
    SEGMENT: ?PR?_GUI_DRAW_POINT?GUI
BL51 BANKED LINKER/LOCATER V6.22                                                      05/26/2020  14:34:50  PAGE 55



*** WARNING L16: UNCALLED SEGMENT, IGNORED FOR OVERLAY PROCESS
    SEGMENT: ?PR?_GUI_ALPHABLEND_AREA?GUI

*** WARNING L16: UNCALLED SEGMENT, IGNORED FOR OVERLAY PROCESS
    SEGMENT: ?PR?_GUI_DRAW_BLINE?GUI

*** WARNING L16: UNCALLED SEGMENT, IGNORED FOR OVERLAY PROCESS
    SEGMENT: ?PR?_GUI_DRAW_BLINE1?GUI

*** WARNING L16: UNCALLED SEGMENT, IGNORED FOR OVERLAY PROCESS
    SEGMENT: ?PR?_GUI_FILL_COLORBLOCK?GUI

*** WARNING L16: UNCALLED SEGMENT, IGNORED FOR OVERLAY PROCESS
    SEGMENT: ?PR?_GUI_DRAW_SMOOTH_RECTANGLE?GUI

*** WARNING L16: UNCALLED SEGMENT, IGNORED FOR OVERLAY PROCESS
    SEGMENT: ?PR?_GUI_DRAW_RECTANGLE?GUI

*** WARNING L16: UNCALLED SEGMENT, IGNORED FOR OVERLAY PROCESS
    SEGMENT: ?PR?_GUI_DRAW_ARCRECTANGLE?GUI

*** WARNING L16: UNCALLED SEGMENT, IGNORED FOR OVERLAY PROCESS
    SEGMENT: ?PR?_GUI_DRAW_ELLIPSE?GUI

*** WARNING L16: UNCALLED SEGMENT, IGNORED FOR OVERLAY PROCESS
    SEGMENT: ?PR?_GUI_FILL_ELLIPSE?GUI

*** WARNING L16: UNCALLED SEGMENT, IGNORED FOR OVERLAY PROCESS
    SEGMENT: ?PR?_GUI_SHOW_STRMID?GUI

*** WARNING L16: UNCALLED SEGMENT, IGNORED FOR OVERLAY PROCESS
    SEGMENT: ?PR?_GUI_NUM2STR?GUI

*** WARNING L16: UNCALLED SEGMENT, IGNORED FOR OVERLAY PROCESS
    SEGMENT: ?PR?_GUI_NUM2STREX?GUI

*** WARNING L16: UNCALLED SEGMENT, IGNORED FOR OVERLAY PROCESS
    SEGMENT: ?PR?_GUI_SHOW_PTSTRWHITERIM?GUI

*** WARNING L16: UNCALLED SEGMENT, IGNORED FOR OVERLAY PROCESS
    SEGMENT: ?PR?_GUI_GET_STRINGLINE?GUI

*** WARNING L16: UNCALLED SEGMENT, IGNORED FOR OVERLAY PROCESS
    SEGMENT: ?PR?_GUI_SHOW_STRING?GUI

*** WARNING L16: UNCALLED SEGMENT, IGNORED FOR OVERLAY PROCESS
    SEGMENT: ?PR?_GUI_SHOW_STRINGEX?GUI

Program Size: data=15.1 xdata=971 code=34762
LINK/LOCATE RUN COMPLETE.  36 WARNING(S),  0 ERROR(S)
