BL51 BANKED LINKER/LOCATER V6.22                                                        05/26/2020  14:31:19  PAGE 1


BL51 BANKED LINKER/LOCATER V6.22, INVOKED BY:
D:\YZ\KEILC51\C51\BIN\BL51.EXE .\output\main.obj, .\output\public.obj, .\output\uart.obj, .\output\tftlcd.obj, .\output\
>> touch.obj, .\output\gui.obj TO .\output\template PRINT (.\output\template.m51) RAMSIZE (256)


MEMORY MODEL: LARGE


INPUT MODULES INCLUDED:
  .\output\main.obj (MAIN)
  .\output\public.obj (PUBLIC)
  .\output\uart.obj (UART)
  .\output\tftlcd.obj (TFTLCD)
  .\output\touch.obj (TOUCH)
  .\output\gui.obj (GUI)
  D:\YZ\KEILC51\C51\LIB\C51L.LIB (?C_STARTUP)
  D:\YZ\KEILC51\C51\LIB\C51L.LIB (?C?CLDPTR)
  D:\YZ\KEILC51\C51\LIB\C51L.LIB (?C?CLDOPTR)
  D:\YZ\KEILC51\C51\LIB\C51L.LIB (?C?CSTPTR)
  D:\YZ\KEILC51\C51\LIB\C51L.LIB (?C?IMUL)
  D:\YZ\KEILC51\C51\LIB\C51L.LIB (?C?UIDIV)
  D:\YZ\KEILC51\C51\LIB\C51L.LIB (?C?IILDX)
  D:\YZ\KEILC51\C51\LIB\C51L.LIB (?C?ILDIX)
  D:\YZ\KEILC51\C51\LIB\C51L.LIB (?C?ILDOPTR)
  D:\YZ\KEILC51\C51\LIB\C51L.LIB (?C?ISTOPTR)
  D:\YZ\KEILC51\C51\LIB\C51L.LIB (?C?LMUL)
  D:\YZ\KEILC51\C51\LIB\C51L.LIB (?C?ULDIV)
  D:\YZ\KEILC51\C51\LIB\C51L.LIB (?C?SLDIV)
  D:\YZ\KEILC51\C51\LIB\C51L.LIB (?C?SLCMP)
  D:\YZ\KEILC51\C51\LIB\C51L.LIB (?C?ULCMP)
  D:\YZ\KEILC51\C51\LIB\C51L.LIB (?C?ULSHR)
  D:\YZ\KEILC51\C51\LIB\C51L.LIB (?C?LSTXDATA)
  D:\YZ\KEILC51\C51\LIB\C51L.LIB (?C?LSTKXDATA)
  D:\YZ\KEILC51\C51\LIB\C51L.LIB (?C?LIMUL)
  D:\YZ\KEILC51\C51\LIB\C51L.LIB (PRINTF)
  D:\YZ\KEILC51\C51\LIB\C51L.LIB (STRLEN)
  D:\YZ\KEILC51\C51\LIB\C51L.LIB (?C_INIT)
  D:\YZ\KEILC51\C51\LIB\C51L.LIB (?C?PLDIXDATA)
  D:\YZ\KEILC51\C51\LIB\C51L.LIB (?C?PSTXDATA)
  D:\YZ\KEILC51\C51\LIB\C51L.LIB (?C?CCASE)
  D:\YZ\KEILC51\C51\LIB\C51L.LIB (PUTCHAR)


LINK MAP OF MODULE:  .\output\template (MAIN)


            TYPE    BASE      LENGTH    RELOCATION   SEGMENT NAME
            -----------------------------------------------------

            * * * * * * *   D A T A   M E M O R Y   * * * * * * *
            REG     0000H     0008H     ABSOLUTE     "REG BANK 0"
            DATA    0008H     0005H     UNIT         _DATA_GROUP_
                    000DH     0013H                  *** GAP ***
            BIT     0020H.0   0001H.1   UNIT         _BIT_GROUP_
                    0021H.1   0000H.7                *** GAP ***
            IDATA   0022H     0001H     UNIT         ?STACK

            * * * * * * *  X D A T A   M E M O R Y  * * * * * * *
BL51 BANKED LINKER/LOCATER V6.22                                                      05/26/2020  14:31:19  PAGE 2


            XDATA   0000H     0034H     UNIT         ?XD?UART
            XDATA   0034H     002DH     UNIT         _XDATA_GROUP_
            XDATA   0061H     0024H     UNIT         ?XD?_GUI_DRAW_ELLIPSE?GUI
            XDATA   0085H     0022H     UNIT         ?XD?_GUI_FILL_ELLIPSE?GUI
            XDATA   00A7H     001FH     UNIT         ?XD?_GUI_DRAW_BLINE?GUI
            XDATA   00C6H     001FH     UNIT         ?XD?_GUI_DRAW_BLINE1?GUI
            XDATA   00E5H     001EH     UNIT         ?XD?_LCD_DRAWLINE_COLOR?TFTLCD
            XDATA   0103H     001EH     UNIT         ?XD?_GUI_DRAW_LINE?GUI
            XDATA   0121H     001EH     UNIT         ?XD?_GUI_SMOOTH_COLOR?GUI
            XDATA   013FH     001CH     UNIT         ?XD?_LCD_DRAWLINE?TFTLCD
            XDATA   015BH     001AH     UNIT         ?XD?_TOUCH_XPT_READDATA?TOUCH
            XDATA   0175H     0019H     UNIT         ?XD?_GUI_DRAW_ARC?GUI
            XDATA   018EH     0019H     UNIT         ?XD?_GUI_SHOW_PTCHAR?GUI
            XDATA   01A7H     0018H     UNIT         ?XD?_GUI_FILL_CIRCLE?GUI
            XDATA   01BFH     0017H     UNIT         ?XD?_GUI_DRAW_SMOOTH_RECTANGLE?GUI
            XDATA   01D6H     0017H     UNIT         ?XD?_GUI_SHOW_STRINGEX?GUI
            XDATA   01EDH     0016H     UNIT         ?XD?_GUI_SHOW_STRING?GUI
            XDATA   0203H     0013H     UNIT         ?XD?_LCD_COLOR_FILL?TFTLCD
            XDATA   0216H     0013H     UNIT         ?XD?_GUI_SHOW_STRMIDEX?GUI
            XDATA   0229H     0013H     UNIT         ?XD?_GUI_SHOW_PTSTR?GUI
            XDATA   023CH     0012H     UNIT         ?XD?_GUI_DRAW_CIRCLE8?GUI
            XDATA   024EH     0012H     UNIT         ?XD?_GUI_SHOW_STRMID?GUI
            XDATA   0260H     0012H     UNIT         ?XD?_GUI_SHOW_PTSTRWHITERIM?GUI
            XDATA   0272H     0011H     UNIT         ?XD?_GUI_ALPHABLEND_AREA?GUI
            XDATA   0283H     0010H     UNIT         ?XD?_GUI_DRAW_ARCRECTANGLE?GUI
            XDATA   0293H     0010H     UNIT         ?XD?_GUI_DRAW_EXPOINT?GUI
            XDATA   02A3H     0010H     UNIT         ?XD?_GUI_SHOW_NUM?GUI
            XDATA   02B3H     000EH     UNIT         ?XD?_LCD_SHOWXNUM?TFTLCD
            XDATA   02C1H     000EH     UNIT         ?XD?_GUI_DRAW_BIGPOINT?GUI
            XDATA   02CFH     000EH     UNIT         ?XD?_GUI_FILL_COLORBLOCK?GUI
            XDATA   02DDH     000DH     UNIT         ?XD?_LCD_SHOWNUM?TFTLCD
            XDATA   02EAH     000DH     UNIT         ?XD?TOUCH
            XDATA   02F7H     000DH     UNIT         ?XD?_GUI_ALPHA_BLEND565?GUI
            XDATA   0304H     000CH     UNIT         ?XD?MAIN
            XDATA   0310H     000CH     UNIT         ?XD?_LCD_FILL?TFTLCD
            XDATA   031CH     000CH     UNIT         ?XD?_GUI_GET_STRINGLINE?GUI
            XDATA   0328H     000BH     UNIT         ?XD?TFTLCD
            XDATA   0333H     000AH     UNIT         ?XD?_LCD_READPOINT?TFTLCD
            XDATA   033DH     000AH     UNIT         ?XD?_LCD_DRAW_CIRCLE?TFTLCD
            XDATA   0347H     000AH     UNIT         ?XD?_LCD_SHOWFONTHZ?TFTLCD
            XDATA   0351H     000AH     UNIT         ?XD?TOUCH_XPT_READXY?TOUCH
            XDATA   035BH     000AH     UNIT         ?XD?_GUI_DRAW_RECTANGLE?GUI
            XDATA   0365H     000AH     UNIT         ?XD?_GUI_FILL_RECTANGLE?GUI
            XDATA   036FH     0009H     UNIT         ?XD?_GUI_NUM2STR?GUI
            XDATA   0378H     0008H     UNIT         ?XD?_LCD_DRAWRECTANGLE?TFTLCD
            XDATA   0380H     0008H     UNIT         ?XD?_GUI_COLOR_CHG?GUI
            XDATA   0388H     0008H     UNIT         ?XD?_GUI_DISABS?GUI
            XDATA   0390H     0008H     UNIT         ?XD?_GUI_DRAW_VLINE?GUI
            XDATA   0398H     0008H     UNIT         ?XD?_GUI_DRAW_HLINE?GUI
            XDATA   03A0H     0006H     UNIT         ?XD?_LCD_DRAWBIGPOINT?TFTLCD
            XDATA   03A6H     0006H     UNIT         ?XD?_LCD_DROWSIGN?TFTLCD
            XDATA   03ACH     0006H     UNIT         ?XD?_LCD_POW?TFTLCD
            XDATA   03B2H     0006H     UNIT         ?XD?_GUI_POW?GUI
            XDATA   03B8H     0005H     UNIT         ?XD?TOUCH_SCAN?TOUCH
            XDATA   03BDH     0004H     UNIT         ?XD?_GUI_DRAW_POINT?GUI
            XDATA   03C1H     0003H     UNIT         ?XD?_UART_SENDSTRING?UART
            XDATA   03C4H     0002H     UNIT         ?XD?TOUCH_SPI_READ?TOUCH
BL51 BANKED LINKER/LOCATER V6.22                                                      05/26/2020  14:31:19  PAGE 3



            * * * * * * *   C O D E   M E M O R Y   * * * * * * *
            CODE    0000H     0003H     ABSOLUTE     
            CODE    0003H     001FH     UNIT         ?C_INITSEG
                    0022H     0001H                  *** GAP ***
            CODE    0023H     0003H     ABSOLUTE     
            CODE    0026H     6211H     UNIT         ?CO?MAIN
            CODE    6237H     1BF3H     UNIT         ?CO?TFTLCD
            CODE    7E2AH     06B3H     UNIT         ?PR?_GUI_DRAW_ARCRECTANGLE?GUI
            CODE    84DDH     0404H     UNIT         ?PR?_GUI_DRAW_ELLIPSE?GUI
            CODE    88E1H     03CAH     UNIT         ?PR?_GUI_DRAW_BLINE1?GUI
            CODE    8CABH     03A0H     UNIT         ?PR?_GUI_FILL_CIRCLE?GUI
            CODE    904BH     0365H     UNIT         ?PR?PRINTF?PRINTF
            CODE    93B0H     0357H     UNIT         ?C?LIB_CODE
            CODE    9707H     0271H     UNIT         ?PR?_GUI_DRAW_CIRCLE8?GUI
            CODE    9978H     026CH     UNIT         ?PR?_GUI_DRAW_BLINE?GUI
            CODE    9BE4H     025DH     UNIT         ?PR?TFTLCD_INIT?TFTLCD
            CODE    9E41H     025CH     UNIT         ?PR?_GUI_FILL_ELLIPSE?GUI
            CODE    A09DH     0253H     UNIT         ?PR?_GUI_SHOW_PTCHAR?GUI
            CODE    A2F0H     0246H     UNIT         ?PR?_GUI_SHOW_PTSTR?GUI
            CODE    A536H     0226H     UNIT         ?PR?_GUI_SHOW_STRING?GUI
            CODE    A75CH     021CH     UNIT         ?PR?_GUI_SHOW_STRINGEX?GUI
            CODE    A978H     01F3H     UNIT         ?PR?_GUI_DRAW_LINE?GUI
            CODE    AB6BH     01EFH     UNIT         ?PR?_LCD_DRAWLINE?TFTLCD
            CODE    AD5AH     01EDH     UNIT         ?PR?_LCD_DRAWLINE_COLOR?TFTLCD
            CODE    AF47H     01E9H     UNIT         ?PR?_GUI_SMOOTH_COLOR?GUI
            CODE    B130H     01D8H     UNIT         ?PR?_LCD_DRAW_CIRCLE?TFTLCD
            CODE    B308H     01D7H     UNIT         ?PR?_GUI_DRAW_ARC?GUI
            CODE    B4DFH     01C3H     UNIT         ?PR?_GUI_SHOW_NUM?GUI
            CODE    B6A2H     0187H     UNIT         ?PR?_TOUCH_XPT_READDATA?TOUCH
            CODE    B829H     017CH     UNIT         ?PR?_GUI_GET_STRINGLINE?GUI
            CODE    B9A5H     0178H     UNIT         ?PR?_LCD_SHOWCHAR?TFTLCD
            CODE    BB1DH     014CH     UNIT         ?PR?_GUI_SHOW_STRMIDEX?GUI
            CODE    BC69H     0148H     UNIT         ?PR?_GUI_SHOW_STRMID?GUI
            CODE    BDB1H     0147H     UNIT         ?PR?_GUI_FILL_COLORBLOCK?GUI
            CODE    BEF8H     0140H     UNIT         ?PR?TOUCH_SCAN?TOUCH
            CODE    C038H     012DH     UNIT         ?PR?_LCD_SHOWPICTURE?TFTLCD
            CODE    C165H     012BH     UNIT         ?PR?_LCD_SHOWFONTHZ?TFTLCD
            CODE    C290H     0129H     UNIT         ?PR?_LCD_SHOWXNUM?TFTLCD
            CODE    C3B9H     0114H     UNIT         ?PR?TOUCH_XPT_READXY?TOUCH
            CODE    C4CDH     010CH     UNIT         ?PR?_GUI_DRAW_SMOOTH_RECTANGLE?GUI
            CODE    C5D9H     00F8H     UNIT         ?PR?_LCD_COLOR_FILL?TFTLCD
            CODE    C6D1H     00F7H     UNIT         ?PR?_GUI_ALPHABLEND_AREA?GUI
            CODE    C7C8H     00F4H     UNIT         ?PR?_GUI_DRAW_BIGPOINT?GUI
            CODE    C8BCH     00EDH     UNIT         ?PR?_GUI_ALPHA_BLEND565?GUI
            CODE    C9A9H     00E5H     UNIT         ?PR?_LCD_SHOWSTRING?TFTLCD
            CODE    CA8EH     00DCH     UNIT         ?PR?_LCD_SHOWNUM?TFTLCD
            CODE    CB6AH     00D8H     UNIT         ?PR?_LCD_DROWSIGN?TFTLCD
            CODE    CC42H     00D2H     UNIT         ?PR?_GUI_SHOW_PTSTRWHITERIM?GUI
            CODE    CD14H     00D0H     UNIT         ?PR?_LCD_FILL?TFTLCD
            CODE    CDE4H     00C8H     UNIT         ?PR?_GUI_DRAW_RECTANGLE?GUI
            CODE    CEACH     00C4H     UNIT         ?PR?MAIN?MAIN
            CODE    CF70H     00C1H     UNIT         ?PR?_GUI_DRAW_EXPOINT?GUI
            CODE    D031H     00AAH     UNIT         ?PR?_LCD_DRAWRECTANGLE?TFTLCD
            CODE    D0DBH     00AAH     UNIT         ?PR?_GUI_NUM2STR?GUI
            CODE    D185H     0096H     UNIT         ?PR?_GUI_DRAW_VLINE?GUI
            CODE    D21BH     0092H     UNIT         ?PR?_LCD_SET_WINDOW?TFTLCD
BL51 BANKED LINKER/LOCATER V6.22                                                      05/26/2020  14:31:19  PAGE 4


            CODE    D2ADH     008CH     UNIT         ?C_C51STARTUP
            CODE    D339H     008AH     UNIT         ?PR?_GUI_FILL_RECTANGLE?GUI
            CODE    D3C3H     0087H     UNIT         ?PR?UART_IRQN?UART
            CODE    D44AH     0081H     UNIT         ?PR?_LCD_CLEAR?TFTLCD
            CODE    D4CBH     0080H     UNIT         ?PR?_GUI_COLOR_CHG?GUI
            CODE    D54BH     007BH     UNIT         ?PR?_GUI_DRAW_HLINE?GUI
            CODE    D5C6H     0073H     UNIT         ?PR?_LCD_DRAWBIGPOINT?TFTLCD
            CODE    D639H     006BH     UNIT         ?PR?_GUI_DISABS?GUI
            CODE    D6A4H     0065H     UNIT         ?PR?_LCD_READPOINT?TFTLCD
            CODE    D709H     0050H     UNIT         ?PR?_LCD_POW?TFTLCD
            CODE    D759H     0049H     UNIT         ?PR?_GUI_POW?GUI
            CODE    D7A2H     0048H     UNIT         ?PR?_LCD_DRAWFRONT_COLOR?TFTLCD
            CODE    D7EAH     0044H     UNIT         ?C?LDIV
            CODE    D82EH     0040H     UNIT         ?PR?_LCD_DISPLAY_DIR?TFTLCD
            CODE    D86EH     0040H     UNIT         ?PR?_LCD_DRAWPOINT?TFTLCD
            CODE    D8AEH     003CH     UNIT         ?PR?_GUI_RGB332TORGB565?GUI
            CODE    D8EAH     003CH     UNIT         ?PR?_GUI_DRAW_POINT?GUI
            CODE    D926H     003BH     UNIT         ?PR?TOUCH_SPI_READ?TOUCH
            CODE    D961H     0033H     UNIT         ?PR?_UART_SENDSTRING?UART
            CODE    D994H     002FH     UNIT         ?PR?_LCD_WRITECMD?TFTLCD
            CODE    D9C3H     0027H     UNIT         ?PR?PUTCHAR?PUTCHAR
            CODE    D9EAH     0025H     UNIT         ?PR?_LCD_WRITEDATA?TFTLCD
            CODE    DA0FH     0025H     UNIT         ?PR?_LCD_WRITEDATA_COLOR?TFTLCD
            CODE    DA34H     001FH     UNIT         ?PR?_DELAY?TFTLCD
            CODE    DA53H     001EH     UNIT         ?PR?_DELAY_MS?PUBLIC
            CODE    DA71H     001DH     UNIT         ?PR?_TOUCH_SPI_WRITE?TOUCH
            CODE    DA8EH     001AH     UNIT         ?PR?LCD_READDATA?TFTLCD
            CODE    DAA8H     0016H     UNIT         ?PR?UART_INIT?UART
            CODE    DABEH     0015H     UNIT         ?PR?_STRLEN?STRLEN
            CODE    DAD3H     000EH     UNIT         ?PR?_UART_SENDDATA?UART
            CODE    DAE1H     000EH     UNIT         ?PR?_LCD_WRITECMDDATA?TFTLCD
            CODE    DAEFH     000BH     UNIT         ?PR?_DELAY_10US?PUBLIC
            CODE    DAFAH     000BH     UNIT         ?PR?TOUCH_SPI_START?TOUCH
            CODE    DB05H     0006H     UNIT         ?PR?_UART_CMD?UART



OVERLAY MAP OF MODULE:   .\output\template (MAIN)


SEGMENT                                       BIT_GROUP          DATA_GROUP          XDATA_GROUP
  +--> CALLED SEGMENT                      START    LENGTH     START    LENGTH     START    LENGTH
--------------------------------------------------------------------------------------------------
?C_C51STARTUP                              -----    -----      -----    -----      -----    -----
  +--> ?PR?MAIN?MAIN
  +--> ?C_INITSEG

?PR?MAIN?MAIN                              -----    -----      -----    -----      0034H    0002H
  +--> ?PR?UART_INIT?UART
  +--> ?PR?TFTLCD_INIT?TFTLCD
  +--> ?CO?MAIN
  +--> ?PR?_LCD_SHOWSTRING?TFTLCD
  +--> ?PR?_LCD_SHOWPICTURE?TFTLCD

?PR?TFTLCD_INIT?TFTLCD                     -----    -----      -----    -----      -----    -----
  +--> ?PR?_DELAY_MS?PUBLIC
  +--> ?PR?_LCD_WRITECMD?TFTLCD
BL51 BANKED LINKER/LOCATER V6.22                                                      05/26/2020  14:31:19  PAGE 5


  +--> ?PR?LCD_READDATA?TFTLCD
  +--> ?CO?TFTLCD
  +--> ?PR?PRINTF?PRINTF
  +--> ?PR?_LCD_WRITEDATA?TFTLCD
  +--> ?PR?_LCD_DISPLAY_DIR?TFTLCD
  +--> ?PR?_LCD_CLEAR?TFTLCD

?PR?_LCD_WRITECMD?TFTLCD                   -----    -----      -----    -----      -----    -----
  +--> ?PR?_LCD_WRITEDATA?TFTLCD

?PR?PRINTF?PRINTF                          0020H.0  0001H.1    0008H    0005H      0036H    0028H
  +--> ?PR?PUTCHAR?PUTCHAR

?PR?_LCD_DISPLAY_DIR?TFTLCD                -----    -----      -----    -----      -----    -----
  +--> ?PR?_LCD_WRITECMDDATA?TFTLCD

?PR?_LCD_WRITECMDDATA?TFTLCD               -----    -----      -----    -----      -----    -----
  +--> ?PR?_LCD_WRITECMD?TFTLCD
  +--> ?PR?_LCD_WRITEDATA?TFTLCD

?PR?_LCD_CLEAR?TFTLCD                      -----    -----      -----    -----      0036H    0004H
  +--> ?PR?_LCD_SET_WINDOW?TFTLCD
  +--> ?PR?_LCD_WRITEDATA_COLOR?TFTLCD

?PR?_LCD_SET_WINDOW?TFTLCD                 -----    -----      -----    -----      0055H    000CH
  +--> ?PR?_LCD_WRITECMD?TFTLCD
  +--> ?PR?_LCD_WRITEDATA?TFTLCD

?PR?_LCD_SHOWSTRING?TFTLCD                 -----    -----      -----    -----      0036H    000DH
  +--> ?PR?_LCD_SHOWCHAR?TFTLCD

?PR?_LCD_SHOWCHAR?TFTLCD                   -----    -----      -----    -----      0043H    000CH
  +--> ?CO?TFTLCD
  +--> ?PR?_LCD_DRAWFRONT_COLOR?TFTLCD

?PR?_LCD_DRAWFRONT_COLOR?TFTLCD            -----    -----      -----    -----      004FH    0006H
  +--> ?PR?_LCD_SET_WINDOW?TFTLCD
  +--> ?PR?_LCD_WRITEDATA_COLOR?TFTLCD

?PR?_LCD_SHOWPICTURE?TFTLCD                -----    -----      -----    -----      0036H    0015H
  +--> ?PR?_LCD_SET_WINDOW?TFTLCD
  +--> ?PR?_LCD_WRITEDATA_COLOR?TFTLCD

?C_INITSEG                                 -----    -----      -----    -----      -----    -----
  +--> ?CO?MAIN



SYMBOL TABLE OF MODULE:  .\output\template (MAIN)

  VALUE           TYPE          NAME
  ----------------------------------

  -------         MODULE        MAIN
  C:0000H         SYMBOL        _ICE_DUMMY_
  D:00A0H         PUBLIC        P2
  D:00B0H         PUBLIC        P3
BL51 BANKED LINKER/LOCATER V6.22                                                      05/26/2020  14:31:19  PAGE 6


  D:00A8H         PUBLIC        IE
  C:49B7H         PUBLIC        gImage_picture_56_pic
  D:00B8H         PUBLIC        IP
  D:00D8H         PUBLIC        CCON
  C:CEACH         PUBLIC        main
  C:18B7H         PUBLIC        gImage_calc_56_pic
  D:0098H         PUBLIC        SCON
  D:0088H         PUBLIC        TCON
  X:0304H         PUBLIC        pic_buf
  C:3137H         PUBLIC        gImage_earthnet_56_pic
  C:0037H         PUBLIC        gImage_9dtest_56_pic
  D:00D0H         PUBLIC        PSW
  -------         PROC          MAIN
  -------         DO            
  X:0034H         SYMBOL        i
  X:0035H         SYMBOL        j
  -------         ENDDO         
  C:CEACH         LINE#         23
  C:CEACH         LINE#         24
  C:CEACH         LINE#         25
  C:CEB1H         LINE#         26
  C:CEB3H         LINE#         28
  C:CEB6H         LINE#         29
  C:CEB9H         LINE#         31
  C:CEC2H         LINE#         32
  C:CEF4H         LINE#         34
  C:CEF9H         LINE#         35
  C:CEF9H         LINE#         36
  C:CEFEH         LINE#         37
  C:CEFEH         LINE#         38
  C:CF56H         LINE#         41
  C:CF62H         LINE#         42
  C:CF6EH         LINE#         44
  C:CF6EH         LINE#         45
  C:CF6EH         LINE#         47
  -------         ENDPROC       MAIN
  -------         ENDMOD        MAIN

  -------         MODULE        PUBLIC
  C:0000H         SYMBOL        _ICE_DUMMY_
  D:00A8H         PUBLIC        IE
  D:00B8H         PUBLIC        IP
  D:00D8H         PUBLIC        CCON
  D:0098H         PUBLIC        SCON
  D:0088H         PUBLIC        TCON
  C:DAEFH         PUBLIC        _delay_10us
  C:DA53H         PUBLIC        _delay_ms
  D:00D0H         PUBLIC        PSW
  -------         PROC          _DELAY_10US
  D:0006H         SYMBOL        us
  C:DAEFH         LINE#         6
  C:DAEFH         LINE#         7
  C:DAEFH         LINE#         8
  C:DAF9H         LINE#         9
  -------         ENDPROC       _DELAY_10US
  -------         PROC          _DELAY_MS
  D:0006H         SYMBOL        ms
BL51 BANKED LINKER/LOCATER V6.22                                                      05/26/2020  14:31:19  PAGE 7


  -------         DO            
  D:0006H         SYMBOL        i
  D:0004H         SYMBOL        j
  -------         ENDDO         
  C:DA53H         LINE#         11
  C:DA53H         LINE#         12
  C:DA53H         LINE#         14
  C:DA5CH         LINE#         15
  C:DA70H         LINE#         16
  -------         ENDPROC       _DELAY_MS
  -------         ENDMOD        PUBLIC

  -------         MODULE        UART
  C:0000H         SYMBOL        _ICE_DUMMY_
  B:00A8H.7       PUBLIC        EA
  X:0000H         PUBLIC        UART_RX_BUF
  D:00A8H         PUBLIC        IE
  X:0032H         PUBLIC        UART_RX_STA
  B:00A8H.4       PUBLIC        ES
  D:00B8H         PUBLIC        IP
  B:0098H.0       PUBLIC        RI
  B:0098H.1       PUBLIC        TI
  D:00D8H         PUBLIC        CCON
  C:D961H         PUBLIC        _UART_SendString
  C:DAD3H         PUBLIC        _UART_SendData
  D:0099H         PUBLIC        SBUF
  D:0087H         PUBLIC        PCON
  C:DB05H         PUBLIC        _UART_Cmd
  C:DAA8H         PUBLIC        UART_Init
  D:0098H         PUBLIC        SCON
  D:0089H         PUBLIC        TMOD
  D:0088H         PUBLIC        TCON
  D:008DH         PUBLIC        TH1
  D:008BH         PUBLIC        TL1
  B:0088H.6       PUBLIC        TR1
  C:D3C3H         PUBLIC        UART_IRQn
  D:00D0H         PUBLIC        PSW
  -------         PROC          UART_INIT
  C:DAA8H         LINE#         5
  C:DAA8H         LINE#         6
  C:DAA8H         LINE#         7
  C:DAABH         LINE#         8
  C:DAAEH         LINE#         9
  C:DAB1H         LINE#         10
  C:DAB4H         LINE#         11
  C:DAB7H         LINE#         13
  C:DAB9H         LINE#         14
  C:DABBH         LINE#         15
  C:DABDH         LINE#         16
  -------         ENDPROC       UART_INIT
  -------         PROC          _UART_CMD
  D:0007H         SYMBOL        ensta
  C:DB05H         LINE#         18
  C:DB05H         LINE#         19
  C:DB05H         LINE#         20
  C:DB0AH         LINE#         21
  -------         ENDPROC       _UART_CMD
BL51 BANKED LINKER/LOCATER V6.22                                                      05/26/2020  14:31:19  PAGE 8


  -------         PROC          _UART_SENDDATA
  D:0007H         SYMBOL        dat
  C:DAD3H         LINE#         23
  C:DAD3H         LINE#         24
  C:DAD3H         LINE#         25
  C:DAD5H         LINE#         26
  C:DAD7H         LINE#         27
  C:DAD9H         LINE#         28
  C:DADCH         LINE#         29
  C:DADEH         LINE#         30
  C:DAE0H         LINE#         31
  -------         ENDPROC       _UART_SENDDATA
  -------         PROC          _UART_SENDSTRING
  X:03C1H         SYMBOL        pbuf
  C:D961H         LINE#         33
  C:D96CH         LINE#         34
  C:D96CH         LINE#         35
  C:D97DH         LINE#         36
  C:D97DH         LINE#         37
  C:D980H         LINE#         38
  C:D987H         LINE#         39
  C:D991H         LINE#         40
  C:D993H         LINE#         41
  -------         ENDPROC       _UART_SENDSTRING
  -------         PROC          UART_IRQN
  -------         DO            
  D:0007H         SYMBOL        r
  -------         ENDDO         
  C:D3C3H         LINE#         51
  C:D3D4H         LINE#         55
  C:D3D7H         LINE#         56
  C:D3D7H         LINE#         57
  C:D3D9H         LINE#         58
  C:D3DBH         LINE#         59
  C:D3E4H         LINE#         60
  C:D3E4H         LINE#         61
  C:D3E7H         LINE#         62
  C:D3E7H         LINE#         63
  C:D3F1H         LINE#         64
  C:D3F4H         LINE#         65
  C:D3F6H         LINE#         67
  C:D3F6H         LINE#         68
  C:D406H         LINE#         70
  C:D406H         LINE#         71
  C:D41AH         LINE#         72
  C:D428H         LINE#         73
  C:D43BH         LINE#         74
  C:D43BH         LINE#         75
  C:D43BH         LINE#         76
  C:D43BH         LINE#         77
  C:D43BH         LINE#         78
  -------         ENDPROC       UART_IRQN
  -------         ENDMOD        UART

  -------         MODULE        TFTLCD
  C:0000H         SYMBOL        _ICE_DUMMY_
  D:0080H         PUBLIC        P0
BL51 BANKED LINKER/LOCATER V6.22                                                      05/26/2020  14:31:19  PAGE 9


  D:0090H         PUBLIC        P1
  X:0328H         PUBLIC        tftlcd_data
  D:00A0H         PUBLIC        P2
  C:C290H         PUBLIC        _LCD_ShowxNum
  D:00B0H         PUBLIC        P3
  C:CA8EH         PUBLIC        _LCD_ShowNum
  D:00A8H         PUBLIC        IE
  C:D82EH         PUBLIC        _LCD_Display_Dir
  C:C165H         PUBLIC        _LCD_ShowFontHZ
  D:00B8H         PUBLIC        IP
  C:D44AH         PUBLIC        _LCD_Clear
  C:C5D9H         PUBLIC        _LCD_Color_Fill
  C:DA17H         PUBLIC        _LCD_WriteData_Color
  D:00D8H         PUBLIC        CCON
  C:DA8EH         PUBLIC        LCD_ReadData
  C:AD5AH         PUBLIC        _LCD_DrawLine_Color
  C:D7A8H         PUBLIC        _LCD_DrawFRONT_COLOR
  D:0098H         PUBLIC        SCON
  D:0088H         PUBLIC        TCON
  C:6CA8H         PUBLIC        ascii_2412
  C:6244H         PUBLIC        ascii_1206
  C:C038H         PUBLIC        _LCD_ShowPicture
  C:9BE4H         PUBLIC        TFTLCD_Init
  C:66B8H         PUBLIC        ascii_1608
  C:CD14H         PUBLIC        _LCD_Fill
  C:D220H         PUBLIC        _LCD_Set_Window
  C:D9F2H         PUBLIC        _LCD_WriteData
  C:D6A4H         PUBLIC        _LCD_ReadPoint
  B:00B0H.3       PUBLIC        TFT_RST
  C:AB6BH         PUBLIC        _LCD_DrawLine
  C:D884H         PUBLIC        _LCD_DrawPoint
  C:C9A9H         PUBLIC        _LCD_ShowString
  C:DAE1H         PUBLIC        _LCD_WriteCmdData
  C:B9A5H         PUBLIC        _LCD_ShowChar
  C:D9A6H         PUBLIC        _LCD_WriteCmd
  C:D031H         PUBLIC        _LCD_DrawRectangle
  B:00B0H.2       PUBLIC        TFT_RD
  B:00A0H.7       PUBLIC        TFT_CS
  C:CB6AH         PUBLIC        _LCD_DrowSign
  C:D5C6H         PUBLIC        _LCD_DrawBigPoint
  C:D710H         PUBLIC        _LCD_Pow
  X:032FH         PUBLIC        FRONT_COLOR
  C:DA34H         PUBLIC        _Delay
  X:0331H         PUBLIC        BACK_COLOR
  B:00A0H.6       PUBLIC        TFT_RS
  B:00A0H.5       PUBLIC        TFT_WR
  C:B130H         PUBLIC        _LCD_Draw_Circle
  D:00D0H         PUBLIC        PSW
  C:7A04H         PUBLIC        CnChar32x29
  -------         PROC          _DELAY
  D:0006H         SYMBOL        dly
  -------         DO            
  D:0004H         SYMBOL        i
  D:0002H         SYMBOL        j
  -------         ENDDO         
  C:DA34H         LINE#         14
  C:DA34H         LINE#         15
BL51 BANKED LINKER/LOCATER V6.22                                                      05/26/2020  14:31:19  PAGE 10


  C:DA34H         LINE#         18
  C:DA3EH         LINE#         19
  C:DA52H         LINE#         20
  -------         ENDPROC       _DELAY
  -------         PROC          L?0217
  -------         ENDPROC       L?0217
  -------         PROC          _LCD_WRITECMD
  D:0004H         SYMBOL        cmd
  -------         DO            
  D:0007H         SYMBOL        cmdH
  D:0006H         SYMBOL        cmdL
  -------         ENDDO         
  C:D9A6H         LINE#         23
  C:D9AAH         LINE#         24
  C:D9AAH         LINE#         27
  C:D9ACH         LINE#         28
  C:D9AEH         LINE#         30
  C:D9B0H         LINE#         31
  C:D9B2H         LINE#         33
  C:D9B4H         LINE#         34
  C:D9B6H         LINE#         36
  C:D9B8H         LINE#         37
  C:D9BCH         LINE#         39
  C:D9BEH         LINE#         40
  C:D9C0H         LINE#         42
  C:D9C2H         LINE#         115
  -------         ENDPROC       _LCD_WRITECMD
  C:D9EAH         SYMBOL        L?0210
  -------         PROC          L?0209
  -------         ENDPROC       L?0209
  C:D9EAH         SYMBOL        L?0210
  -------         PROC          _LCD_WRITEDATA
  D:0004H         SYMBOL        dat
  -------         DO            
  D:0007H         SYMBOL        datH
  D:0006H         SYMBOL        datL
  -------         ENDDO         
  C:D9F2H         LINE#         119
  C:D9F6H         LINE#         120
  C:D9F6H         LINE#         123
  C:D9F8H         LINE#         124
  C:D9FAH         LINE#         126
  C:D9FCH         LINE#         127
  C:D9FEH         LINE#         129
  C:DA00H         LINE#         130
  C:DA02H         LINE#         132
  C:DA04H         LINE#         133
  C:DA08H         LINE#         135
  C:DA0AH         LINE#         136
  C:DA0CH         LINE#         138
  C:DA0EH         LINE#         209
  -------         ENDPROC       _LCD_WRITEDATA
  C:DA0FH         SYMBOL        L?0215
  C:DA12H         SYMBOL        L?0216
  -------         PROC          L?0214
  -------         ENDPROC       L?0214
  C:DA0FH         SYMBOL        L?0215
BL51 BANKED LINKER/LOCATER V6.22                                                      05/26/2020  14:31:19  PAGE 11


  C:DA12H         SYMBOL        L?0216
  -------         PROC          _LCD_WRITEDATA_COLOR
  D:0004H         SYMBOL        color
  -------         DO            
  D:0007H         SYMBOL        datH
  D:0006H         SYMBOL        datL
  -------         ENDDO         
  C:DA17H         LINE#         211
  C:DA1BH         LINE#         212
  C:DA1BH         LINE#         215
  C:DA1DH         LINE#         216
  C:DA1FH         LINE#         218
  C:DA21H         LINE#         219
  C:DA23H         LINE#         221
  C:DA25H         LINE#         222
  C:DA27H         LINE#         224
  C:DA29H         LINE#         225
  C:DA2DH         LINE#         227
  C:DA2FH         LINE#         228
  C:DA31H         LINE#         230
  C:DA33H         LINE#         301
  -------         ENDPROC       _LCD_WRITEDATA_COLOR
  -------         PROC          _LCD_WRITECMDDATA
  D:0006H         SYMBOL        cmd
  D:0002H         SYMBOL        dat
  C:DAE1H         LINE#         303
  C:DAE5H         LINE#         304
  C:DAE5H         LINE#         305
  C:DAE8H         LINE#         306
  -------         ENDPROC       _LCD_WRITECMDDATA
  -------         PROC          LCD_READDATA
  -------         DO            
  D:0006H         SYMBOL        ram
  -------         ENDDO         
  C:DA8EH         LINE#         311
  C:DA8EH         LINE#         312
  C:DA8EH         LINE#         315
  C:DA91H         LINE#         316
  C:DA94H         LINE#         319
  C:DA96H         LINE#         320
  C:DA98H         LINE#         321
  C:DA9AH         LINE#         322
  C:DA9BH         LINE#         323
  C:DA9DH         LINE#         324
  C:DA9FH         LINE#         325
  C:DAA3H         LINE#         326
  C:DAA5H         LINE#         327
  C:DAA7H         LINE#         399
  C:DAA7H         LINE#         400
  -------         ENDPROC       LCD_READDATA
  -------         PROC          _LCD_DISPLAY_DIR
  D:0007H         SYMBOL        dir
  C:D82EH         LINE#         404
  C:D82EH         LINE#         405
  C:D82EH         LINE#         406
  C:D833H         LINE#         407
  C:D835H         LINE#         408
BL51 BANKED LINKER/LOCATER V6.22                                                      05/26/2020  14:31:19  PAGE 12


  C:D835H         LINE#         410
  C:D83FH         LINE#         437
  C:D848H         LINE#         438
  C:D851H         LINE#         439
  C:D852H         LINE#         441
  C:D852H         LINE#         443
  C:D85BH         LINE#         472
  C:D864H         LINE#         473
  C:D86DH         LINE#         474
  C:D86DH         LINE#         475
  -------         ENDPROC       _LCD_DISPLAY_DIR
  -------         PROC          TFTLCD_INIT
  -------         DO            
  D:0006H         SYMBOL        i
  -------         ENDDO         
  C:9BE4H         LINE#         478
  C:9BE4H         LINE#         479
  C:9BE4H         LINE#         480
  C:9BE6H         LINE#         481
  C:9BE8H         LINE#         482
  C:9BEDH         LINE#         484
  C:9BEFH         LINE#         485
  C:9BF6H         LINE#         487
  C:9BF8H         LINE#         488
  C:9BFFH         LINE#         491
  C:9C05H         LINE#         492
  C:9C10H         LINE#         519
  C:9C21H         LINE#         522
  C:9C26H         LINE#         523
  C:9C2BH         LINE#         524
  C:9C30H         LINE#         525
  C:9C35H         LINE#         526
  C:9C42H         LINE#         527
  C:9C4FH         LINE#         528
  C:9C5DH         LINE#         529
  C:9C6BH         LINE#         530
  C:9C79H         LINE#         531
  C:9C87H         LINE#         532
  C:9C94H         LINE#         534
  C:9CA2H         LINE#         536
  C:9CB0H         LINE#         537
  C:9CBDH         LINE#         538
  C:9CCBH         LINE#         539
  C:9CD9H         LINE#         540
  C:9CDEH         LINE#         542
  C:9CE3H         LINE#         543
  C:9CE8H         LINE#         544
  C:9CEDH         LINE#         546
  C:9CF2H         LINE#         547
  C:9CF7H         LINE#         548
  C:9D05H         LINE#         549
  C:9D13H         LINE#         550
  C:9D18H         LINE#         551
  C:9D1DH         LINE#         552
  C:9D22H         LINE#         553
  C:9D27H         LINE#         554
  C:9D2CH         LINE#         555
BL51 BANKED LINKER/LOCATER V6.22                                                      05/26/2020  14:31:19  PAGE 13


  C:9D31H         LINE#         557
  C:9D3FH         LINE#         558
  C:9D4DH         LINE#         559
  C:9D5BH         LINE#         560
  C:9D60H         LINE#         561
  C:9D65H         LINE#         563
  C:9D6AH         LINE#         564
  C:9D78H         LINE#         566
  C:9D86H         LINE#         567
  C:9D94H         LINE#         568
  C:9DA2H         LINE#         569
  C:9DB0H         LINE#         571
  C:9DBEH         LINE#         572
  C:9DCCH         LINE#         573
  C:9DD9H         LINE#         574
  C:9DE7H         LINE#         575
  C:9DF4H         LINE#         576
  C:9E02H         LINE#         577
  C:9E0FH         LINE#         578
  C:9E1DH         LINE#         579
  C:9E2AH         LINE#         580
  C:9E31H         LINE#         893
  C:9E36H         LINE#         894
  -------         ENDPROC       TFTLCD_INIT
  C:D21BH         SYMBOL        L?0221
  -------         PROC          L?0220
  -------         ENDPROC       L?0220
  C:D21BH         SYMBOL        L?0221
  -------         PROC          _LCD_SET_WINDOW
  X:0055H         SYMBOL        sx
  X:0057H         SYMBOL        sy
  D:0002H         SYMBOL        width
  X:005BH         SYMBOL        height
  -------         DO            
  X:005DH         SYMBOL        x
  X:005FH         SYMBOL        y
  D:0002H         SYMBOL        xy
  -------         ENDDO         
  C:D220H         LINE#         901
  C:D22EH         LINE#         902
  C:D22EH         LINE#         905
  C:D244H         LINE#         906
  C:D25DH         LINE#         907
  C:D266H         LINE#         908
  C:D26CH         LINE#         909
  C:D26CH         LINE#         910
  C:D27DH         LINE#         911
  C:D27FH         LINE#         912
  C:D286H         LINE#         913
  C:D288H         LINE#         915
  C:D288H         LINE#         916
  C:D29AH         LINE#         917
  C:D29CH         LINE#         918
  C:D2A6H         LINE#         919
  C:D2A6H         LINE#         920
  -------         ENDPROC       _LCD_SET_WINDOW
  -------         PROC          _LCD_READPOINT
BL51 BANKED LINKER/LOCATER V6.22                                                      05/26/2020  14:31:19  PAGE 14


  D:0002H         SYMBOL        x
  X:0333H         SYMBOL        y
  -------         DO            
  X:0335H         SYMBOL        r
  X:0337H         SYMBOL        g
  X:0339H         SYMBOL        b
  X:033BH         SYMBOL        dat
  -------         ENDDO         
  C:D6A4H         LINE#         1072
  C:D6B0H         LINE#         1073
  C:D6B0H         LINE#         1074
  C:D6C0H         LINE#         1075
  C:D6E6H         LINE#         1076
  C:D700H         LINE#         1122
  C:D708H         LINE#         1123
  -------         ENDPROC       _LCD_READPOINT
  -------         PROC          _LCD_CLEAR
  X:0036H         SYMBOL        color
  -------         DO            
  D:0002H         SYMBOL        i
  X:0038H         SYMBOL        j
  -------         ENDDO         
  C:D44AH         LINE#         1127
  C:D452H         LINE#         1128
  C:D452H         LINE#         1129
  C:D457H         LINE#         1131
  C:D481H         LINE#         1132
  C:D491H         LINE#         1133
  C:D491H         LINE#         1134
  C:D4ADH         LINE#         1135
  C:D4ADH         LINE#         1136
  C:D4B3H         LINE#         1137
  C:D4C3H         LINE#         1138
  C:D4CAH         LINE#         1139
  -------         ENDPROC       _LCD_CLEAR
  -------         PROC          _LCD_FILL
  X:0310H         SYMBOL        xState
  X:0312H         SYMBOL        yState
  X:0314H         SYMBOL        xEnd
  X:0316H         SYMBOL        yEnd
  X:0318H         SYMBOL        color
  -------         DO            
  X:031AH         SYMBOL        temp
  -------         ENDDO         
  C:CD14H         LINE#         1144
  C:CD2CH         LINE#         1145
  C:CD2CH         LINE#         1146
  C:CD33H         LINE#         1148
  C:CD55H         LINE#         1149
  C:CD55H         LINE#         1151
  C:CD55H         LINE#         1152
  C:CD70H         LINE#         1153
  C:CD91H         LINE#         1154
  C:CDB0H         LINE#         1156
  C:CDBEH         LINE#         1157
  C:CDBEH         LINE#         1158
  C:CDCDH         LINE#         1159
BL51 BANKED LINKER/LOCATER V6.22                                                      05/26/2020  14:31:19  PAGE 15


  C:CDDBH         LINE#         1160
  C:CDDBH         LINE#         1161
  C:CDE1H         LINE#         1162
  C:CDE3H         LINE#         1163
  C:CDE3H         LINE#         1164
  -------         ENDPROC       _LCD_FILL
  -------         PROC          _LCD_COLOR_FILL
  X:0203H         SYMBOL        sx
  X:0205H         SYMBOL        sy
  D:0002H         SYMBOL        ex
  X:0209H         SYMBOL        ey
  X:020BH         SYMBOL        color
  -------         DO            
  X:020EH         SYMBOL        height
  X:0210H         SYMBOL        width
  X:0212H         SYMBOL        i
  X:0214H         SYMBOL        j
  -------         ENDDO         
  C:C5D9H         LINE#         1169
  C:C5E7H         LINE#         1170
  C:C5E7H         LINE#         1173
  C:C602H         LINE#         1174
  C:C623H         LINE#         1175
  C:C640H         LINE#         1176
  C:C65CH         LINE#         1177
  C:C65CH         LINE#         1178
  C:C679H         LINE#         1179
  C:C679H         LINE#         1180
  C:C6AFH         LINE#         1181
  C:C6BFH         LINE#         1182
  C:C6D0H         LINE#         1183
  -------         ENDPROC       _LCD_COLOR_FILL
  C:D871H         SYMBOL        L?0212
  C:D872H         SYMBOL        L?0213
  -------         PROC          L?0211
  -------         ENDPROC       L?0211
  C:D871H         SYMBOL        L?0212
  C:D872H         SYMBOL        L?0213
  -------         PROC          _LCD_DRAWPOINT
  D:0002H         SYMBOL        x
  D:0082H         SYMBOL        y
  C:D884H         LINE#         1188
  C:D88CH         LINE#         1189
  C:D88CH         LINE#         1190
  C:D8A3H         LINE#         1191
  -------         ENDPROC       _LCD_DRAWPOINT
  C:D7A3H         SYMBOL        L?0219
  -------         PROC          L?0218
  -------         ENDPROC       L?0218
  C:D7A3H         SYMBOL        L?0219
  -------         PROC          _LCD_DRAWFRONT_COLOR
  X:004FH         SYMBOL        x
  X:0051H         SYMBOL        y
  X:0053H         SYMBOL        color
  C:D7A8H         LINE#         1197
  C:D7C0H         LINE#         1198
  C:D7C0H         LINE#         1199
BL51 BANKED LINKER/LOCATER V6.22                                                      05/26/2020  14:31:19  PAGE 16


  C:D7DFH         LINE#         1200
  -------         ENDPROC       _LCD_DRAWFRONT_COLOR
  -------         PROC          _LCD_DRAWBIGPOINT
  X:03A0H         SYMBOL        x
  X:03A2H         SYMBOL        y
  X:03A4H         SYMBOL        color
  C:D5C6H         LINE#         1205
  C:D5DAH         LINE#         1206
  C:D5DAH         LINE#         1207
  C:D5DDH         LINE#         1208
  C:D5F6H         LINE#         1209
  C:D612H         LINE#         1210
  -------         ENDPROC       _LCD_DRAWBIGPOINT
  -------         PROC          _LCD_DRAWLINE
  X:013FH         SYMBOL        x1
  X:0141H         SYMBOL        y1
  D:0002H         SYMBOL        x2
  X:0145H         SYMBOL        y2
  -------         DO            
  X:0147H         SYMBOL        t
  X:0149H         SYMBOL        xerr
  X:014BH         SYMBOL        yerr
  X:014DH         SYMBOL        delta_x
  X:014FH         SYMBOL        delta_y
  X:0151H         SYMBOL        distance
  X:0153H         SYMBOL        incx
  X:0155H         SYMBOL        incy
  X:0157H         SYMBOL        uRow
  X:0159H         SYMBOL        uCol
  -------         ENDDO         
  C:AB6BH         LINE#         1216
  C:AB79H         LINE#         1217
  C:AB79H         LINE#         1218
  C:AB80H         LINE#         1219
  C:AB88H         LINE#         1221
  C:AB9DH         LINE#         1222
  C:ABB8H         LINE#         1223
  C:ABC7H         LINE#         1224
  C:ABCDH         LINE#         1225
  C:ABE9H         LINE#         1226
  C:ABF5H         LINE#         1227
  C:AC0AH         LINE#         1228
  C:AC26H         LINE#         1229
  C:AC32H         LINE#         1230
  C:AC47H         LINE#         1231
  C:AC6DH         LINE#         1232
  C:AC72H         LINE#         1233
  C:AC97H         LINE#         1234
  C:AC97H         LINE#         1235
  C:ACA8H         LINE#         1236
  C:ACBCH         LINE#         1237
  C:ACD0H         LINE#         1238
  C:ACECH         LINE#         1239
  C:ACECH         LINE#         1240
  C:ACF8H         LINE#         1241
  C:AD0CH         LINE#         1242
  C:AD0CH         LINE#         1243
BL51 BANKED LINKER/LOCATER V6.22                                                      05/26/2020  14:31:19  PAGE 17


  C:AD28H         LINE#         1244
  C:AD28H         LINE#         1245
  C:AD34H         LINE#         1246
  C:AD48H         LINE#         1247
  C:AD48H         LINE#         1248
  C:AD59H         LINE#         1249
  -------         ENDPROC       _LCD_DRAWLINE
  -------         PROC          _LCD_DRAWLINE_COLOR
  X:00E5H         SYMBOL        x1
  X:00E7H         SYMBOL        y1
  D:0002H         SYMBOL        x2
  X:00EBH         SYMBOL        y2
  X:00EDH         SYMBOL        color
  -------         DO            
  X:00EFH         SYMBOL        t
  X:00F1H         SYMBOL        xerr
  X:00F3H         SYMBOL        yerr
  X:00F5H         SYMBOL        delta_x
  X:00F7H         SYMBOL        delta_y
  X:00F9H         SYMBOL        distance
  X:00FBH         SYMBOL        incx
  X:00FDH         SYMBOL        incy
  X:00FFH         SYMBOL        uRow
  X:0101H         SYMBOL        uCol
  -------         ENDDO         
  C:AD5AH         LINE#         1251
  C:AD68H         LINE#         1252
  C:AD68H         LINE#         1254
  C:AD73H         LINE#         1256
  C:AD88H         LINE#         1257
  C:ADA3H         LINE#         1258
  C:ADB2H         LINE#         1259
  C:ADB8H         LINE#         1260
  C:ADD4H         LINE#         1261
  C:ADE0H         LINE#         1262
  C:ADF5H         LINE#         1263
  C:AE11H         LINE#         1264
  C:AE1DH         LINE#         1265
  C:AE32H         LINE#         1266
  C:AE58H         LINE#         1267
  C:AE5DH         LINE#         1268
  C:AE82H         LINE#         1269
  C:AE82H         LINE#         1270
  C:AE95H         LINE#         1271
  C:AEA9H         LINE#         1272
  C:AEBDH         LINE#         1273
  C:AED9H         LINE#         1274
  C:AED9H         LINE#         1275
  C:AEE5H         LINE#         1276
  C:AEF9H         LINE#         1277
  C:AEF9H         LINE#         1278
  C:AF15H         LINE#         1279
  C:AF15H         LINE#         1280
  C:AF21H         LINE#         1281
  C:AF35H         LINE#         1282
  C:AF35H         LINE#         1283
  C:AF46H         LINE#         1284
BL51 BANKED LINKER/LOCATER V6.22                                                      05/26/2020  14:31:19  PAGE 18


  -------         ENDPROC       _LCD_DRAWLINE_COLOR
  -------         PROC          _LCD_DROWSIGN
  X:03A6H         SYMBOL        x
  X:03A8H         SYMBOL        y
  X:03AAH         SYMBOL        color
  -------         DO            
  D:0003H         SYMBOL        i
  -------         ENDDO         
  C:CB6AH         LINE#         1291
  C:CB82H         LINE#         1292
  C:CB82H         LINE#         1296
  C:CBBCH         LINE#         1297
  C:CBBEH         LINE#         1298
  C:CBBEH         LINE#         1299
  C:CBC1H         LINE#         1300
  C:CBC6H         LINE#         1303
  C:CC00H         LINE#         1304
  C:CC02H         LINE#         1305
  C:CC02H         LINE#         1306
  C:CC05H         LINE#         1307
  C:CC0AH         LINE#         1310
  C:CC37H         LINE#         1311
  C:CC39H         LINE#         1312
  C:CC39H         LINE#         1313
  C:CC3CH         LINE#         1314
  C:CC41H         LINE#         1315
  -------         ENDPROC       _LCD_DROWSIGN
  -------         PROC          _LCD_DRAWRECTANGLE
  X:0378H         SYMBOL        x1
  X:037AH         SYMBOL        y1
  X:037CH         SYMBOL        x2
  X:037EH         SYMBOL        y2
  C:D031H         LINE#         1319
  C:D047H         LINE#         1320
  C:D047H         LINE#         1321
  C:D063H         LINE#         1322
  C:D08AH         LINE#         1323
  C:D0B2H         LINE#         1324
  -------         ENDPROC       _LCD_DRAWRECTANGLE
  -------         PROC          _LCD_DRAW_CIRCLE
  X:033DH         SYMBOL        x0
  X:033FH         SYMBOL        y0
  D:0003H         SYMBOL        r
  -------         DO            
  X:0341H         SYMBOL        a
  X:0343H         SYMBOL        b
  X:0345H         SYMBOL        di
  -------         ENDDO         
  C:B130H         LINE#         1329
  C:B13EH         LINE#         1330
  C:B13EH         LINE#         1333
  C:B14DH         LINE#         1334
  C:B161H         LINE#         1335
  C:B180H         LINE#         1336
  C:B180H         LINE#         1337
  C:B18EH         LINE#         1338
  C:B1A7H         LINE#         1339
BL51 BANKED LINKER/LOCATER V6.22                                                      05/26/2020  14:31:19  PAGE 19


  C:B1D2H         LINE#         1340
  C:B1FDH         LINE#         1341
  C:B229H         LINE#         1342
  C:B255H         LINE#         1343
  C:B26CH         LINE#         1344
  C:B287H         LINE#         1345
  C:B295H         LINE#         1347
  C:B2C5H         LINE#         1349
  C:B2C5H         LINE#         1350
  C:B2F6H         LINE#         1351
  C:B304H         LINE#         1352
  C:B304H         LINE#         1353
  C:B307H         LINE#         1354
  -------         ENDPROC       _LCD_DRAW_CIRCLE
  -------         PROC          _LCD_SHOWCHAR
  X:0043H         SYMBOL        x
  X:0045H         SYMBOL        y
  X:0047H         SYMBOL        num
  X:0048H         SYMBOL        size
  X:0049H         SYMBOL        mode
  -------         DO            
  X:004AH         SYMBOL        temp
  X:004BH         SYMBOL        t1
  D:0001H         SYMBOL        t
  X:004CH         SYMBOL        y0
  X:004EH         SYMBOL        csize
  -------         ENDDO         
  C:B9A5H         LINE#         1362
  C:B9BAH         LINE#         1363
  C:B9BAH         LINE#         1365
  C:B9C2H         LINE#         1366
  C:B9EAH         LINE#         1367
  C:B9F1H         LINE#         1368
  C:BA00H         LINE#         1369
  C:BA00H         LINE#         1370
  C:BA1AH         LINE#         1371
  C:BA30H         LINE#         1372
  C:BA5DH         LINE#         1374
  C:BA62H         LINE#         1375
  C:BA62H         LINE#         1376
  C:BA7CH         LINE#         1377
  C:BA96H         LINE#         1378
  C:BA9DH         LINE#         1379
  C:BAABH         LINE#         1380
  C:BAC1H         LINE#         1381
  C:BADDH         LINE#         1382
  C:BADDH         LINE#         1383
  C:BAE5H         LINE#         1384
  C:BAF3H         LINE#         1385
  C:BB09H         LINE#         1387
  C:BB09H         LINE#         1388
  C:BB18H         LINE#         1389
  C:BB1CH         LINE#         1390
  -------         ENDPROC       _LCD_SHOWCHAR
  -------         PROC          L?0222
  -------         ENDPROC       L?0222
  -------         PROC          _LCD_POW
BL51 BANKED LINKER/LOCATER V6.22                                                      05/26/2020  14:31:19  PAGE 20


  X:03ACH         SYMBOL        m
  X:03ADH         SYMBOL        n
  -------         DO            
  X:03AEH         SYMBOL        result
  -------         ENDDO         
  C:D710H         LINE#         1393
  C:D718H         LINE#         1394
  C:D718H         LINE#         1395
  C:D720H         LINE#         1396
  C:D74AH         LINE#         1397
  C:D758H         LINE#         1398
  -------         ENDPROC       _LCD_POW
  -------         PROC          _LCD_SHOWNUM
  X:02DDH         SYMBOL        x
  X:02DFH         SYMBOL        y
  X:02E1H         SYMBOL        num
  X:02E5H         SYMBOL        len
  X:02E6H         SYMBOL        size
  -------         DO            
  X:02E7H         SYMBOL        t
  X:02E8H         SYMBOL        temp
  X:02E9H         SYMBOL        enshow
  -------         ENDDO         
  C:CA8EH         LINE#         1405
  C:CA9CH         LINE#         1406
  C:CA9CH         LINE#         1408
  C:CAA1H         LINE#         1409
  C:CAB6H         LINE#         1410
  C:CAB6H         LINE#         1411
  C:CAE0H         LINE#         1412
  C:CAF3H         LINE#         1413
  C:CAF3H         LINE#         1414
  C:CAF7H         LINE#         1415
  C:CAF7H         LINE#         1416
  C:CB21H         LINE#         1417
  C:CB23H         LINE#         1418
  C:CB29H         LINE#         1420
  C:CB29H         LINE#         1421
  C:CB60H         LINE#         1422
  C:CB69H         LINE#         1423
  -------         ENDPROC       _LCD_SHOWNUM
  -------         PROC          _LCD_SHOWXNUM
  X:02B3H         SYMBOL        x
  X:02B5H         SYMBOL        y
  X:02B7H         SYMBOL        num
  X:02BBH         SYMBOL        len
  X:02BCH         SYMBOL        size
  X:02BDH         SYMBOL        mode
  -------         DO            
  X:02BEH         SYMBOL        t
  X:02BFH         SYMBOL        temp
  X:02C0H         SYMBOL        enshow
  -------         ENDDO         
  C:C290H         LINE#         1434
  C:C29EH         LINE#         1435
  C:C29EH         LINE#         1437
  C:C2A3H         LINE#         1438
BL51 BANKED LINKER/LOCATER V6.22                                                      05/26/2020  14:31:19  PAGE 21


  C:C2B8H         LINE#         1439
  C:C2B8H         LINE#         1440
  C:C2E2H         LINE#         1441
  C:C2F8H         LINE#         1442
  C:C2F8H         LINE#         1443
  C:C2FCH         LINE#         1444
  C:C2FCH         LINE#         1445
  C:C332H         LINE#         1446
  C:C367H         LINE#         1447
  C:C369H         LINE#         1448
  C:C36FH         LINE#         1450
  C:C36FH         LINE#         1451
  C:C3AFH         LINE#         1452
  C:C3B8H         LINE#         1453
  -------         ENDPROC       _LCD_SHOWXNUM
  -------         PROC          _LCD_SHOWSTRING
  X:0036H         SYMBOL        x
  X:0038H         SYMBOL        y
  X:003AH         SYMBOL        width
  X:003CH         SYMBOL        height
  X:003EH         SYMBOL        size
  X:003FH         SYMBOL        p
  -------         DO            
  X:0042H         SYMBOL        x0
  -------         ENDDO         
  C:C9A9H         LINE#         1459
  C:C9BDH         LINE#         1460
  C:C9BDH         LINE#         1461
  C:C9C9H         LINE#         1462
  C:C9D5H         LINE#         1463
  C:C9E9H         LINE#         1464
  C:CA09H         LINE#         1465
  C:CA09H         LINE#         1466
  C:CA3CH         LINE#         1467
  C:CA52H         LINE#         1468
  C:CA6CH         LINE#         1469
  C:CA80H         LINE#         1470
  C:CA8AH         LINE#         1471
  C:CA8DH         LINE#         1472
  -------         ENDPROC       _LCD_SHOWSTRING
  -------         PROC          _LCD_SHOWFONTHZ
  X:0347H         SYMBOL        x
  X:0349H         SYMBOL        y
  X:034BH         SYMBOL        cn
  -------         DO            
  D:0003H         SYMBOL        i
  D:0002H         SYMBOL        j
  X:034EH         SYMBOL        wordNum
  X:034FH         SYMBOL        color
  -------         ENDDO         
  C:C165H         LINE#         1485
  C:C17CH         LINE#         1486
  C:C17CH         LINE#         1489
  C:C18FH         LINE#         1490
  C:C18FH         LINE#         1491
  C:C1C5H         LINE#         1492
  C:C1D7H         LINE#         1493
BL51 BANKED LINKER/LOCATER V6.22                                                      05/26/2020  14:31:19  PAGE 22


  C:C1D7H         LINE#         1494
  C:C218H         LINE#         1496
  C:C218H         LINE#         1498
  C:C219H         LINE#         1499
  C:C219H         LINE#         1500
  C:C240H         LINE#         1501
  C:C242H         LINE#         1502
  C:C242H         LINE#         1503
  C:C249H         LINE#         1504
  C:C249H         LINE#         1505
  C:C24CH         LINE#         1506
  C:C24EH         LINE#         1508
  C:C24EH         LINE#         1509
  C:C254H         LINE#         1510
  C:C254H         LINE#         1511
  C:C261H         LINE#         1512
  C:C266H         LINE#         1513
  C:C26BH         LINE#         1514
  C:C26BH         LINE#         1515
  C:C274H         LINE#         1516
  C:C27EH         LINE#         1517
  C:C28CH         LINE#         1518
  C:C28FH         LINE#         1519
  -------         ENDPROC       _LCD_SHOWFONTHZ
  -------         PROC          _LCD_SHOWPICTURE
  X:0036H         SYMBOL        x
  X:0038H         SYMBOL        y
  X:003AH         SYMBOL        wide
  X:003CH         SYMBOL        high
  X:003EH         SYMBOL        pic
  -------         DO            
  X:0041H         SYMBOL        temp
  X:0043H         SYMBOL        tmp
  X:0047H         SYMBOL        num
  -------         ENDDO         
  C:C038H         LINE#         1573
  C:C04CH         LINE#         1574
  C:C04CH         LINE#         1575
  C:C053H         LINE#         1576
  C:C065H         LINE#         1577
  C:C0ACH         LINE#         1578
  C:C0CFH         LINE#         1580
  C:C0CFH         LINE#         1581
  C:C0FCH         LINE#         1582
  C:C105H         LINE#         1583
  C:C11FH         LINE#         1584
  C:C122H         LINE#         1585
  C:C13FH         LINE#         1586
  C:C13FH         LINE#         1587
  C:C164H         LINE#         1588
  -------         ENDPROC       _LCD_SHOWPICTURE
  -------         ENDMOD        TFTLCD

  -------         MODULE        TOUCH
  C:0000H         SYMBOL        _ICE_DUMMY_
  D:00A0H         PUBLIC        P2
  D:00B0H         PUBLIC        P3
BL51 BANKED LINKER/LOCATER V6.22                                                      05/26/2020  14:31:19  PAGE 23


  D:00A8H         PUBLIC        IE
  D:00B8H         PUBLIC        IP
  B:00A0H.0       PUBLIC        TOUCH_DOUT
  D:00D8H         PUBLIC        CCON
  X:02EAH         PUBLIC        xpt_xy
  C:D926H         PUBLIC        TOUCH_SPI_Read
  D:0098H         PUBLIC        SCON
  D:0088H         PUBLIC        TCON
  C:B6A9H         PUBLIC        _TOUCH_XPT_ReadData
  B:00A0H.1       PUBLIC        TOUCH_CLK
  C:DA71H         PUBLIC        _TOUCH_SPI_Write
  B:00A0H.2       PUBLIC        TOUCH_DIN
  C:DAFAH         PUBLIC        TOUCH_SPI_Start
  C:BEF8H         PUBLIC        TOUCH_Scan
  C:C3B9H         PUBLIC        TOUCH_XPT_ReadXY
  D:00D0H         PUBLIC        PSW
  B:00A0H.3       PUBLIC        TOUCH_CS
  -------         PROC          TOUCH_SPI_START
  C:DAFAH         LINE#         9
  C:DAFAH         LINE#         10
  C:DAFAH         LINE#         11
  C:DAFCH         LINE#         12
  C:DAFEH         LINE#         13
  C:DB00H         LINE#         14
  C:DB02H         LINE#         15
  C:DB04H         LINE#         16
  -------         ENDPROC       TOUCH_SPI_START
  -------         PROC          _TOUCH_SPI_WRITE
  D:0007H         SYMBOL        dat
  -------         DO            
  D:0006H         SYMBOL        i
  -------         ENDDO         
  C:DA71H         LINE#         18
  C:DA71H         LINE#         19
  C:DA71H         LINE#         21
  C:DA73H         LINE#         22
  C:DA75H         LINE#         23
  C:DA75H         LINE#         24
  C:DA80H         LINE#         25
  C:DA84H         LINE#         26
  C:DA86H         LINE#         28
  C:DA88H         LINE#         30
  C:DA8DH         LINE#         31
  -------         ENDPROC       _TOUCH_SPI_WRITE
  -------         PROC          TOUCH_SPI_READ
  -------         DO            
  D:0004H         SYMBOL        i
  X:03C4H         SYMBOL        dat
  -------         ENDDO         
  C:D926H         LINE#         33
  C:D926H         LINE#         34
  C:D926H         LINE#         35
  C:D92DH         LINE#         36
  C:D92FH         LINE#         37
  C:D931H         LINE#         38
  C:D931H         LINE#         39
  C:D93EH         LINE#         41
BL51 BANKED LINKER/LOCATER V6.22                                                      05/26/2020  14:31:19  PAGE 24


  C:D940H         LINE#         42
  C:D942H         LINE#         44
  C:D94DH         LINE#         46
  C:D958H         LINE#         47
  C:D960H         LINE#         48
  -------         ENDPROC       TOUCH_SPI_READ
  -------         PROC          L?0046
  -------         ENDPROC       L?0046
  -------         PROC          _TOUCH_XPT_READDATA
  D:0003H         SYMBOL        cmd
  -------         DO            
  X:015BH         SYMBOL        i
  X:015CH         SYMBOL        j
  X:015DH         SYMBOL        readValue
  X:0171H         SYMBOL        endValue
  -------         ENDDO         
  C:B6A9H         LINE#         52
  C:B6ABH         LINE#         53
  C:B6ABH         LINE#         58
  C:B6ADH         LINE#         59
  C:B6AFH         LINE#         61
  C:B6B4H         LINE#         62
  C:B6B4H         LINE#         63
  C:B6B9H         LINE#         65
  C:B6C8H         LINE#         66
  C:B6CAH         LINE#         67
  C:B6CBH         LINE#         68
  C:B6CCH         LINE#         69
  C:B6CEH         LINE#         70
  C:B6CFH         LINE#         71
  C:B6D0H         LINE#         73
  C:B6E7H         LINE#         74
  C:B6F3H         LINE#         75
  C:B6F5H         LINE#         79
  C:B707H         LINE#         80
  C:B707H         LINE#         81
  C:B718H         LINE#         82
  C:B718H         LINE#         83
  C:B743H         LINE#         84
  C:B743H         LINE#         85
  C:B75DH         LINE#         86
  C:B783H         LINE#         87
  C:B79EH         LINE#         88
  C:B79EH         LINE#         89
  C:B7A7H         LINE#         90
  C:B7B0H         LINE#         95
  C:B7BAH         LINE#         96
  C:B7C0H         LINE#         97
  C:B7C0H         LINE#         98
  C:B7F7H         LINE#         99
  C:B801H         LINE#         100
  C:B81EH         LINE#         102
  C:B828H         LINE#         103
  -------         ENDPROC       _TOUCH_XPT_READDATA
  -------         PROC          TOUCH_XPT_READXY
  -------         DO            
  X:0351H         SYMBOL        x1
BL51 BANKED LINKER/LOCATER V6.22                                                      05/26/2020  14:31:19  PAGE 25


  X:0353H         SYMBOL        x2
  X:0355H         SYMBOL        x
  X:0357H         SYMBOL        y1
  D:0004H         SYMBOL        y2
  X:0359H         SYMBOL        y
  -------         ENDDO         
  C:C3B9H         LINE#         107
  C:C3B9H         LINE#         108
  C:C3B9H         LINE#         111
  C:C3BCH         LINE#         113
  C:C3C4H         LINE#         114
  C:C3CFH         LINE#         115
  C:C3D7H         LINE#         116
  C:C3DEH         LINE#         120
  C:C3F4H         LINE#         121
  C:C3F4H         LINE#         122
  C:C3FCH         LINE#         123
  C:C3FEH         LINE#         125
  C:C3FEH         LINE#         126
  C:C419H         LINE#         127
  C:C419H         LINE#         130
  C:C427H         LINE#         131
  C:C427H         LINE#         132
  C:C42CH         LINE#         133
  C:C42EH         LINE#         135
  C:C42EH         LINE#         136
  C:C441H         LINE#         137
  C:C441H         LINE#         140
  C:C45EH         LINE#         141
  C:C45EH         LINE#         142
  C:C461H         LINE#         143
  C:C461H         LINE#         146
  C:C482H         LINE#         147
  C:C49BH         LINE#         149
  C:C4A2H         LINE#         150
  C:C4A9H         LINE#         153
  C:C4C7H         LINE#         154
  C:C4C7H         LINE#         155
  C:C4CAH         LINE#         156
  C:C4CAH         LINE#         158
  C:C4CCH         LINE#         159
  -------         ENDPROC       TOUCH_XPT_READXY
  -------         PROC          TOUCH_SCAN
  -------         DO            
  X:03B8H         SYMBOL        res
  X:03B9H         SYMBOL        temp
  -------         ENDDO         
  C:BEF8H         LINE#         163
  C:BEF8H         LINE#         164
  C:BEF8H         LINE#         165
  C:BEFDH         LINE#         168
  C:BF06H         LINE#         169
  C:BF06H         LINE#         172
  C:BF0FH         LINE#         173
  C:BF0FH         LINE#         175
  C:BF20H         LINE#         176
  C:BF55H         LINE#         177
BL51 BANKED LINKER/LOCATER V6.22                                                      05/26/2020  14:31:19  PAGE 26


  C:BF66H         LINE#         178
  C:BF90H         LINE#         216
  C:BF93H         LINE#         218
  C:BF93H         LINE#         220
  C:BFAAH         LINE#         221
  C:BFDFH         LINE#         222
  C:BFF0H         LINE#         223
  C:C025H         LINE#         261
  C:C025H         LINE#         278
  C:C02BH         LINE#         279
  C:C02BH         LINE#         280
  C:C02DH         LINE#         282
  C:C032H         LINE#         283
  C:C037H         LINE#         284
  -------         ENDPROC       TOUCH_SCAN
  -------         ENDMOD        TOUCH

  -------         MODULE        GUI
  C:0000H         SYMBOL        _ICE_DUMMY_
  C:D759H         PUBLIC        _gui_pow
  D:00A0H         PUBLIC        P2
  D:00B0H         PUBLIC        P3
  C:D0DBH         PUBLIC        _gui_num2str
  C:A2F0H         PUBLIC        _gui_show_ptstr
  D:00A8H         PUBLIC        IE
  C:B829H         PUBLIC        _gui_get_stringline
  D:00B8H         PUBLIC        IP
  C:C7C8H         PUBLIC        _gui_draw_bigpoint
  C:B4DFH         PUBLIC        _gui_show_num
  C:D639H         PUBLIC        _gui_disabs
  C:9E41H         PUBLIC        _gui_fill_ellipse
  D:00D8H         PUBLIC        CCON
  C:8CABH         PUBLIC        _gui_fill_circle
  C:84DDH         PUBLIC        _gui_draw_ellipse
  C:7E2AH         PUBLIC        _gui_draw_arcrectangle
  D:0098H         PUBLIC        SCON
  C:C6D1H         PUBLIC        _gui_alphablend_area
  D:0088H         PUBLIC        TCON
  C:C8BCH         PUBLIC        _gui_alpha_blend565
  C:D8AEH         PUBLIC        _gui_rgb332torgb565
  C:BB1DH         PUBLIC        _gui_show_strmidex
  C:CFA8H         PUBLIC        _gui_draw_expoint
  C:A75CH         PUBLIC        _gui_show_stringex
  C:9978H         PUBLIC        _gui_draw_bline
  C:AF47H         PUBLIC        _gui_smooth_color
  C:D54BH         PUBLIC        _gui_draw_hline
  C:A0A2H         PUBLIC        _gui_show_ptchar
  C:D19AH         PUBLIC        _gui_draw_vline
  C:D4CBH         PUBLIC        _gui_color_chg
  C:BC69H         PUBLIC        _gui_show_strmid
  C:BDB1H         PUBLIC        _gui_fill_colorblock
  C:A978H         PUBLIC        _gui_draw_line
  C:D8EAH         PUBLIC        _gui_draw_point
  C:972AH         PUBLIC        _gui_draw_circle8
  C:A536H         PUBLIC        _gui_show_string
  C:D34DH         PUBLIC        _gui_fill_rectangle
  C:B324H         PUBLIC        _gui_draw_arc
BL51 BANKED LINKER/LOCATER V6.22                                                      05/26/2020  14:31:19  PAGE 27


  C:C4CDH         PUBLIC        _gui_draw_smooth_rectangle
  C:CDE4H         PUBLIC        _gui_draw_rectangle
  C:88E1H         PUBLIC        _gui_draw_bline1
  D:00D0H         PUBLIC        PSW
  C:CC42H         PUBLIC        _gui_show_ptstrwhiterim
  -------         PROC          _GUI_COLOR_CHG
  X:0380H         SYMBOL        rgb
  -------         DO            
  X:0384H         SYMBOL        r
  X:0386H         SYMBOL        g
  D:0004H         SYMBOL        b
  -------         ENDDO         
  C:D4CBH         LINE#         15
  C:D4D1H         LINE#         16
  C:D4D1H         LINE#         18
  C:D4EAH         LINE#         19
  C:D509H         LINE#         20
  C:D524H         LINE#         21
  C:D54AH         LINE#         22
  -------         ENDPROC       _GUI_COLOR_CHG
  -------         PROC          _GUI_RGB332TORGB565
  D:0004H         SYMBOL        rgb332
  -------         DO            
  D:0002H         SYMBOL        rgb565
  -------         ENDDO         
  C:D8AEH         LINE#         26
  C:D8B2H         LINE#         27
  C:D8B2H         LINE#         28
  C:D8B6H         LINE#         29
  C:D8CBH         LINE#         30
  C:D8E0H         LINE#         31
  C:D8E6H         LINE#         32
  C:D8E9H         LINE#         33
  -------         ENDPROC       _GUI_RGB332TORGB565
  -------         PROC          _GUI_POW
  X:03B2H         SYMBOL        m
  X:03B3H         SYMBOL        n
  -------         DO            
  X:03B4H         SYMBOL        result
  -------         ENDDO         
  C:D759H         LINE#         35
  C:D761H         LINE#         36
  C:D761H         LINE#         37
  C:D769H         LINE#         38
  C:D793H         LINE#         39
  C:D7A1H         LINE#         40
  -------         ENDPROC       _GUI_POW
  -------         PROC          _GUI_DISABS
  X:0388H         SYMBOL        x1
  X:038CH         SYMBOL        x2
  C:D639H         LINE#         42
  C:D63FH         LINE#         43
  C:D63FH         LINE#         44
  C:D6A3H         LINE#         45
  -------         ENDPROC       _GUI_DISABS
  -------         PROC          _GUI_DRAW_POINT
  X:03BDH         SYMBOL        x0
BL51 BANKED LINKER/LOCATER V6.22                                                      05/26/2020  14:31:19  PAGE 28


  D:0004H         SYMBOL        y0
  D:0002H         SYMBOL        color
  -------         DO            
  X:03BFH         SYMBOL        tempcolor
  -------         ENDDO         
  C:D8EAH         LINE#         51
  C:D8F2H         LINE#         52
  C:D8F2H         LINE#         53
  C:D901H         LINE#         54
  C:D90BH         LINE#         55
  C:D916H         LINE#         56
  C:D925H         LINE#         57
  -------         ENDPROC       _GUI_DRAW_POINT
  -------         PROC          _GUI_ALPHABLEND_AREA
  X:0272H         SYMBOL        x
  X:0274H         SYMBOL        y
  X:0276H         SYMBOL        width
  X:0278H         SYMBOL        height
  X:027AH         SYMBOL        color
  X:027CH         SYMBOL        aval
  -------         DO            
  X:027DH         SYMBOL        i
  X:027FH         SYMBOL        j
  X:0281H         SYMBOL        tempcolor
  -------         ENDDO         
  C:C6D1H         LINE#         63
  C:C6E5H         LINE#         64
  C:C6E5H         LINE#         67
  C:C704H         LINE#         68
  C:C704H         LINE#         69
  C:C723H         LINE#         70
  C:C723H         LINE#         71
  C:C756H         LINE#         72
  C:C76CH         LINE#         73
  C:C79FH         LINE#         74
  C:C7B3H         LINE#         75
  C:C7C7H         LINE#         76
  -------         ENDPROC       _GUI_ALPHABLEND_AREA
  -------         PROC          _GUI_DRAW_BIGPOINT
  X:02C1H         SYMBOL        x0
  X:02C3H         SYMBOL        y0
  X:02C5H         SYMBOL        color
  -------         DO            
  X:02C7H         SYMBOL        i
  X:02C9H         SYMBOL        j
  X:02CBH         SYMBOL        x
  X:02CDH         SYMBOL        y
  -------         ENDDO         
  C:C7C8H         LINE#         82
  C:C7DEH         LINE#         83
  C:C7DEH         LINE#         86
  C:C7F9H         LINE#         87
  C:C808H         LINE#         88
  C:C824H         LINE#         89
  C:C833H         LINE#         90
  C:C85DH         LINE#         91
  C:C85DH         LINE#         92
BL51 BANKED LINKER/LOCATER V6.22                                                      05/26/2020  14:31:19  PAGE 29


  C:C8ABH         LINE#         93
  C:C8BBH         LINE#         94
  -------         ENDPROC       _GUI_DRAW_BIGPOINT
  -------         PROC          _GUI_DRAW_LINE
  X:0103H         SYMBOL        x0
  X:0105H         SYMBOL        y0
  D:0002H         SYMBOL        x1
  X:0109H         SYMBOL        y1
  X:010BH         SYMBOL        color
  -------         DO            
  X:010DH         SYMBOL        t
  X:010FH         SYMBOL        xerr
  X:0111H         SYMBOL        yerr
  X:0113H         SYMBOL        delta_x
  X:0115H         SYMBOL        delta_y
  X:0117H         SYMBOL        distance
  X:0119H         SYMBOL        incx
  X:011BH         SYMBOL        incy
  X:011DH         SYMBOL        uRow
  X:011FH         SYMBOL        uCol
  -------         ENDDO         
  C:A978H         LINE#         98
  C:A986H         LINE#         99
  C:A986H         LINE#         101
  C:A991H         LINE#         104
  C:A9A6H         LINE#         105
  C:A9C1H         LINE#         106
  C:A9D0H         LINE#         107
  C:A9D6H         LINE#         108
  C:A9F2H         LINE#         109
  C:A9FEH         LINE#         110
  C:AA13H         LINE#         111
  C:AA2FH         LINE#         112
  C:AA3BH         LINE#         113
  C:AA50H         LINE#         114
  C:AA76H         LINE#         115
  C:AA7BH         LINE#         116
  C:AAA0H         LINE#         117
  C:AAA0H         LINE#         118
  C:AAB9H         LINE#         119
  C:AACDH         LINE#         120
  C:AAE1H         LINE#         121
  C:AAFDH         LINE#         122
  C:AAFDH         LINE#         123
  C:AB09H         LINE#         124
  C:AB1DH         LINE#         125
  C:AB1DH         LINE#         126
  C:AB39H         LINE#         127
  C:AB39H         LINE#         128
  C:AB45H         LINE#         129
  C:AB59H         LINE#         130
  C:AB59H         LINE#         131
  C:AB6AH         LINE#         132
  -------         ENDPROC       _GUI_DRAW_LINE
  -------         PROC          _GUI_DRAW_BLINE
  X:00A7H         SYMBOL        x1
  X:00A9H         SYMBOL        y1
BL51 BANKED LINKER/LOCATER V6.22                                                      05/26/2020  14:31:19  PAGE 30


  X:00ABH         SYMBOL        x2
  X:00ADH         SYMBOL        y2
  X:00AFH         SYMBOL        size
  X:00B0H         SYMBOL        color
  -------         DO            
  X:00B2H         SYMBOL        t
  X:00B4H         SYMBOL        xerr
  X:00B6H         SYMBOL        yerr
  X:00B8H         SYMBOL        delta_x
  X:00BAH         SYMBOL        delta_y
  X:00BCH         SYMBOL        distance
  X:00BEH         SYMBOL        incx
  X:00C0H         SYMBOL        incy
  X:00C2H         SYMBOL        uRow
  X:00C4H         SYMBOL        uCol
  -------         ENDDO         
  C:9978H         LINE#         137
  C:998CH         LINE#         138
  C:998CH         LINE#         140
  C:9997H         LINE#         142
  C:99DCH         LINE#         143
  C:99F5H         LINE#         144
  C:9A10H         LINE#         145
  C:9A2BH         LINE#         146
  C:9A33H         LINE#         147
  C:9A41H         LINE#         148
  C:9A5DH         LINE#         149
  C:9A69H         LINE#         150
  C:9A7EH         LINE#         151
  C:9A9AH         LINE#         152
  C:9AA6H         LINE#         153
  C:9ABBH         LINE#         154
  C:9AE1H         LINE#         155
  C:9AE6H         LINE#         156
  C:9B0BH         LINE#         157
  C:9B0BH         LINE#         158
  C:9B32H         LINE#         159
  C:9B46H         LINE#         160
  C:9B5AH         LINE#         161
  C:9B96H         LINE#         162
  C:9BD2H         LINE#         163
  C:9BE3H         LINE#         164
  -------         ENDPROC       _GUI_DRAW_BLINE
  -------         PROC          _GUI_DRAW_BLINE1
  X:00C6H         SYMBOL        x0
  X:00C8H         SYMBOL        y0
  D:0002H         SYMBOL        x1
  X:00CCH         SYMBOL        y1
  X:00CEH         SYMBOL        size
  X:00CFH         SYMBOL        color
  -------         DO            
  X:00D1H         SYMBOL        t
  X:00D3H         SYMBOL        xerr
  X:00D5H         SYMBOL        yerr
  X:00D7H         SYMBOL        delta_x
  X:00D9H         SYMBOL        delta_y
  X:00DBH         SYMBOL        distance
BL51 BANKED LINKER/LOCATER V6.22                                                      05/26/2020  14:31:19  PAGE 31


  X:00DDH         SYMBOL        incx
  X:00DFH         SYMBOL        incy
  X:00E1H         SYMBOL        uRow
  X:00E3H         SYMBOL        uCol
  -------         ENDDO         
  C:88E1H         LINE#         170
  C:88EFH         LINE#         171
  C:88EFH         LINE#         173
  C:88FAH         LINE#         176
  C:890FH         LINE#         177
  C:892AH         LINE#         178
  C:8939H         LINE#         179
  C:893FH         LINE#         180
  C:895BH         LINE#         181
  C:8967H         LINE#         182
  C:897CH         LINE#         183
  C:8998H         LINE#         184
  C:89A4H         LINE#         185
  C:89B9H         LINE#         186
  C:89DFH         LINE#         187
  C:89E4H         LINE#         188
  C:8A09H         LINE#         189
  C:8A09H         LINE#         190
  C:8A28H         LINE#         191
  C:8A33H         LINE#         192
  C:8A33H         LINE#         193
  C:8A4CH         LINE#         194
  C:8A6DH         LINE#         195
  C:8A8EH         LINE#         196
  C:8AB5H         LINE#         197
  C:8AB5H         LINE#         198
  C:8AC0H         LINE#         199
  C:8AC0H         LINE#         200
  C:8AD9H         LINE#         201
  C:8AFAH         LINE#         202
  C:8B1BH         LINE#         203
  C:8B42H         LINE#         204
  C:8B69H         LINE#         205
  C:8B90H         LINE#         206
  C:8BB7H         LINE#         207
  C:8BD8H         LINE#         208
  C:8BF9H         LINE#         209
  C:8BF9H         LINE#         210
  C:8C0DH         LINE#         211
  C:8C21H         LINE#         212
  C:8C3DH         LINE#         213
  C:8C3DH         LINE#         214
  C:8C49H         LINE#         215
  C:8C5DH         LINE#         216
  C:8C5DH         LINE#         217
  C:8C79H         LINE#         218
  C:8C79H         LINE#         219
  C:8C85H         LINE#         220
  C:8C99H         LINE#         221
  C:8C99H         LINE#         222
  C:8CAAH         LINE#         223
  -------         ENDPROC       _GUI_DRAW_BLINE1
BL51 BANKED LINKER/LOCATER V6.22                                                      05/26/2020  14:31:19  PAGE 32


  C:D195H         SYMBOL        L?0339
  -------         PROC          L?0338
  -------         ENDPROC       L?0338
  C:D195H         SYMBOL        L?0339
  -------         PROC          _GUI_DRAW_VLINE
  X:0390H         SYMBOL        x0
  X:0392H         SYMBOL        y0
  X:0394H         SYMBOL        len
  X:0396H         SYMBOL        color
  C:D19AH         LINE#         228
  C:D1AEH         LINE#         229
  C:D1AEH         LINE#         230
  C:D1DCH         LINE#         231
  C:D21AH         LINE#         232
  -------         ENDPROC       _GUI_DRAW_VLINE
  -------         PROC          _GUI_DRAW_HLINE
  X:0398H         SYMBOL        x0
  X:039AH         SYMBOL        y0
  D:0002H         SYMBOL        len
  X:039EH         SYMBOL        color
  C:D54BH         LINE#         237
  C:D559H         LINE#         238
  C:D559H         LINE#         239
  C:D587H         LINE#         240
  C:D5C5H         LINE#         241
  -------         ENDPROC       _GUI_DRAW_HLINE
  -------         PROC          _GUI_FILL_COLORBLOCK
  X:02CFH         SYMBOL        x0
  X:02D1H         SYMBOL        y0
  X:02D3H         SYMBOL        width
  X:02D5H         SYMBOL        height
  X:02D7H         SYMBOL        ctbl
  X:02DAH         SYMBOL        mode
  -------         DO            
  X:02DBH         SYMBOL        i
  -------         ENDDO         
  C:BDB1H         LINE#         248
  C:BDC5H         LINE#         249
  C:BDC5H         LINE#         251
  C:BDDDH         LINE#         252
  C:BDE7H         LINE#         253
  C:BDE7H         LINE#         254
  C:BE05H         LINE#         255
  C:BE05H         LINE#         256
  C:BE63H         LINE#         257
  C:BE74H         LINE#         258
  C:BE74H         LINE#         259
  C:BE74H         LINE#         260
  C:BE91H         LINE#         261
  C:BE91H         LINE#         262
  C:BEE7H         LINE#         263
  C:BEF7H         LINE#         264
  C:BEF7H         LINE#         265
  -------         ENDPROC       _GUI_FILL_COLORBLOCK
  -------         PROC          _GUI_SMOOTH_COLOR
  X:0121H         SYMBOL        srgb
  X:0125H         SYMBOL        ergb
BL51 BANKED LINKER/LOCATER V6.22                                                      05/26/2020  14:31:19  PAGE 33


  X:0129H         SYMBOL        cbuf
  X:012CH         SYMBOL        len
  -------         DO            
  X:012EH         SYMBOL        sr
  X:012FH         SYMBOL        sg
  X:0130H         SYMBOL        sb
  X:0131H         SYMBOL        dr
  X:0133H         SYMBOL        dg
  X:0135H         SYMBOL        db
  X:0137H         SYMBOL        r
  X:0139H         SYMBOL        g
  X:013BH         SYMBOL        b
  X:013DH         SYMBOL        i
  -------         ENDDO         
  C:AF47H         LINE#         271
  C:AF4DH         LINE#         272
  C:AF4DH         LINE#         276
  C:AF54H         LINE#         277
  C:AF6DH         LINE#         278
  C:AF86H         LINE#         279
  C:AF95H         LINE#         280
  C:AFB8H         LINE#         281
  C:AFDBH         LINE#         282
  C:AFF3H         LINE#         283
  C:B012H         LINE#         284
  C:B012H         LINE#         285
  C:B040H         LINE#         286
  C:B06BH         LINE#         287
  C:B096H         LINE#         288
  C:B0ACH         LINE#         289
  C:B0C2H         LINE#         290
  C:B0D8H         LINE#         291
  C:B11EH         LINE#         292
  C:B12FH         LINE#         293
  -------         ENDPROC       _GUI_SMOOTH_COLOR
  -------         PROC          _GUI_DRAW_SMOOTH_RECTANGLE
  X:01BFH         SYMBOL        x
  X:01C1H         SYMBOL        y
  X:01C3H         SYMBOL        width
  X:01C5H         SYMBOL        height
  X:01C7H         SYMBOL        srgb
  X:01CBH         SYMBOL        ergb
  -------         DO            
  X:01CFH         SYMBOL        i
  X:01D1H         SYMBOL        j
  X:01D3H         SYMBOL        colortbl
  -------         ENDDO         
  C:C4CDH         LINE#         298
  C:C4E1H         LINE#         299
  C:C4E1H         LINE#         303
  C:C52AH         LINE#         304
  C:C549H         LINE#         305
[...]
  C:A241H         LINE#         618
  C:A248H         LINE#         619
  C:A256H         LINE#         620
  C:A277H         LINE#         621
  C:A277H         LINE#         622
  C:A27FH         LINE#         623
  C:A28DH         LINE#         624
  C:A28FH         LINE#         625
  C:A28FH         LINE#         626
  C:A2A0H         LINE#         627
  C:A2A0H         LINE#         628
BL51 BANKED LINKER/LOCATER V6.22                                                      05/26/2020  14:31:19  PAGE 41


  C:A2A0H         LINE#         629
  C:A2AEH         LINE#         630
  C:A2D0H         LINE#         631
  C:A2D0H         LINE#         632
  C:A2D8H         LINE#         633
  C:A2E6H         LINE#         634
  C:A2E6H         LINE#         635
  C:A2E6H         LINE#         636
  C:A2EFH         LINE#         637
  -------         ENDPROC       _GUI_SHOW_PTCHAR
  -------         PROC          _GUI_SHOW_NUM
  X:02A3H         SYMBOL        x
  X:02A5H         SYMBOL        y
  X:02A7H         SYMBOL        len
  X:02A8H         SYMBOL        color
  X:02AAH         SYMBOL        size
  X:02ABH         SYMBOL        num
  X:02AFH         SYMBOL        mode
  -------         DO            
  X:02B0H         SYMBOL        t
  X:02B1H         SYMBOL        temp
  X:02B2H         SYMBOL        enshow
  -------         ENDDO         
  C:B4DFH         LINE#         648
  C:B4F0H         LINE#         649
  C:B4F0H         LINE#         651
  C:B4F5H         LINE#         652
  C:B50AH         LINE#         653
  C:B50AH         LINE#         654
  C:B53BH         LINE#         655
  C:B554H         LINE#         656
  C:B554H         LINE#         657
  C:B55BH         LINE#         658
  C:B55BH         LINE#         659
  C:B5BDH         LINE#         660
  C:B619H         LINE#         661
  C:B61BH         LINE#         662
  C:B621H         LINE#         664
  C:B621H         LINE#         665
  C:B698H         LINE#         666
  C:B6A1H         LINE#         667
  -------         ENDPROC       _GUI_SHOW_NUM
  -------         PROC          _GUI_NUM2STR
  X:036FH         SYMBOL        str
  X:0372H         SYMBOL        num
  -------         DO            
  X:0376H         SYMBOL        t
  D:0007H         SYMBOL        temp
  X:0377H         SYMBOL        enrec
  -------         ENDDO         
  C:D0DBH         LINE#         672
  C:D0EAH         LINE#         673
  C:D0EAH         LINE#         675
  C:D0EFH         LINE#         676
  C:D0FDH         LINE#         677
  C:D0FDH         LINE#         678
  C:D12BH         LINE#         679
BL51 BANKED LINKER/LOCATER V6.22                                                      05/26/2020  14:31:19  PAGE 42


  C:D13AH         LINE#         680
  C:D13AH         LINE#         681
  C:D13FH         LINE#         682
  C:D145H         LINE#         683
  C:D145H         LINE#         684
  C:D158H         LINE#         685
  C:D162H         LINE#         686
  C:D16AH         LINE#         687
  C:D179H         LINE#         688
  C:D184H         LINE#         689
  -------         ENDPROC       _GUI_NUM2STR
  -------         PROC          _GUI_SHOW_PTSTR
  X:0229H         SYMBOL        x
  X:022BH         SYMBOL        y
  X:022DH         SYMBOL        xend
  X:022FH         SYMBOL        yend
  X:0231H         SYMBOL        offset
  X:0233H         SYMBOL        color
  X:0235H         SYMBOL        size
  X:0236H         SYMBOL        str
  X:0239H         SYMBOL        mode
  -------         DO            
  X:023AH         SYMBOL        bHz
  X:023BH         SYMBOL        EnDisp
  -------         ENDDO         
  C:A2F0H         LINE#         699
  C:A304H         LINE#         700
  C:A304H         LINE#         701
  C:A309H         LINE#         702
  C:A30BH         LINE#         703
  C:A31FH         LINE#         704
  C:A31FH         LINE#         705
  C:A328H         LINE#         706
  C:A328H         LINE#         707
  C:A333H         LINE#         709
  C:A333H         LINE#         710
  C:A339H         LINE#         711
  C:A339H         LINE#         712
  C:A350H         LINE#         713
  C:A350H         LINE#         714
  C:A35DH         LINE#         715
  C:A35FH         LINE#         716
  C:A35FH         LINE#         717
  C:A376H         LINE#         718
  C:A37CH         LINE#         719
  C:A37CH         LINE#         720
  C:A37CH         LINE#         721
  C:A387H         LINE#         722
  C:A387H         LINE#         723
  C:A3EFH         LINE#         724
  C:A422H         LINE#         725
  C:A42AH         LINE#         726
  C:A435H         LINE#         727
  C:A435H         LINE#         728
  C:A442H         LINE#         729
  C:A449H         LINE#         730
  C:A449H         LINE#         731
BL51 BANKED LINKER/LOCATER V6.22                                                      05/26/2020  14:31:19  PAGE 43


  C:A449H         LINE#         732
  C:A461H         LINE#         733
  C:A468H         LINE#         734
  C:A468H         LINE#         735
  C:A46BH         LINE#         736
  C:A46BH         LINE#         737
  C:A470H         LINE#         738
  C:A474H         LINE#         739
  C:A474H         LINE#         740
  C:A489H         LINE#         741
  C:A489H         LINE#         742
  C:A496H         LINE#         743
  C:A498H         LINE#         744
  C:A498H         LINE#         745
  C:A4AFH         LINE#         746
  C:A4B5H         LINE#         747
  C:A4B5H         LINE#         748
  C:A4B5H         LINE#         749
  C:A4BBH         LINE#         750
  C:A4BBH         LINE#         752
  C:A4ECH         LINE#         753
  C:A4F4H         LINE#         754
  C:A4FFH         LINE#         755
  C:A4FFH         LINE#         756
  C:A50CH         LINE#         757
  C:A513H         LINE#         758
  C:A513H         LINE#         759
  C:A513H         LINE#         760
  C:A528H         LINE#         761
  C:A532H         LINE#         762
  C:A532H         LINE#         763
  C:A535H         LINE#         764
  -------         ENDPROC       _GUI_SHOW_PTSTR
  -------         PROC          _GUI_SHOW_PTSTRWHITERIM
  X:0260H         SYMBOL        x
  X:0262H         SYMBOL        y
  X:0264H         SYMBOL        xend
  X:0266H         SYMBOL        yend
  X:0268H         SYMBOL        offset
  X:026AH         SYMBOL        color
  X:026CH         SYMBOL        rimcolor
  X:026EH         SYMBOL        size
  X:026FH         SYMBOL        str
  C:CC42H         LINE#         774
  C:CC56H         LINE#         775
  C:CC56H         LINE#         776
  C:CCADH         LINE#         777
  -------         ENDPROC       _GUI_SHOW_PTSTRWHITERIM
  -------         PROC          _GUI_GET_STRINGLINE
  X:031CH         SYMBOL        str
  X:031FH         SYMBOL        linelenth
  X:0321H         SYMBOL        font
  -------         DO            
  X:0322H         SYMBOL        xpos
  X:0324H         SYMBOL        lincnt
  -------         ENDDO         
  C:B829H         LINE#         785
BL51 BANKED LINKER/LOCATER V6.22                                                      05/26/2020  14:31:19  PAGE 44


  C:B83CH         LINE#         786
  C:B83CH         LINE#         787
  C:B843H         LINE#         788
  C:B84BH         LINE#         789
  C:B861H         LINE#         790
  C:B891H         LINE#         791
  C:B891H         LINE#         792
  C:B8B1H         LINE#         793
  C:B8B1H         LINE#         794
  C:B8C0H         LINE#         795
  C:B8C7H         LINE#         796
  C:B8E6H         LINE#         797
  C:B8EDH         LINE#         798
  C:B903H         LINE#         799
  C:B903H         LINE#         800
  C:B916H         LINE#         801
  C:B920H         LINE#         802
  C:B938H         LINE#         803
  C:B938H         LINE#         804
  C:B938H         LINE#         805
  C:B938H         LINE#         806
  C:B938H         LINE#         807
  C:B93AH         LINE#         808
  C:B93AH         LINE#         809
  C:B94FH         LINE#         810
  C:B959H         LINE#         811
  C:B971H         LINE#         812
  C:B971H         LINE#         813
  C:B976H         LINE#         814
  C:B993H         LINE#         815
  C:B993H         LINE#         816
  C:B993H         LINE#         817
  C:B996H         LINE#         818
  C:B9A4H         LINE#         819
  -------         ENDPROC       _GUI_GET_STRINGLINE
  -------         PROC          _GUI_SHOW_STRING
  X:01EDH         SYMBOL        str
  X:01F0H         SYMBOL        x
  X:01F2H         SYMBOL        y
  X:01F4H         SYMBOL        width
  X:01F6H         SYMBOL        height
  X:01F8H         SYMBOL        font
  X:01F9H         SYMBOL        fcolor
  -------         DO            
  X:01FBH         SYMBOL        xpos
  X:01FDH         SYMBOL        ypos
  X:01FFH         SYMBOL        endx
  X:0201H         SYMBOL        endy
  -------         ENDDO         
  C:A536H         LINE#         826
  C:A547H         LINE#         827
  C:A547H         LINE#         828
  C:A557H         LINE#         829
  C:A567H         LINE#         830
  C:A581H         LINE#         831
  C:A59BH         LINE#         832
  C:A5B3H         LINE#         833
BL51 BANKED LINKER/LOCATER V6.22                                                      05/26/2020  14:31:19  PAGE 45


  C:A5C6H         LINE#         834
  C:A5C6H         LINE#         835
  C:A5DAH         LINE#         836
  C:A5DAH         LINE#         837
  C:A5E9H         LINE#         838
  C:A5F0H         LINE#         839
  C:A5FFH         LINE#         840
  C:A611H         LINE#         841
  C:A625H         LINE#         842
  C:A625H         LINE#         843
  C:A64DH         LINE#         844
  C:A64DH         LINE#         845
  C:A65CH         LINE#         846
  C:A668H         LINE#         847
  C:A668H         LINE#         849
  C:A67AH         LINE#         850
  C:A681H         LINE#         852
  C:A684H         LINE#         853
  C:A684H         LINE#         854
  C:A6AEH         LINE#         855
  C:A6AEH         LINE#         856
  C:A6BDH         LINE#         857
  C:A6CAH         LINE#         858
  C:A6CAH         LINE#         859
  C:A724H         LINE#         860
  C:A738H         LINE#         861
  C:A742H         LINE#         862
  C:A742H         LINE#         863
  C:A75BH         LINE#         865
  -------         ENDPROC       _GUI_SHOW_STRING
  -------         PROC          _GUI_SHOW_STRINGEX
  X:01D6H         SYMBOL        x
  X:01D8H         SYMBOL        y
  D:0002H         SYMBOL        width
  X:01DCH         SYMBOL        height
  X:01DEH         SYMBOL        fcolor
  X:01E0H         SYMBOL        font
  X:01E1H         SYMBOL        str
  X:01E4H         SYMBOL        mode
  -------         DO            
  X:01E5H         SYMBOL        xpos
  X:01E7H         SYMBOL        ypos
  X:01E9H         SYMBOL        endx
  X:01EBH         SYMBOL        endy
  -------         ENDDO         
  C:A75CH         LINE#         873
  C:A76AH         LINE#         874
  C:A76AH         LINE#         875
  C:A77AH         LINE#         876
  C:A789H         LINE#         877
  C:A799H         LINE#         878
  C:A7B9H         LINE#         879
  C:A7CBH         LINE#         880
  C:A7DEH         LINE#         881
  C:A7DEH         LINE#         882
  C:A7F2H         LINE#         883
  C:A7F2H         LINE#         884
BL51 BANKED LINKER/LOCATER V6.22                                                      05/26/2020  14:31:19  PAGE 46


  C:A801H         LINE#         885
  C:A808H         LINE#         886
  C:A817H         LINE#         887
  C:A829H         LINE#         888
  C:A83DH         LINE#         889
  C:A83DH         LINE#         890
  C:A865H         LINE#         891
  C:A865H         LINE#         892
  C:A874H         LINE#         893
  C:A880H         LINE#         894
  C:A880H         LINE#         896
  C:A892H         LINE#         897
  C:A899H         LINE#         899
  C:A89CH         LINE#         900
  C:A89CH         LINE#         901
  C:A8C6H         LINE#         902
  C:A8C6H         LINE#         903
  C:A8D5H         LINE#         904
  C:A8E2H         LINE#         905
  C:A8E2H         LINE#         906
  C:A940H         LINE#         907
  C:A954H         LINE#         908
  C:A95EH         LINE#         909
  C:A95EH         LINE#         910
  C:A977H         LINE#         912
  -------         ENDPROC       _GUI_SHOW_STRINGEX
  -------         ENDMOD        GUI

  -------         MODULE        ?C?CLDPTR
  C:93B0H         PUBLIC        ?C?CLDPTR
  -------         ENDMOD        ?C?CLDPTR

  -------         MODULE        ?C?CLDOPTR
  C:93C9H         PUBLIC        ?C?CLDOPTR
  -------         ENDMOD        ?C?CLDOPTR

  -------         MODULE        ?C?CSTPTR
  C:93F6H         PUBLIC        ?C?CSTPTR
  -------         ENDMOD        ?C?CSTPTR

  -------         MODULE        ?C?IMUL
  C:9408H         PUBLIC        ?C?IMUL
  -------         ENDMOD        ?C?IMUL

  -------         MODULE        ?C?UIDIV
  C:941AH         PUBLIC        ?C?UIDIV
  -------         ENDMOD        ?C?UIDIV

  -------         MODULE        ?C?IILDX
  C:946FH         PUBLIC        ?C?IILDX
  -------         ENDMOD        ?C?IILDX

  -------         MODULE        ?C?ILDIX
  C:9485H         PUBLIC        ?C?ILDIX
  -------         ENDMOD        ?C?ILDIX

  -------         MODULE        ?C?ILDOPTR
BL51 BANKED LINKER/LOCATER V6.22                                                      05/26/2020  14:31:19  PAGE 47


  C:949BH         PUBLIC        ?C?ILDOPTR
  -------         ENDMOD        ?C?ILDOPTR

  -------         MODULE        ?C?ISTOPTR
  C:94D3H         PUBLIC        ?C?ISTOPTR
  -------         ENDMOD        ?C?ISTOPTR

  -------         MODULE        ?C?LMUL
  C:9500H         PUBLIC        ?C?LMUL
  -------         ENDMOD        ?C?LMUL

  -------         MODULE        ?C?ULDIV
  C:958BH         PUBLIC        ?C?ULDIV
  -------         ENDMOD        ?C?ULDIV

  -------         MODULE        ?C?SLDIV
  C:D7EAH         PUBLIC        ?C?SLDIV
  -------         ENDMOD        ?C?SLDIV

  -------         MODULE        ?C?SLCMP
  C:961DH         PUBLIC        ?C?SLCMP
  -------         ENDMOD        ?C?SLCMP

  -------         MODULE        ?C?ULCMP
  C:9633H         PUBLIC        ?C?ULCMP
  -------         ENDMOD        ?C?ULCMP

  -------         MODULE        ?C?ULSHR
  C:9644H         PUBLIC        ?C?ULSHR
  -------         ENDMOD        ?C?ULSHR

  -------         MODULE        ?C?LSTXDATA
  C:9657H         PUBLIC        ?C?LSTXDATA
  -------         ENDMOD        ?C?LSTXDATA

  -------         MODULE        ?C?LSTKXDATA
  C:9663H         PUBLIC        ?C?LSTKXDATA
  -------         ENDMOD        ?C?LSTKXDATA

  -------         MODULE        ?C?LIMUL
  C:9694H         PUBLIC        ?C?LIMUL
  -------         ENDMOD        ?C?LIMUL

  -------         MODULE        PRINTF
  X:0036H         PUBLIC        ?_PRINTF517?BYTE
  X:0036H         PUBLIC        ?_PRINTF?BYTE
  X:0036H         PUBLIC        ?_SPRINTF517?BYTE
  X:0036H         PUBLIC        ?_SPRINTF?BYTE
  C:90B6H         PUBLIC        _PRINTF
  C:90B6H         PUBLIC        _PRINTF517
  C:90B0H         PUBLIC        _SPRINTF
  C:90B0H         PUBLIC        _SPRINTF517
  -------         ENDMOD        PRINTF

  -------         MODULE        STRLEN
  C:DABEH         PUBLIC        _STRLEN
  -------         ENDMOD        STRLEN
BL51 BANKED LINKER/LOCATER V6.22                                                      05/26/2020  14:31:19  PAGE 48



  -------         MODULE        ?C?PLDIXDATA
  C:96C1H         PUBLIC        ?C?PLDIXDATA
  -------         ENDMOD        ?C?PLDIXDATA

  -------         MODULE        ?C?PSTXDATA
  C:96D8H         PUBLIC        ?C?PSTXDATA
  -------         ENDMOD        ?C?PSTXDATA

  -------         MODULE        ?C?CCASE
  C:96E1H         PUBLIC        ?C?CCASE
  -------         ENDMOD        ?C?CCASE

  -------         MODULE        PUTCHAR
  C:D9C3H         PUBLIC        _PUTCHAR
  -------         ENDMOD        PUTCHAR

*** WARNING L16: UNCALLED SEGMENT, IGNORED FOR OVERLAY PROCESS
    SEGMENT: ?PR?_UART_CMD?UART

*** WARNING L16: UNCALLED SEGMENT, IGNORED FOR OVERLAY PROCESS
    SEGMENT: ?PR?_UART_SENDSTRING?UART

*** WARNING L16: UNCALLED SEGMENT, IGNORED FOR OVERLAY PROCESS
    SEGMENT: ?PR?_DELAY?TFTLCD

*** WARNING L16: UNCALLED SEGMENT, IGNORED FOR OVERLAY PROCESS
    SEGMENT: ?PR?_LCD_COLOR_FILL?TFTLCD

*** WARNING L16: UNCALLED SEGMENT, IGNORED FOR OVERLAY PROCESS
    SEGMENT: ?PR?_LCD_DRAWBIGPOINT?TFTLCD

*** WARNING L16: UNCALLED SEGMENT, IGNORED FOR OVERLAY PROCESS
    SEGMENT: ?PR?_LCD_DRAWLINE_COLOR?TFTLCD

*** WARNING L16: UNCALLED SEGMENT, IGNORED FOR OVERLAY PROCESS
    SEGMENT: ?PR?_LCD_DROWSIGN?TFTLCD

*** WARNING L16: UNCALLED SEGMENT, IGNORED FOR OVERLAY PROCESS
    SEGMENT: ?PR?_LCD_DRAWRECTANGLE?TFTLCD

*** WARNING L16: UNCALLED SEGMENT, IGNORED FOR OVERLAY PROCESS
    SEGMENT: ?PR?_LCD_DRAW_CIRCLE?TFTLCD

*** WARNING L16: UNCALLED SEGMENT, IGNORED FOR OVERLAY PROCESS
    SEGMENT: ?PR?_LCD_SHOWNUM?TFTLCD

*** WARNING L16: UNCALLED SEGMENT, IGNORED FOR OVERLAY PROCESS
    SEGMENT: ?PR?_LCD_SHOWXNUM?TFTLCD

*** WARNING L16: UNCALLED SEGMENT, IGNORED FOR OVERLAY PROCESS
    SEGMENT: ?PR?_LCD_SHOWFONTHZ?TFTLCD

*** WARNING L16: UNCALLED SEGMENT, IGNORED FOR OVERLAY PROCESS
    SEGMENT: ?PR?TOUCH_SCAN?TOUCH

*** WARNING L16: UNCALLED SEGMENT, IGNORED FOR OVERLAY PROCESS
BL51 BANKED LINKER/LOCATER V6.22                                                      05/26/2020  14:31:19  PAGE 49


    SEGMENT: ?PR?_GUI_COLOR_CHG?GUI

*** WARNING L16: UNCALLED SEGMENT, IGNORED FOR OVERLAY PROCESS
    SEGMENT: ?PR?_GUI_RGB332TORGB565?GUI

*** WARNING L16: UNCALLED SEGMENT, IGNORED FOR OVERLAY PROCESS
    SEGMENT: ?PR?_GUI_DISABS?GUI

*** WARNING L16: UNCALLED SEGMENT, IGNORED FOR OVERLAY PROCESS
    SEGMENT: ?PR?_GUI_DRAW_POINT?GUI

*** WARNING L16: UNCALLED SEGMENT, IGNORED FOR OVERLAY PROCESS
    SEGMENT: ?PR?_GUI_ALPHABLEND_AREA?GUI

*** WARNING L16: UNCALLED SEGMENT, IGNORED FOR OVERLAY PROCESS
    SEGMENT: ?PR?_GUI_DRAW_BLINE?GUI

*** WARNING L16: UNCALLED SEGMENT, IGNORED FOR OVERLAY PROCESS
    SEGMENT: ?PR?_GUI_DRAW_BLINE1?GUI

*** WARNING L16: UNCALLED SEGMENT, IGNORED FOR OVERLAY PROCESS
    SEGMENT: ?PR?_GUI_FILL_COLORBLOCK?GUI

*** WARNING L16: UNCALLED SEGMENT, IGNORED FOR OVERLAY PROCESS
    SEGMENT: ?PR?_GUI_DRAW_SMOOTH_RECTANGLE?GUI

*** WARNING L16: UNCALLED SEGMENT, IGNORED FOR OVERLAY PROCESS
    SEGMENT: ?PR?_GUI_DRAW_RECTANGLE?GUI

*** WARNING L16: UNCALLED SEGMENT, IGNORED FOR OVERLAY PROCESS
    SEGMENT: ?PR?_GUI_DRAW_ARCRECTANGLE?GUI

*** WARNING L16: UNCALLED SEGMENT, IGNORED FOR OVERLAY PROCESS
    SEGMENT: ?PR?_GUI_DRAW_ELLIPSE?GUI

*** WARNING L16: UNCALLED SEGMENT, IGNORED FOR OVERLAY PROCESS
    SEGMENT: ?PR?_GUI_FILL_ELLIPSE?GUI

*** WARNING L16: UNCALLED SEGMENT, IGNORED FOR OVERLAY PROCESS
    SEGMENT: ?PR?_GUI_SHOW_STRMID?GUI

*** WARNING L16: UNCALLED SEGMENT, IGNORED FOR OVERLAY PROCESS
    SEGMENT: ?PR?_GUI_SHOW_STRMIDEX?GUI

*** WARNING L16: UNCALLED SEGMENT, IGNORED FOR OVERLAY PROCESS
    SEGMENT: ?PR?_GUI_SHOW_NUM?GUI

*** WARNING L16: UNCALLED SEGMENT, IGNORED FOR OVERLAY PROCESS
    SEGMENT: ?PR?_GUI_NUM2STR?GUI

*** WARNING L16: UNCALLED SEGMENT, IGNORED FOR OVERLAY PROCESS
    SEGMENT: ?PR?_GUI_SHOW_PTSTRWHITERIM?GUI

*** WARNING L16: UNCALLED SEGMENT, IGNORED FOR OVERLAY PROCESS
    SEGMENT: ?PR?_GUI_GET_STRINGLINE?GUI

*** WARNING L16: UNCALLED SEGMENT, IGNORED FOR OVERLAY PROCESS
BL51 BANKED LINKER/LOCATER V6.22                                                      05/26/2020  14:31:19  PAGE 50


    SEGMENT: ?PR?_GUI_SHOW_STRING?GUI

*** WARNING L16: UNCALLED SEGMENT, IGNORED FOR OVERLAY PROCESS
    SEGMENT: ?PR?_GUI_SHOW_STRINGEX?GUI

Program Size: data=15.1 xdata=966 code=56074
LINK/LOCATE RUN COMPLETE.  34 WARNING(S),  0 ERROR(S)
