BL51 BANKED LINKER/LOCATER V6.22                                                        03/12/2021  09:06:45  PAGE 1


BL51 BANKED LINKER/LOCATER V6.22, INVOKED BY:
D:\PROGRAM\KEIL\C51\BIN\BL51.EXE .\output\main.obj, .\output\public.obj, .\output\uart.obj, .\output\tftlcd.obj, .\outpu
>> t\touch.obj, .\output\gui.obj TO .\output\template PRINT (.\output\template.m51) RAMSIZE (256)


MEMORY MODEL: LARGE


INPUT MODULES INCLUDED:
  .\output\main.obj (MAIN)
  .\output\public.obj (PUBLIC)
  .\output\uart.obj (UART)
  .\output\tftlcd.obj (TFTLCD)
  .\output\touch.obj (TOUCH)
  .\output\gui.obj (GUI)
  D:\PROGRAM\KEIL\C51\LIB\C51L.LIB (?C_STARTUP)
  D:\PROGRAM\KEIL\C51\LIB\C51L.LIB (?C?CLDPTR)
  D:\PROGRAM\KEIL\C51\LIB\C51L.LIB (?C?CLDOPTR)
  D:\PROGRAM\KEIL\C51\LIB\C51L.LIB (?C?CSTPTR)
  D:\PROGRAM\KEIL\C51\LIB\C51L.LIB (?C?IMUL)
  D:\PROGRAM\KEIL\C51\LIB\C51L.LIB (?C?UIDIV)
  D:\PROGRAM\KEIL\C51\LIB\C51L.LIB (?C?IILDX)
  D:\PROGRAM\KEIL\C51\LIB\C51L.LIB (?C?ILDIX)
  D:\PROGRAM\KEIL\C51\LIB\C51L.LIB (?C?ILDOPTR)
  D:\PROGRAM\KEIL\C51\LIB\C51L.LIB (?C?ISTOPTR)
  D:\PROGRAM\KEIL\C51\LIB\C51L.LIB (?C?LMUL)
  D:\PROGRAM\KEIL\C51\LIB\C51L.LIB (?C?ULDIV)
  D:\PROGRAM\KEIL\C51\LIB\C51L.LIB (?C?SLDIV)
  D:\PROGRAM\KEIL\C51\LIB\C51L.LIB (?C?SLCMP)
  D:\PROGRAM\KEIL\C51\LIB\C51L.LIB (?C?ULCMP)
  D:\PROGRAM\KEIL\C51\LIB\C51L.LIB (?C?ULSHR)
  D:\PROGRAM\KEIL\C51\LIB\C51L.LIB (?C?LSTXDATA)
  D:\PROGRAM\KEIL\C51\LIB\C51L.LIB (?C?LSTKXDATA)
  D:\PROGRAM\KEIL\C51\LIB\C51L.LIB (?C?LIMUL)
  D:\PROGRAM\KEIL\C51\LIB\C51L.LIB (PRINTF)
  D:\PROGRAM\KEIL\C51\LIB\C51L.LIB (STRLEN)
  D:\PROGRAM\KEIL\C51\LIB\C51L.LIB (?C_INIT)
  D:\PROGRAM\KEIL\C51\LIB\C51L.LIB (?C?PLDIXDATA)
  D:\PROGRAM\KEIL\C51\LIB\C51L.LIB (?C?PSTXDATA)
  D:\PROGRAM\KEIL\C51\LIB\C51L.LIB (?C?CCASE)
  D:\PROGRAM\KEIL\C51\LIB\C51L.LIB (PUTCHAR)


LINK MAP OF MODULE:  .\output\template (MAIN)


            TYPE    BASE      LENGTH    RELOCATION   SEGMENT NAME
            -----------------------------------------------------

            * * * * * * *   D A T A   M E M O R Y   * * * * * * *
            REG     0000H     0008H     ABSOLUTE     "REG BANK 0"
            DATA    0008H     0005H     UNIT         _DATA_GROUP_
                    000DH     0013H                  *** GAP ***
            BIT     0020H.0   0001H.1   UNIT         _BIT_GROUP_
                    0021H.1   0000H.7                *** GAP ***
            IDATA   0022H     0001H     UNIT         ?STACK

            * * * * * * *  X D A T A   M E M O R Y  * * * * * * *
BL51 BANKED LINKER/LOCATER V6.22                                                      03/12/2021  09:06:45  PAGE 2


            XDATA   0000H     0034H     UNIT         ?XD?UART
            XDATA   0034H     002AH     UNIT         _XDATA_GROUP_
            XDATA   005EH     0024H     UNIT         ?XD?_GUI_DRAW_ELLIPSE?GUI
            XDATA   0082H     0022H     UNIT         ?XD?_GUI_FILL_ELLIPSE?GUI
            XDATA   00A4H     001FH     UNIT         ?XD?_GUI_DRAW_BLINE?GUI
            XDATA   00C3H     001FH     UNIT         ?XD?_GUI_DRAW_BLINE1?GUI
            XDATA   00E2H     001EH     UNIT         ?XD?_LCD_DRAWLINE_COLOR?TFTLCD
            XDATA   0100H     001EH     UNIT         ?XD?_GUI_DRAW_LINE?GUI
            XDATA   011EH     001EH     UNIT         ?XD?_GUI_SMOOTH_COLOR?GUI
            XDATA   013CH     001CH     UNIT         ?XD?_LCD_DRAWLINE?TFTLCD
            XDATA   0158H     001AH     UNIT         ?XD?_TOUCH_XPT_READDATA?TOUCH
            XDATA   0172H     0019H     UNIT         ?XD?_GUI_DRAW_ARC?GUI
            XDATA   018BH     0019H     UNIT         ?XD?_GUI_SHOW_PTCHAR?GUI
            XDATA   01A4H     0018H     UNIT         ?XD?_GUI_FILL_CIRCLE?GUI
            XDATA   01BCH     0017H     UNIT         ?XD?_GUI_DRAW_SMOOTH_RECTANGLE?GUI
            XDATA   01D3H     0016H     UNIT         ?XD?_GUI_SHOW_STRING?GUI
            XDATA   01E9H     0015H     UNIT         ?XD?_LCD_SHOWPICTURE?TFTLCD
            XDATA   01FEH     0013H     UNIT         ?XD?_LCD_COLOR_FILL?TFTLCD
            XDATA   0211H     0013H     UNIT         ?XD?_GUI_SHOW_PTSTR?GUI
            XDATA   0224H     0012H     UNIT         ?XD?_GUI_DRAW_CIRCLE8?GUI
            XDATA   0236H     0012H     UNIT         ?XD?_GUI_SHOW_STRMID?GUI
            XDATA   0248H     0012H     UNIT         ?XD?_GUI_SHOW_PTSTRWHITERIM?GUI
            XDATA   025AH     0011H     UNIT         ?XD?_GUI_ALPHABLEND_AREA?GUI
            XDATA   026BH     0010H     UNIT         ?XD?_GUI_DRAW_ARCRECTANGLE?GUI
            XDATA   027BH     0010H     UNIT         ?XD?_GUI_DRAW_EXPOINT?GUI
            XDATA   028BH     0010H     UNIT         ?XD?_GUI_SHOW_NUM?GUI
            XDATA   029BH     000EH     UNIT         ?XD?_LCD_SHOWXNUM?TFTLCD
            XDATA   02A9H     000EH     UNIT         ?XD?_GUI_DRAW_BIGPOINT?GUI
            XDATA   02B7H     000EH     UNIT         ?XD?_GUI_FILL_COLORBLOCK?GUI
            XDATA   02C5H     000DH     UNIT         ?XD?_LCD_SHOWNUM?TFTLCD
            XDATA   02D2H     000DH     UNIT         ?XD?TOUCH
            XDATA   02DFH     000DH     UNIT         ?XD?_GUI_ALPHA_BLEND565?GUI
            XDATA   02ECH     000CH     UNIT         ?XD?_LCD_FILL?TFTLCD
            XDATA   02F8H     000CH     UNIT         ?XD?_GUI_GET_STRINGLINE?GUI
            XDATA   0304H     000BH     UNIT         ?XD?TFTLCD
            XDATA   030FH     000AH     UNIT         ?XD?_LCD_DRAW_CIRCLE?TFTLCD
            XDATA   0319H     000AH     UNIT         ?XD?_LCD_SHOWFONTHZ?TFTLCD
            XDATA   0323H     000AH     UNIT         ?XD?TOUCH_XPT_READXY?TOUCH
            XDATA   032DH     000AH     UNIT         ?XD?_GUI_DRAW_RECTANGLE?GUI
            XDATA   0337H     000AH     UNIT         ?XD?_GUI_FILL_RECTANGLE?GUI
            XDATA   0341H     0009H     UNIT         ?XD?_GUI_NUM2STR?GUI
            XDATA   034AH     0008H     UNIT         ?XD?_LCD_READPOINT?TFTLCD
            XDATA   0352H     0008H     UNIT         ?XD?_LCD_DRAWRECTANGLE?TFTLCD
            XDATA   035AH     0008H     UNIT         ?XD?_GUI_COLOR_CHG?GUI
            XDATA   0362H     0008H     UNIT         ?XD?_GUI_DISABS?GUI
            XDATA   036AH     0008H     UNIT         ?XD?_GUI_DRAW_VLINE?GUI
            XDATA   0372H     0008H     UNIT         ?XD?_GUI_DRAW_HLINE?GUI
            XDATA   037AH     0006H     UNIT         ?XD?_LCD_DRAWBIGPOINT?TFTLCD
            XDATA   0380H     0006H     UNIT         ?XD?_LCD_DROWSIGN?TFTLCD
            XDATA   0386H     0006H     UNIT         ?XD?_LCD_POW?TFTLCD
            XDATA   038CH     0006H     UNIT         ?XD?_GUI_POW?GUI
            XDATA   0392H     0005H     UNIT         ?XD?TOUCH_SCAN?TOUCH
            XDATA   0397H     0004H     UNIT         ?XD?_GUI_DRAW_POINT?GUI
            XDATA   039BH     0003H     UNIT         ?XD?_UART_SENDSTRING?UART
            XDATA   039EH     0002H     UNIT         ?XD?TOUCH_SPI_READ?TOUCH

            * * * * * * *   C O D E   M E M O R Y   * * * * * * *
BL51 BANKED LINKER/LOCATER V6.22                                                      03/12/2021  09:06:45  PAGE 3


            CODE    0000H     0003H     ABSOLUTE     
            CODE    0003H     001FH     UNIT         ?PR?_DELAY?TFTLCD
                    0022H     0001H                  *** GAP ***
            CODE    0023H     0003H     ABSOLUTE     
            CODE    0026H     1BF3H     UNIT         ?CO?TFTLCD
            CODE    1C19H     06B3H     UNIT         ?PR?_GUI_DRAW_ARCRECTANGLE?GUI
            CODE    22CCH     0404H     UNIT         ?PR?_GUI_DRAW_ELLIPSE?GUI
            CODE    26D0H     03CAH     UNIT         ?PR?_GUI_DRAW_BLINE1?GUI
            CODE    2A9AH     03A0H     UNIT         ?PR?_GUI_FILL_CIRCLE?GUI
            CODE    2E3AH     0365H     UNIT         ?PR?PRINTF?PRINTF
            CODE    319FH     0357H     UNIT         ?C?LIB_CODE
            CODE    34F6H     0271H     UNIT         ?PR?_GUI_DRAW_CIRCLE8?GUI
            CODE    3767H     026CH     UNIT         ?PR?_GUI_DRAW_BLINE?GUI
            CODE    39D3H     025CH     UNIT         ?PR?_GUI_FILL_ELLIPSE?GUI
            CODE    3C2FH     024EH     UNIT         ?PR?_GUI_SHOW_PTCHAR?GUI
            CODE    3E7DH     024BH     UNIT         ?PR?_GUI_SHOW_PTSTR?GUI
            CODE    40C8H     022BH     UNIT         ?PR?_GUI_SHOW_STRING?GUI
            CODE    42F3H     01F3H     UNIT         ?PR?_GUI_DRAW_LINE?GUI
            CODE    44E6H     01EFH     UNIT         ?PR?_LCD_DRAWLINE?TFTLCD
            CODE    46D5H     01EDH     UNIT         ?PR?_LCD_DRAWLINE_COLOR?TFTLCD
            CODE    48C2H     01E9H     UNIT         ?PR?_GUI_SMOOTH_COLOR?GUI
            CODE    4AABH     01D8H     UNIT         ?PR?_LCD_DRAW_CIRCLE?TFTLCD
            CODE    4C83H     01D7H     UNIT         ?PR?_GUI_DRAW_ARC?GUI
            CODE    4E5AH     01C3H     UNIT         ?PR?_GUI_SHOW_NUM?GUI
            CODE    501DH     0187H     UNIT         ?PR?_TOUCH_XPT_READDATA?TOUCH
            CODE    51A4H     017CH     UNIT         ?PR?_GUI_GET_STRINGLINE?GUI
            CODE    5320H     0178H     UNIT         ?PR?_LCD_SHOWCHAR?TFTLCD
            CODE    5498H     0165H     UNIT         ?PR?TFTLCD_INIT?TFTLCD
            CODE    55FDH     0148H     UNIT         ?PR?_GUI_SHOW_STRMID?GUI
            CODE    5745H     0147H     UNIT         ?PR?_GUI_FILL_COLORBLOCK?GUI
            CODE    588CH     013EH     UNIT         ?PR?TOUCH_SCAN?TOUCH
            CODE    59CAH     013DH     UNIT         ?PR?CHARACTERSHOW_TEST?MAIN
            CODE    5B07H     012DH     UNIT         ?PR?_LCD_SHOWPICTURE?TFTLCD
            CODE    5C34H     012BH     UNIT         ?PR?_LCD_SHOWFONTHZ?TFTLCD
            CODE    5D5FH     0129H     UNIT         ?PR?_LCD_SHOWXNUM?TFTLCD
            CODE    5E88H     0114H     UNIT         ?PR?TOUCH_XPT_READXY?TOUCH
            CODE    5F9CH     010CH     UNIT         ?PR?_GUI_DRAW_SMOOTH_RECTANGLE?GUI
            CODE    60A8H     00F8H     UNIT         ?PR?_LCD_COLOR_FILL?TFTLCD
            CODE    61A0H     00F7H     UNIT         ?PR?_GUI_ALPHABLEND_AREA?GUI
            CODE    6297H     00F4H     UNIT         ?PR?_GUI_DRAW_BIGPOINT?GUI
            CODE    638BH     00EDH     UNIT         ?PR?_GUI_ALPHA_BLEND565?GUI
            CODE    6478H     00E5H     UNIT         ?PR?_LCD_SHOWSTRING?TFTLCD
            CODE    655DH     00DCH     UNIT         ?PR?_LCD_SHOWNUM?TFTLCD
            CODE    6639H     00D8H     UNIT         ?PR?_LCD_DROWSIGN?TFTLCD
            CODE    6711H     00D2H     UNIT         ?PR?_GUI_SHOW_PTSTRWHITERIM?GUI
            CODE    67E3H     00D0H     UNIT         ?PR?_LCD_FILL?TFTLCD
            CODE    68B3H     00C8H     UNIT         ?PR?_GUI_DRAW_RECTANGLE?GUI
            CODE    697BH     00C1H     UNIT         ?PR?_GUI_DRAW_EXPOINT?GUI
            CODE    6A3CH     00AAH     UNIT         ?PR?_LCD_DRAWRECTANGLE?TFTLCD
            CODE    6AE6H     00AAH     UNIT         ?PR?_GUI_NUM2STR?GUI
            CODE    6B90H     0096H     UNIT         ?PR?_GUI_DRAW_VLINE?GUI
            CODE    6C26H     008CH     UNIT         ?C_C51STARTUP
            CODE    6CB2H     008AH     UNIT         ?PR?_GUI_FILL_RECTANGLE?GUI
            CODE    6D3CH     0087H     UNIT         ?PR?UART_IRQN?UART
            CODE    6DC3H     0081H     UNIT         ?PR?_LCD_CLEAR?TFTLCD
            CODE    6E44H     0080H     UNIT         ?PR?_GUI_COLOR_CHG?GUI
            CODE    6EC4H     007CH     UNIT         ?PR?_LCD_READPOINT?TFTLCD
BL51 BANKED LINKER/LOCATER V6.22                                                      03/12/2021  09:06:45  PAGE 4


            CODE    6F40H     007BH     UNIT         ?PR?_GUI_DRAW_HLINE?GUI
            CODE    6FBBH     0073H     UNIT         ?PR?_LCD_DRAWBIGPOINT?TFTLCD
            CODE    702EH     006BH     UNIT         ?PR?_GUI_DISABS?GUI
            CODE    7099H     0050H     UNIT         ?PR?_LCD_POW?TFTLCD
            CODE    70E9H     004DH     UNIT         ?PR?_LCD_SET_WINDOW?TFTLCD
            CODE    7136H     0049H     UNIT         ?PR?_GUI_POW?GUI
            CODE    717FH     0048H     UNIT         ?PR?_LCD_DRAWFRONT_COLOR?TFTLCD
            CODE    71C7H     0044H     UNIT         ?C?LDIV
            CODE    720BH     0042H     UNIT         ?PR?_LCD_DISPLAY_DIR?TFTLCD
            CODE    724DH     0040H     UNIT         ?PR?_LCD_DRAWPOINT?TFTLCD
            CODE    728DH     003CH     UNIT         ?PR?_GUI_RGB332TORGB565?GUI
            CODE    72C9H     003CH     UNIT         ?PR?_GUI_DRAW_POINT?GUI
            CODE    7305H     003BH     UNIT         ?PR?TOUCH_SPI_READ?TOUCH
            CODE    7340H     0033H     UNIT         ?PR?_UART_SENDSTRING?UART
            CODE    7373H     0027H     UNIT         ?PR?PUTCHAR?PUTCHAR
            CODE    739AH     0025H     UNIT         ?PR?_LCD_WRITEDATA_COLOR?TFTLCD
            CODE    73BFH     0024H     UNIT         ?PR?_LCD_WRITEDATA?TFTLCD
            CODE    73E3H     001EH     UNIT         ?PR?_DELAY_MS?PUBLIC
            CODE    7401H     001DH     UNIT         ?PR?_TOUCH_SPI_WRITE?TOUCH
            CODE    741EH     0018H     UNIT         ?CO?MAIN
            CODE    7436H     0016H     UNIT         ?PR?UART_INIT?UART
            CODE    744CH     0016H     UNIT         ?PR?LCD_READDATA?TFTLCD
            CODE    7462H     0015H     UNIT         ?PR?_STRLEN?STRLEN
            CODE    7477H     0011H     UNIT         ?PR?_LCD_WRITECMD?TFTLCD
            CODE    7488H     0010H     UNIT         ?C_INITSEG
            CODE    7498H     000EH     UNIT         ?PR?_UART_SENDDATA?UART
            CODE    74A6H     000BH     UNIT         ?PR?MAIN?MAIN
            CODE    74B1H     000BH     UNIT         ?PR?_DELAY_10US?PUBLIC
            CODE    74BCH     000BH     UNIT         ?PR?TOUCH_SPI_START?TOUCH
            CODE    74C7H     000AH     UNIT         ?PR?_LCD_WRITECMDDATA?TFTLCD
            CODE    74D1H     0006H     UNIT         ?PR?_UART_CMD?UART



OVERLAY MAP OF MODULE:   .\output\template (MAIN)


SEGMENT                                       BIT_GROUP          DATA_GROUP          XDATA_GROUP
  +--> CALLED SEGMENT                      START    LENGTH     START    LENGTH     START    LENGTH
--------------------------------------------------------------------------------------------------
?C_C51STARTUP                              -----    -----      -----    -----      -----    -----
  +--> ?PR?MAIN?MAIN
  +--> ?C_INITSEG

?PR?MAIN?MAIN                              -----    -----      -----    -----      -----    -----
  +--> ?PR?UART_INIT?UART
  +--> ?PR?TFTLCD_INIT?TFTLCD
  +--> ?PR?CHARACTERSHOW_TEST?MAIN

?PR?TFTLCD_INIT?TFTLCD                     -----    -----      -----    -----      0034H    0002H
  +--> ?PR?_DELAY_MS?PUBLIC
  +--> ?PR?_LCD_WRITECMD?TFTLCD
  +--> ?PR?LCD_READDATA?TFTLCD
  +--> ?CO?TFTLCD
  +--> ?PR?PRINTF?PRINTF
  +--> ?PR?_LCD_WRITEDATA?TFTLCD
  +--> ?PR?_LCD_DISPLAY_DIR?TFTLCD
BL51 BANKED LINKER/LOCATER V6.22                                                      03/12/2021  09:06:45  PAGE 5


  +--> ?PR?_LCD_CLEAR?TFTLCD

?PR?PRINTF?PRINTF                          0020H.0  0001H.1    0008H    0005H      0036H    0028H
  +--> ?PR?PUTCHAR?PUTCHAR

?PR?_LCD_WRITEDATA?TFTLCD                  -----    -----      -----    -----      -----    -----
  +--> ?PR?_LCD_WRITECMD?TFTLCD

?PR?_LCD_DISPLAY_DIR?TFTLCD                -----    -----      -----    -----      -----    -----
  +--> ?PR?_LCD_WRITECMDDATA?TFTLCD

?PR?_LCD_WRITECMDDATA?TFTLCD               -----    -----      -----    -----      -----    -----
  +--> ?PR?_LCD_WRITECMD?TFTLCD
  +--> ?PR?_LCD_WRITEDATA?TFTLCD

?PR?_LCD_CLEAR?TFTLCD                      -----    -----      -----    -----      0036H    0004H
  +--> ?PR?_LCD_SET_WINDOW?TFTLCD
  +--> ?PR?_LCD_WRITEDATA_COLOR?TFTLCD

?PR?_LCD_SET_WINDOW?TFTLCD                 -----    -----      -----    -----      0053H    0008H
  +--> ?PR?_LCD_WRITECMD?TFTLCD
  +--> ?PR?_LCD_WRITEDATA?TFTLCD

?PR?CHARACTERSHOW_TEST?MAIN                -----    -----      -----    -----      -----    -----
  +--> ?CO?MAIN
  +--> ?PR?_LCD_SHOWSTRING?TFTLCD

?PR?_LCD_SHOWSTRING?TFTLCD                 -----    -----      -----    -----      0034H    000DH
  +--> ?PR?_LCD_SHOWCHAR?TFTLCD

?PR?_LCD_SHOWCHAR?TFTLCD                   -----    -----      -----    -----      0041H    000CH
  +--> ?CO?TFTLCD
  +--> ?PR?_LCD_DRAWFRONT_COLOR?TFTLCD

?PR?_LCD_DRAWFRONT_COLOR?TFTLCD            -----    -----      -----    -----      004DH    0006H
  +--> ?PR?_LCD_SET_WINDOW?TFTLCD
  +--> ?PR?_LCD_WRITEDATA_COLOR?TFTLCD



SYMBOL TABLE OF MODULE:  .\output\template (MAIN)

  VALUE           TYPE          NAME
  ----------------------------------

  -------         MODULE        MAIN
  C:0000H         SYMBOL        _ICE_DUMMY_
  D:0090H         PUBLIC        P1
  D:00A0H         PUBLIC        P2
  D:00B0H         PUBLIC        P3
  D:00A8H         PUBLIC        IE
  D:00B8H         PUBLIC        IP
  C:74A6H         PUBLIC        main
  D:0098H         PUBLIC        SCON
  D:0088H         PUBLIC        TCON
  C:59CAH         PUBLIC        CharacterShow_Test
  D:00C8H         PUBLIC        T2CON
BL51 BANKED LINKER/LOCATER V6.22                                                      03/12/2021  09:06:45  PAGE 6


  D:00D0H         PUBLIC        PSW
  -------         PROC          CHARACTERSHOW_TEST
  C:59CAH         LINE#         10
  C:59CAH         LINE#         11
  C:59CAH         LINE#         12
  C:59D3H         LINE#         13
  C:5A05H         LINE#         14
  C:5A37H         LINE#         15
  C:5A69H         LINE#         16
  C:5A71H         LINE#         17
  C:5AA3H         LINE#         18
  C:5AD5H         LINE#         19
  -------         ENDPROC       CHARACTERSHOW_TEST
  -------         PROC          MAIN
  C:74A6H         LINE#         23
  C:74A6H         LINE#         24
  C:74A6H         LINE#         26
  C:74A9H         LINE#         27
  C:74ACH         LINE#         29
  C:74AFH         LINE#         31
  C:74AFH         LINE#         32
  C:74AFH         LINE#         34
  -------         ENDPROC       MAIN
  -------         ENDMOD        MAIN

  -------         MODULE        PUBLIC
  C:0000H         SYMBOL        _ICE_DUMMY_
  D:0090H         PUBLIC        P1
  D:00B0H         PUBLIC        P3
  D:00A8H         PUBLIC        IE
  D:00B8H         PUBLIC        IP
  D:0098H         PUBLIC        SCON
  D:0088H         PUBLIC        TCON
  C:74B1H         PUBLIC        _delay_10us
  C:73E3H         PUBLIC        _delay_ms
  D:00C8H         PUBLIC        T2CON
  D:00D0H         PUBLIC        PSW
  -------         PROC          _DELAY_10US
  D:0006H         SYMBOL        us
  C:74B1H         LINE#         6
  C:74B1H         LINE#         7
  C:74B1H         LINE#         8
  C:74BBH         LINE#         9
  -------         ENDPROC       _DELAY_10US
  -------         PROC          _DELAY_MS
  D:0006H         SYMBOL        ms
  -------         DO            
  D:0006H         SYMBOL        i
  D:0004H         SYMBOL        j
  -------         ENDDO         
  C:73E3H         LINE#         11
  C:73E3H         LINE#         12
  C:73E3H         LINE#         14
  C:73ECH         LINE#         15
  C:7400H         LINE#         16
  -------         ENDPROC       _DELAY_MS
  -------         ENDMOD        PUBLIC
BL51 BANKED LINKER/LOCATER V6.22                                                      03/12/2021  09:06:45  PAGE 7



  -------         MODULE        UART
  C:0000H         SYMBOL        _ICE_DUMMY_
  D:0090H         PUBLIC        P1
  D:00B0H         PUBLIC        P3
  B:00A8H.7       PUBLIC        EA
  X:0000H         PUBLIC        UART_RX_BUF
  D:00A8H         PUBLIC        IE
  X:0032H         PUBLIC        UART_RX_STA
  B:00A8H.4       PUBLIC        ES
  D:00B8H         PUBLIC        IP
  B:0098H.0       PUBLIC        RI
  B:0098H.1       PUBLIC        TI
  C:7340H         PUBLIC        _UART_SendString
  C:7498H         PUBLIC        _UART_SendData
  D:0099H         PUBLIC        SBUF
  D:0087H         PUBLIC        PCON
  C:74D1H         PUBLIC        _UART_Cmd
  C:7436H         PUBLIC        UART_Init
  D:0098H         PUBLIC        SCON
  D:0089H         PUBLIC        TMOD
  D:0088H         PUBLIC        TCON
  D:008DH         PUBLIC        TH1
  D:008BH         PUBLIC        TL1
  B:0088H.6       PUBLIC        TR1
  D:00C8H         PUBLIC        T2CON
  C:6D3CH         PUBLIC        UART_IRQn
  D:00D0H         PUBLIC        PSW
  -------         PROC          UART_INIT
  C:7436H         LINE#         5
  C:7436H         LINE#         6
  C:7436H         LINE#         7
  C:7439H         LINE#         8
  C:743CH         LINE#         9
  C:743FH         LINE#         10
  C:7442H         LINE#         11
  C:7445H         LINE#         13
  C:7447H         LINE#         14
  C:7449H         LINE#         15
  C:744BH         LINE#         16
  -------         ENDPROC       UART_INIT
  -------         PROC          _UART_CMD
  D:0007H         SYMBOL        ensta
  C:74D1H         LINE#         18
  C:74D1H         LINE#         19
  C:74D1H         LINE#         20
  C:74D6H         LINE#         21
  -------         ENDPROC       _UART_CMD
  -------         PROC          _UART_SENDDATA
  D:0007H         SYMBOL        dat
  C:7498H         LINE#         23
  C:7498H         LINE#         24
  C:7498H         LINE#         25
  C:749AH         LINE#         26
  C:749CH         LINE#         27
  C:749EH         LINE#         28
  C:74A1H         LINE#         29
BL51 BANKED LINKER/LOCATER V6.22                                                      03/12/2021  09:06:45  PAGE 8


  C:74A3H         LINE#         30
  C:74A5H         LINE#         31
  -------         ENDPROC       _UART_SENDDATA
  -------         PROC          _UART_SENDSTRING
  X:039BH         SYMBOL        pbuf
  C:7340H         LINE#         33
  C:734BH         LINE#         34
  C:734BH         LINE#         35
  C:735CH         LINE#         36
  C:735CH         LINE#         37
  C:735FH         LINE#         38
  C:7366H         LINE#         39
  C:7370H         LINE#         40
  C:7372H         LINE#         41
  -------         ENDPROC       _UART_SENDSTRING
  -------         PROC          UART_IRQN
  -------         DO            
  D:0007H         SYMBOL        r
  -------         ENDDO         
  C:6D3CH         LINE#         51
  C:6D4DH         LINE#         55
  C:6D50H         LINE#         56
  C:6D50H         LINE#         57
  C:6D52H         LINE#         58
  C:6D54H         LINE#         59
  C:6D5DH         LINE#         60
  C:6D5DH         LINE#         61
  C:6D60H         LINE#         62
  C:6D60H         LINE#         63
  C:6D6AH         LINE#         64
  C:6D6DH         LINE#         65
  C:6D6FH         LINE#         67
  C:6D6FH         LINE#         68
  C:6D7FH         LINE#         70
  C:6D7FH         LINE#         71
  C:6D93H         LINE#         72
  C:6DA1H         LINE#         73
  C:6DB4H         LINE#         74
  C:6DB4H         LINE#         75
  C:6DB4H         LINE#         76
  C:6DB4H         LINE#         77
  C:6DB4H         LINE#         78
  -------         ENDPROC       UART_IRQN
  -------         ENDMOD        UART

  -------         MODULE        TFTLCD
  C:0000H         SYMBOL        _ICE_DUMMY_
  D:0080H         PUBLIC        P0
  D:0090H         PUBLIC        P1
  X:0304H         PUBLIC        tftlcd_data
  D:00A0H         PUBLIC        P2
  C:5D5FH         PUBLIC        _LCD_ShowxNum
  D:00B0H         PUBLIC        P3
  C:655DH         PUBLIC        _LCD_ShowNum
  D:00A8H         PUBLIC        IE
  C:720BH         PUBLIC        _LCD_Display_Dir
  C:5C34H         PUBLIC        _LCD_ShowFontHZ
BL51 BANKED LINKER/LOCATER V6.22                                                      03/12/2021  09:06:45  PAGE 9


  D:00B8H         PUBLIC        IP
  C:6DC3H         PUBLIC        _LCD_Clear
  C:60A8H         PUBLIC        _LCD_Color_Fill
  C:73A2H         PUBLIC        _LCD_WriteData_Color
  C:744CH         PUBLIC        LCD_ReadData
  C:46D5H         PUBLIC        _LCD_DrawLine_Color
  C:7185H         PUBLIC        _LCD_DrawFRONT_COLOR
  D:0098H         PUBLIC        SCON
  D:0088H         PUBLIC        TCON
  C:0A97H         PUBLIC        ascii_2412
  C:0033H         PUBLIC        ascii_1206
  C:5B07H         PUBLIC        _LCD_ShowPicture
  C:5498H         PUBLIC        TFTLCD_Init
  C:04A7H         PUBLIC        ascii_1608
  C:67E3H         PUBLIC        _LCD_Fill
  C:70EEH         PUBLIC        _LCD_Set_Window
  C:73D2H         PUBLIC        _LCD_WriteData
  C:6EC4H         PUBLIC        _LCD_ReadPoint
  B:00B0H.3       PUBLIC        TFT_RST
  C:44E6H         PUBLIC        _LCD_DrawLine
  C:7263H         PUBLIC        _LCD_DrawPoint
  C:6478H         PUBLIC        _LCD_ShowString
  C:74C7H         PUBLIC        _LCD_WriteCmdData
  C:5320H         PUBLIC        _LCD_ShowChar
  C:7477H         PUBLIC        _LCD_WriteCmd
  C:6A3CH         PUBLIC        _LCD_DrawRectangle
  B:00B0H.2       PUBLIC        TFT_RD
  B:00A0H.7       PUBLIC        TFT_CS
  C:6639H         PUBLIC        _LCD_DrowSign
  C:6FBBH         PUBLIC        _LCD_DrawBigPoint
  D:00C8H         PUBLIC        T2CON
  C:70A0H         PUBLIC        _LCD_Pow
  X:030BH         PUBLIC        FRONT_COLOR
  C:0003H         PUBLIC        _Delay
  X:030DH         PUBLIC        BACK_COLOR
  B:00A0H.6       PUBLIC        TFT_RS
  B:00A0H.5       PUBLIC        TFT_WR
  C:4AABH         PUBLIC        _LCD_Draw_Circle
  D:00D0H         PUBLIC        PSW
  C:17F3H         PUBLIC        CnChar32x29
  -------         PROC          _DELAY
  D:0006H         SYMBOL        dly
  -------         DO            
  D:0004H         SYMBOL        i
  D:0002H         SYMBOL        j
  -------         ENDDO         
  C:0003H         LINE#         14
  C:0003H         LINE#         15
  C:0003H         LINE#         18
  C:000DH         LINE#         19
  C:0021H         LINE#         20
  -------         ENDPROC       _DELAY
  -------         PROC          _LCD_WRITECMD
  D:0006H         SYMBOL        cmd
  C:7477H         LINE#         23
  C:7477H         LINE#         24
  C:7477H         LINE#         117
BL51 BANKED LINKER/LOCATER V6.22                                                      03/12/2021  09:06:45  PAGE 10


  C:7479H         LINE#         118
  C:747BH         LINE#         119
  C:747DH         LINE#         120
  C:747FH         LINE#         121
  C:7481H         LINE#         122
  C:7483H         LINE#         123
  C:7485H         LINE#         124
  C:7487H         LINE#         126
  -------         ENDPROC       _LCD_WRITECMD
  -------         PROC          L?0184
  -------         ENDPROC       L?0184
  -------         PROC          _LCD_WRITEDATA
  D:0006H         SYMBOL        dat
  C:73D2H         LINE#         130
  C:73D2H         LINE#         131
  C:73D2H         LINE#         222
  C:73D4H         LINE#         223
  C:73D6H         LINE#         224
  C:73D8H         LINE#         225
  C:73DAH         LINE#         226
  C:73DCH         LINE#         227
  C:73DEH         LINE#         228
  C:73E0H         LINE#         229
  C:73E2H         LINE#         231
  -------         ENDPROC       _LCD_WRITEDATA
  C:739AH         SYMBOL        L?0182
  C:739DH         SYMBOL        L?0183
  -------         PROC          L?0181
  -------         ENDPROC       L?0181
  C:739AH         SYMBOL        L?0182
  C:739DH         SYMBOL        L?0183
  -------         PROC          _LCD_WRITEDATA_COLOR
  D:0004H         SYMBOL        color
  C:73A2H         LINE#         233
  C:73A6H         LINE#         234
  C:73A6H         LINE#         325
  C:73A8H         LINE#         326
  C:73AAH         LINE#         327
  C:73ACH         LINE#         328
  C:73AEH         LINE#         329
  C:73B1H         LINE#         330
  C:73B3H         LINE#         331
  C:73B5H         LINE#         332
  C:73B8H         LINE#         333
  C:73BAH         LINE#         334
  C:73BCH         LINE#         335
  C:73BEH         LINE#         337
  -------         ENDPROC       _LCD_WRITEDATA_COLOR
  -------         PROC          _LCD_WRITECMDDATA
  D:0006H         SYMBOL        cmd
  D:0004H         SYMBOL        dat
  C:74C7H         LINE#         339
  C:74C7H         LINE#         340
  C:74C7H         LINE#         341
  C:74CAH         LINE#         342
  -------         ENDPROC       _LCD_WRITECMDDATA
  -------         PROC          LCD_READDATA
BL51 BANKED LINKER/LOCATER V6.22                                                      03/12/2021  09:06:45  PAGE 11


  -------         DO            
  D:0006H         SYMBOL        ram
  -------         ENDDO         
  C:744CH         LINE#         347
  C:744CH         LINE#         348
  C:744CH         LINE#         351
  C:744FH         LINE#         352
  C:7452H         LINE#         436
  C:7454H         LINE#         437
  C:7456H         LINE#         438
  C:7458H         LINE#         439
  C:7459H         LINE#         440
  C:745DH         LINE#         441
  C:745FH         LINE#         442
  C:7461H         LINE#         445
  C:7461H         LINE#         446
  -------         ENDPROC       LCD_READDATA
  -------         PROC          _LCD_DISPLAY_DIR
  D:0007H         SYMBOL        dir
  C:720BH         LINE#         450
  C:720BH         LINE#         451
  C:720BH         LINE#         452
  C:7210H         LINE#         453
  C:7212H         LINE#         454
  C:7212H         LINE#         484
  C:721BH         LINE#         487
  C:7224H         LINE#         488
  C:722DH         LINE#         489
  C:722EH         LINE#         491
  C:722EH         LINE#         523
  C:7239H         LINE#         526
  C:7242H         LINE#         527
  C:724CH         LINE#         528
  C:724CH         LINE#         529
  -------         ENDPROC       _LCD_DISPLAY_DIR
  -------         PROC          TFTLCD_INIT
  -------         DO            
  X:0034H         SYMBOL        i
  -------         ENDDO         
  C:5498H         LINE#         532
  C:5498H         LINE#         533
  C:5498H         LINE#         534
  C:549FH         LINE#         535
  C:54A1H         LINE#         536
  C:54A7H         LINE#         538
  C:54A9H         LINE#         539
  C:54B0H         LINE#         541
  C:54B2H         LINE#         542
  C:54B9H         LINE#         574
  C:54C0H         LINE#         575
  C:54CBH         LINE#         578
  C:54DCH         LINE#         953
  C:54E3H         LINE#         954
  C:54E8H         LINE#         956
  C:54EFH         LINE#         957
  C:54F4H         LINE#         958
  C:54F7H         LINE#         959
BL51 BANKED LINKER/LOCATER V6.22                                                      03/12/2021  09:06:45  PAGE 12


  C:54FCH         LINE#         960
  C:5501H         LINE#         961
  C:5504H         LINE#         962
  C:5509H         LINE#         963
  C:550EH         LINE#         965
  C:5513H         LINE#         966
  C:5518H         LINE#         967
  C:551DH         LINE#         968
  C:5522H         LINE#         969
  C:5527H         LINE#         970
  C:552CH         LINE#         971
  C:5531H         LINE#         972
  C:5536H         LINE#         973
  C:553BH         LINE#         974
  C:5540H         LINE#         975
  C:5545H         LINE#         976
  C:554AH         LINE#         977
  C:554FH         LINE#         978
  C:5554H         LINE#         979
  C:5559H         LINE#         980
  C:555EH         LINE#         981
  C:5563H         LINE#         982
  C:5568H         LINE#         983
  C:556DH         LINE#         984
  C:5572H         LINE#         985
  C:5577H         LINE#         987
  C:557CH         LINE#         988
  C:5581H         LINE#         994
  C:5583H         LINE#         995
  C:5583H         LINE#         996
  C:5583H         LINE#         997
  C:5583H         LINE#         998
  C:5586H         LINE#         999
  C:558BH         LINE#         1000
  C:5590H         LINE#         1001
  C:5595H         LINE#         1002
  C:559AH         LINE#         1003
  C:559FH         LINE#         1004
  C:55A4H         LINE#         1005
  C:55A9H         LINE#         1006
  C:55ACH         LINE#         1007
  C:55AFH         LINE#         1008
  C:55B4H         LINE#         1009
  C:55B6H         LINE#         1010
  C:55B6H         LINE#         1011
  C:55B6H         LINE#         1012
  C:55B6H         LINE#         1013
  C:55B9H         LINE#         1014
  C:55BEH         LINE#         1015
  C:55C3H         LINE#         1016
  C:55C8H         LINE#         1017
  C:55CDH         LINE#         1018
  C:55D1H         LINE#         1019
  C:55D6H         LINE#         1020
  C:55DBH         LINE#         1021
  C:55E0H         LINE#         1022
  C:55E5H         LINE#         1024
BL51 BANKED LINKER/LOCATER V6.22                                                      03/12/2021  09:06:45  PAGE 13


  C:55E9H         LINE#         1025
  C:55EEH         LINE#         1028
  C:55F2H         LINE#         1029
  -------         ENDPROC       TFTLCD_INIT
  C:70E9H         SYMBOL        L?0188
  -------         PROC          L?0187
  -------         ENDPROC       L?0187
  C:70E9H         SYMBOL        L?0188
  -------         PROC          _LCD_SET_WINDOW
  D:0082H         SYMBOL        sx
  D:0004H         SYMBOL        sy
  D:0002H         SYMBOL        width
  X:0059H         SYMBOL        height
  C:70EEH         LINE#         1036
  C:70F2H         LINE#         1037
  C:70F2H         LINE#         1204
  C:70F9H         LINE#         1205
  C:70FFH         LINE#         1206
  C:7106H         LINE#         1207
  C:710BH         LINE#         1208
  C:7112H         LINE#         1210
  C:7117H         LINE#         1211
  C:711CH         LINE#         1212
  C:7123H         LINE#         1213
  C:712BH         LINE#         1214
  C:7131H         LINE#         1216
  -------         ENDPROC       _LCD_SET_WINDOW
  -------         PROC          _LCD_READPOINT
  D:0002H         SYMBOL        x
  X:034AH         SYMBOL        y
  -------         DO            
  X:034CH         SYMBOL        r
  X:034EH         SYMBOL        g
  X:0350H         SYMBOL        b
  D:0004H         SYMBOL        dat
  -------         ENDDO         
  C:6EC4H         LINE#         1224
  C:6ED0H         LINE#         1225
  C:6ED0H         LINE#         1226
  C:6EE0H         LINE#         1227
  C:6F06H         LINE#         1228
  C:6F20H         LINE#         1275
  C:6F27H         LINE#         1276
  C:6F2CH         LINE#         1277
  C:6F30H         LINE#         1278
  C:6F35H         LINE#         1280
  C:6F3FH         LINE#         1283
  C:6F3FH         LINE#         1284
  -------         ENDPROC       _LCD_READPOINT
  -------         PROC          _LCD_CLEAR
  X:0036H         SYMBOL        color
  -------         DO            
  D:0002H         SYMBOL        i
  X:0038H         SYMBOL        j
  -------         ENDDO         
  C:6DC3H         LINE#         1288
  C:6DCBH         LINE#         1289
BL51 BANKED LINKER/LOCATER V6.22                                                      03/12/2021  09:06:45  PAGE 14


  C:6DCBH         LINE#         1290
  C:6DD0H         LINE#         1292
  C:6DFAH         LINE#         1293
  C:6E0AH         LINE#         1294
  C:6E0AH         LINE#         1295
  C:6E26H         LINE#         1296
  C:6E26H         LINE#         1297
  C:6E2CH         LINE#         1298
  C:6E3CH         LINE#         1299
  C:6E43H         LINE#         1300
  -------         ENDPROC       _LCD_CLEAR
  -------         PROC          _LCD_FILL
  X:02ECH         SYMBOL        xState
  X:02EEH         SYMBOL        yState
  X:02F0H         SYMBOL        xEnd
  X:02F2H         SYMBOL        yEnd
  X:02F4H         SYMBOL        color
  -------         DO            
  X:02F6H         SYMBOL        temp
  -------         ENDDO         
  C:67E3H         LINE#         1305
  C:67FBH         LINE#         1306
  C:67FBH         LINE#         1307
  C:6802H         LINE#         1309
  C:6824H         LINE#         1310
  C:6824H         LINE#         1312
  C:6824H         LINE#         1313
  C:683FH         LINE#         1314
  C:6860H         LINE#         1315
  C:687FH         LINE#         1317
  C:688DH         LINE#         1318
  C:688DH         LINE#         1319
  C:689CH         LINE#         1320
  C:68AAH         LINE#         1321
  C:68AAH         LINE#         1322
  C:68B0H         LINE#         1323
  C:68B2H         LINE#         1324
  C:68B2H         LINE#         1325
  -------         ENDPROC       _LCD_FILL
  -------         PROC          _LCD_COLOR_FILL
  X:01FEH         SYMBOL        sx
  X:0200H         SYMBOL        sy
  D:0002H         SYMBOL        ex
  X:0204H         SYMBOL        ey
  X:0206H         SYMBOL        color
  -------         DO            
  X:0209H         SYMBOL        height
  X:020BH         SYMBOL        width
  X:020DH         SYMBOL        i
  X:020FH         SYMBOL        j
  -------         ENDDO         
  C:60A8H         LINE#         1330
  C:60B6H         LINE#         1331
  C:60B6H         LINE#         1334
  C:60D1H         LINE#         1335
  C:60F2H         LINE#         1336
  C:610FH         LINE#         1337
BL51 BANKED LINKER/LOCATER V6.22                                                      03/12/2021  09:06:45  PAGE 15


  C:612BH         LINE#         1338
  C:612BH         LINE#         1339
  C:6148H         LINE#         1340
  C:6148H         LINE#         1341
  C:617EH         LINE#         1342
  C:618EH         LINE#         1343
  C:619FH         LINE#         1344
  -------         ENDPROC       _LCD_COLOR_FILL
  C:7250H         SYMBOL        L?0179
  C:7251H         SYMBOL        L?0180
  -------         PROC          L?0178
  -------         ENDPROC       L?0178
  C:7250H         SYMBOL        L?0179
  C:7251H         SYMBOL        L?0180
  -------         PROC          _LCD_DRAWPOINT
  D:0002H         SYMBOL        x
  D:0082H         SYMBOL        y
  C:7263H         LINE#         1349
  C:726BH         LINE#         1350
  C:726BH         LINE#         1351
  C:7282H         LINE#         1352
  -------         ENDPROC       _LCD_DRAWPOINT
  C:7180H         SYMBOL        L?0186
  -------         PROC          L?0185
  -------         ENDPROC       L?0185
  C:7180H         SYMBOL        L?0186
  -------         PROC          _LCD_DRAWFRONT_COLOR
  X:004DH         SYMBOL        x
  X:004FH         SYMBOL        y
  X:0051H         SYMBOL        color
  C:7185H         LINE#         1358
  C:719DH         LINE#         1359
  C:719DH         LINE#         1360
  C:71BCH         LINE#         1361
  -------         ENDPROC       _LCD_DRAWFRONT_COLOR
  -------         PROC          _LCD_DRAWBIGPOINT
  X:037AH         SYMBOL        x
  X:037CH         SYMBOL        y
  X:037EH         SYMBOL        color
  C:6FBBH         LINE#         1366
  C:6FCFH         LINE#         1367
  C:6FCFH         LINE#         1368
  C:6FD2H         LINE#         1369
  C:6FEBH         LINE#         1370
  C:7007H         LINE#         1371
  -------         ENDPROC       _LCD_DRAWBIGPOINT
  -------         PROC          _LCD_DRAWLINE
  X:013CH         SYMBOL        x1
  X:013EH         SYMBOL        y1
  D:0002H         SYMBOL        x2
  X:0142H         SYMBOL        y2
  -------         DO            
  X:0144H         SYMBOL        t
  X:0146H         SYMBOL        xerr
  X:0148H         SYMBOL        yerr
  X:014AH         SYMBOL        delta_x
  X:014CH         SYMBOL        delta_y
BL51 BANKED LINKER/LOCATER V6.22                                                      03/12/2021  09:06:45  PAGE 16


  X:014EH         SYMBOL        distance
  X:0150H         SYMBOL        incx
  X:0152H         SYMBOL        incy
  X:0154H         SYMBOL        uRow
  X:0156H         SYMBOL        uCol
  -------         ENDDO         
  C:44E6H         LINE#         1377
  C:44F4H         LINE#         1378
  C:44F4H         LINE#         1379
  C:44FBH         LINE#         1380
  C:4503H         LINE#         1382
  C:4518H         LINE#         1383
  C:4533H         LINE#         1384
  C:4542H         LINE#         1385
  C:4548H         LINE#         1386
  C:4564H         LINE#         1387
  C:4570H         LINE#         1388
  C:4585H         LINE#         1389
  C:45A1H         LINE#         1390
  C:45ADH         LINE#         1391
  C:45C2H         LINE#         1392
  C:45E8H         LINE#         1393
  C:45EDH         LINE#         1394
  C:4612H         LINE#         1395
  C:4612H         LINE#         1396
  C:4623H         LINE#         1397
  C:4637H         LINE#         1398
  C:464BH         LINE#         1399
  C:4667H         LINE#         1400
  C:4667H         LINE#         1401
  C:4673H         LINE#         1402
  C:4687H         LINE#         1403
  C:4687H         LINE#         1404
  C:46A3H         LINE#         1405
  C:46A3H         LINE#         1406
  C:46AFH         LINE#         1407
  C:46C3H         LINE#         1408
  C:46C3H         LINE#         1409
  C:46D4H         LINE#         1410
  -------         ENDPROC       _LCD_DRAWLINE
  -------         PROC          _LCD_DRAWLINE_COLOR
  X:00E2H         SYMBOL        x1
  X:00E4H         SYMBOL        y1
  D:0002H         SYMBOL        x2
  X:00E8H         SYMBOL        y2
  X:00EAH         SYMBOL        color
  -------         DO            
  X:00ECH         SYMBOL        t
  X:00EEH         SYMBOL        xerr
  X:00F0H         SYMBOL        yerr
  X:00F2H         SYMBOL        delta_x
  X:00F4H         SYMBOL        delta_y
  X:00F6H         SYMBOL        distance
  X:00F8H         SYMBOL        incx
  X:00FAH         SYMBOL        incy
  X:00FCH         SYMBOL        uRow
  X:00FEH         SYMBOL        uCol
BL51 BANKED LINKER/LOCATER V6.22                                                      03/12/2021  09:06:45  PAGE 17


  -------         ENDDO         
  C:46D5H         LINE#         1412
  C:46E3H         LINE#         1413
  C:46E3H         LINE#         1415
  C:46EEH         LINE#         1417
  C:4703H         LINE#         1418
  C:471EH         LINE#         1419
  C:472DH         LINE#         1420
  C:4733H         LINE#         1421
  C:474FH         LINE#         1422
  C:475BH         LINE#         1423
  C:4770H         LINE#         1424
  C:478CH         LINE#         1425
  C:4798H         LINE#         1426
  C:47ADH         LINE#         1427
  C:47D3H         LINE#         1428
  C:47D8H         LINE#         1429
  C:47FDH         LINE#         1430
  C:47FDH         LINE#         1431
  C:4810H         LINE#         1432
  C:4824H         LINE#         1433
  C:4838H         LINE#         1434
  C:4854H         LINE#         1435
  C:4854H         LINE#         1436
  C:4860H         LINE#         1437
  C:4874H         LINE#         1438
  C:4874H         LINE#         1439
  C:4890H         LINE#         1440
  C:4890H         LINE#         1441
  C:489CH         LINE#         1442
  C:48B0H         LINE#         1443
  C:48B0H         LINE#         1444
  C:48C1H         LINE#         1445
  -------         ENDPROC       _LCD_DRAWLINE_COLOR
  -------         PROC          _LCD_DROWSIGN
  X:0380H         SYMBOL        x
  X:0382H         SYMBOL        y
  X:0384H         SYMBOL        color
  -------         DO            
  D:0003H         SYMBOL        i
  -------         ENDDO         
  C:6639H         LINE#         1452
  C:6651H         LINE#         1453
  C:6651H         LINE#         1457
  C:668BH         LINE#         1458
  C:668DH         LINE#         1459
  C:668DH         LINE#         1460
  C:6690H         LINE#         1461
  C:6695H         LINE#         1464
  C:66CFH         LINE#         1465
  C:66D1H         LINE#         1466
  C:66D1H         LINE#         1467
  C:66D4H         LINE#         1468
  C:66D9H         LINE#         1471
  C:6706H         LINE#         1472
  C:6708H         LINE#         1473
  C:6708H         LINE#         1474
BL51 BANKED LINKER/LOCATER V6.22                                                      03/12/2021  09:06:45  PAGE 18


  C:670BH         LINE#         1475
  C:6710H         LINE#         1476
  -------         ENDPROC       _LCD_DROWSIGN
  -------         PROC          _LCD_DRAWRECTANGLE
  X:0352H         SYMBOL        x1
  X:0354H         SYMBOL        y1
  X:0356H         SYMBOL        x2
  X:0358H         SYMBOL        y2
  C:6A3CH         LINE#         1480
  C:6A52H         LINE#         1481
  C:6A52H         LINE#         1482
  C:6A6EH         LINE#         1483
  C:6A95H         LINE#         1484
  C:6ABDH         LINE#         1485
  -------         ENDPROC       _LCD_DRAWRECTANGLE
  -------         PROC          _LCD_DRAW_CIRCLE
  X:030FH         SYMBOL        x0
  X:0311H         SYMBOL        y0
  D:0003H         SYMBOL        r
  -------         DO            
  X:0313H         SYMBOL        a
  X:0315H         SYMBOL        b
  X:0317H         SYMBOL        di
  -------         ENDDO         
  C:4AABH         LINE#         1490
  C:4AB9H         LINE#         1491
  C:4AB9H         LINE#         1494
  C:4AC8H         LINE#         1495
  C:4ADCH         LINE#         1496
  C:4AFBH         LINE#         1497
  C:4AFBH         LINE#         1498
  C:4B09H         LINE#         1499
  C:4B22H         LINE#         1500
  C:4B4DH         LINE#         1501
  C:4B78H         LINE#         1502
  C:4BA4H         LINE#         1503
  C:4BD0H         LINE#         1504
  C:4BE7H         LINE#         1505
  C:4C02H         LINE#         1506
  C:4C10H         LINE#         1508
  C:4C40H         LINE#         1510
  C:4C40H         LINE#         1511
  C:4C71H         LINE#         1512
  C:4C7FH         LINE#         1513
  C:4C7FH         LINE#         1514
  C:4C82H         LINE#         1515
  -------         ENDPROC       _LCD_DRAW_CIRCLE
  -------         PROC          _LCD_SHOWCHAR
  X:0041H         SYMBOL        x
  X:0043H         SYMBOL        y
  X:0045H         SYMBOL        num
  X:0046H         SYMBOL        size
  X:0047H         SYMBOL        mode
  -------         DO            
  X:0048H         SYMBOL        temp
  X:0049H         SYMBOL        t1
  D:0001H         SYMBOL        t
BL51 BANKED LINKER/LOCATER V6.22                                                      03/12/2021  09:06:45  PAGE 19


  X:004AH         SYMBOL        y0
  X:004CH         SYMBOL        csize
  -------         ENDDO         
  C:5320H         LINE#         1523
  C:5335H         LINE#         1524
  C:5335H         LINE#         1526
  C:533DH         LINE#         1527
  C:5365H         LINE#         1528
  C:536CH         LINE#         1529
  C:537BH         LINE#         1530
  C:537BH         LINE#         1531
  C:5395H         LINE#         1532
  C:53ABH         LINE#         1533
  C:53D8H         LINE#         1535
  C:53DDH         LINE#         1536
  C:53DDH         LINE#         1537
  C:53F7H         LINE#         1538
  C:5411H         LINE#         1539
  C:5418H         LINE#         1540
  C:5426H         LINE#         1541
  C:543CH         LINE#         1542
  C:5458H         LINE#         1543
  C:5458H         LINE#         1544
  C:5460H         LINE#         1545
  C:546EH         LINE#         1546
  C:5484H         LINE#         1548
  C:5484H         LINE#         1549
  C:5493H         LINE#         1550
  C:5497H         LINE#         1551
  -------         ENDPROC       _LCD_SHOWCHAR
  -------         PROC          L?0189
  -------         ENDPROC       L?0189
  -------         PROC          _LCD_POW
  X:0386H         SYMBOL        m
  X:0387H         SYMBOL        n
  -------         DO            
  X:0388H         SYMBOL        result
  -------         ENDDO         
  C:70A0H         LINE#         1554
  C:70A8H         LINE#         1555
  C:70A8H         LINE#         1556
  C:70B0H         LINE#         1557
  C:70DAH         LINE#         1558
  C:70E8H         LINE#         1559
  -------         ENDPROC       _LCD_POW
  -------         PROC          _LCD_SHOWNUM
  X:02C5H         SYMBOL        x
  X:02C7H         SYMBOL        y
  X:02C9H         SYMBOL        num
  X:02CDH         SYMBOL        len
  X:02CEH         SYMBOL        size
  -------         DO            
  X:02CFH         SYMBOL        t
  X:02D0H         SYMBOL        temp
  X:02D1H         SYMBOL        enshow
  -------         ENDDO         
  C:655DH         LINE#         1566
BL51 BANKED LINKER/LOCATER V6.22                                                      03/12/2021  09:06:45  PAGE 20


  C:656BH         LINE#         1567
  C:656BH         LINE#         1569
  C:6570H         LINE#         1570
  C:6585H         LINE#         1571
  C:6585H         LINE#         1572
  C:65AFH         LINE#         1573
  C:65C2H         LINE#         1574
  C:65C2H         LINE#         1575
  C:65C6H         LINE#         1576
  C:65C6H         LINE#         1577
  C:65F0H         LINE#         1578
  C:65F2H         LINE#         1579
  C:65F8H         LINE#         1581
  C:65F8H         LINE#         1582
  C:662FH         LINE#         1583
  C:6638H         LINE#         1584
  -------         ENDPROC       _LCD_SHOWNUM
  -------         PROC          _LCD_SHOWXNUM
  X:029BH         SYMBOL        x
  X:029DH         SYMBOL        y
  X:029FH         SYMBOL        num
  X:02A3H         SYMBOL        len
  X:02A4H         SYMBOL        size
  X:02A5H         SYMBOL        mode
  -------         DO            
  X:02A6H         SYMBOL        t
  X:02A7H         SYMBOL        temp
  X:02A8H         SYMBOL        enshow
  -------         ENDDO         
  C:5D5FH         LINE#         1595
  C:5D6DH         LINE#         1596
  C:5D6DH         LINE#         1598
  C:5D72H         LINE#         1599
  C:5D87H         LINE#         1600
  C:5D87H         LINE#         1601
  C:5DB1H         LINE#         1602
  C:5DC7H         LINE#         1603
  C:5DC7H         LINE#         1604
  C:5DCBH         LINE#         1605
  C:5DCBH         LINE#         1606
  C:5E01H         LINE#         1607
  C:5E36H         LINE#         1608
  C:5E38H         LINE#         1609
  C:5E3EH         LINE#         1611
  C:5E3EH         LINE#         1612
  C:5E7EH         LINE#         1613
  C:5E87H         LINE#         1614
  -------         ENDPROC       _LCD_SHOWXNUM
  -------         PROC          _LCD_SHOWSTRING
  X:0034H         SYMBOL        x
  X:0036H         SYMBOL        y
  X:0038H         SYMBOL        width
  X:003AH         SYMBOL        height
  X:003CH         SYMBOL        size
  X:003DH         SYMBOL        p
  -------         DO            
  X:0040H         SYMBOL        x0
BL51 BANKED LINKER/LOCATER V6.22                                                      03/12/2021  09:06:45  PAGE 21


  -------         ENDDO         
  C:6478H         LINE#         1620
  C:648CH         LINE#         1621
  C:648CH         LINE#         1622
  C:6498H         LINE#         1623
  C:64A4H         LINE#         1624
  C:64B8H         LINE#         1625
  C:64D8H         LINE#         1626
  C:64D8H         LINE#         1627
  C:650BH         LINE#         1628
  C:6521H         LINE#         1629
  C:653BH         LINE#         1630
  C:654FH         LINE#         1631
  C:6559H         LINE#         1632
  C:655CH         LINE#         1633
  -------         ENDPROC       _LCD_SHOWSTRING
  -------         PROC          _LCD_SHOWFONTHZ
  X:0319H         SYMBOL        x
  X:031BH         SYMBOL        y
  X:031DH         SYMBOL        cn
  -------         DO            
  D:0003H         SYMBOL        i
  D:0002H         SYMBOL        j
  X:0320H         SYMBOL        wordNum
  X:0321H         SYMBOL        color
  -------         ENDDO         
  C:5C34H         LINE#         1646
  C:5C4BH         LINE#         1647
  C:5C4BH         LINE#         1650
  C:5C5EH         LINE#         1651
  C:5C5EH         LINE#         1652
  C:5C94H         LINE#         1653
  C:5CA6H         LINE#         1654
  C:5CA6H         LINE#         1655
  C:5CE7H         LINE#         1657
  C:5CE7H         LINE#         1659
  C:5CE8H         LINE#         1660
  C:5CE8H         LINE#         1661
  C:5D0FH         LINE#         1662
  C:5D11H         LINE#         1663
  C:5D11H         LINE#         1664
  C:5D18H         LINE#         1665
  C:5D18H         LINE#         1666
  C:5D1BH         LINE#         1667
  C:5D1DH         LINE#         1669
  C:5D1DH         LINE#         1670
  C:5D23H         LINE#         1671
  C:5D23H         LINE#         1672
  C:5D30H         LINE#         1673
  C:5D35H         LINE#         1674
  C:5D3AH         LINE#         1675
  C:5D3AH         LINE#         1676
  C:5D43H         LINE#         1677
  C:5D4DH         LINE#         1678
  C:5D5BH         LINE#         1679
  C:5D5EH         LINE#         1680
  -------         ENDPROC       _LCD_SHOWFONTHZ
BL51 BANKED LINKER/LOCATER V6.22                                                      03/12/2021  09:06:45  PAGE 22


  -------         PROC          _LCD_SHOWPICTURE
  X:01E9H         SYMBOL        x
  X:01EBH         SYMBOL        y
  X:01EDH         SYMBOL        wide
  X:01EFH         SYMBOL        high
  X:01F1H         SYMBOL        pic
  -------         DO            
  X:01F4H         SYMBOL        temp
  X:01F6H         SYMBOL        tmp
  X:01FAH         SYMBOL        num
  -------         ENDDO         
  C:5B07H         LINE#         1734
  C:5B1BH         LINE#         1735
  C:5B1BH         LINE#         1736
  C:5B22H         LINE#         1737
  C:5B34H         LINE#         1738
  C:5B7BH         LINE#         1739
  C:5B9EH         LINE#         1741
  C:5B9EH         LINE#         1742
  C:5BCBH         LINE#         1743
  C:5BD4H         LINE#         1744
  C:5BEEH         LINE#         1745
  C:5BF1H         LINE#         1746
  C:5C0EH         LINE#         1747
  C:5C0EH         LINE#         1748
  C:5C33H         LINE#         1749
  -------         ENDPROC       _LCD_SHOWPICTURE
  -------         ENDMOD        TFTLCD

  -------         MODULE        TOUCH
  C:0000H         SYMBOL        _ICE_DUMMY_
  D:0090H         PUBLIC        P1
  D:00A0H         PUBLIC        P2
  D:00B0H         PUBLIC        P3
  D:00A8H         PUBLIC        IE
  D:00B8H         PUBLIC        IP
  B:00A0H.0       PUBLIC        TOUCH_DOUT
  X:02D2H         PUBLIC        xpt_xy
  C:7305H         PUBLIC        TOUCH_SPI_Read
  D:0098H         PUBLIC        SCON
  D:0088H         PUBLIC        TCON
  C:5024H         PUBLIC        _TOUCH_XPT_ReadData
  B:00A0H.1       PUBLIC        TOUCH_CLK
  C:7401H         PUBLIC        _TOUCH_SPI_Write
  B:00A0H.2       PUBLIC        TOUCH_DIN
  C:74BCH         PUBLIC        TOUCH_SPI_Start
  D:00C8H         PUBLIC        T2CON
  C:588CH         PUBLIC        TOUCH_Scan
  C:5E88H         PUBLIC        TOUCH_XPT_ReadXY
  D:00D0H         PUBLIC        PSW
  B:00A0H.3       PUBLIC        TOUCH_CS
  -------         PROC          TOUCH_SPI_START
  C:74BCH         LINE#         9
  C:74BCH         LINE#         10
  C:74BCH         LINE#         11
  C:74BEH         LINE#         12
  C:74C0H         LINE#         13
BL51 BANKED LINKER/LOCATER V6.22                                                      03/12/2021  09:06:45  PAGE 23


  C:74C2H         LINE#         14
  C:74C4H         LINE#         15
  C:74C6H         LINE#         16
  -------         ENDPROC       TOUCH_SPI_START
  -------         PROC          _TOUCH_SPI_WRITE
  D:0007H         SYMBOL        dat
  -------         DO            
  D:0006H         SYMBOL        i
  -------         ENDDO         
  C:7401H         LINE#         18
  C:7401H         LINE#         19
  C:7401H         LINE#         21
  C:7403H         LINE#         22
  C:7405H         LINE#         23
  C:7405H         LINE#         24
  C:7410H         LINE#         25
  C:7414H         LINE#         26
  C:7416H         LINE#         28
  C:7418H         LINE#         30
  C:741DH         LINE#         31
  -------         ENDPROC       _TOUCH_SPI_WRITE
  -------         PROC          TOUCH_SPI_READ
  -------         DO            
  D:0004H         SYMBOL        i
  X:039EH         SYMBOL        dat
  -------         ENDDO         
  C:7305H         LINE#         33
  C:7305H         LINE#         34
  C:7305H         LINE#         35
  C:730CH         LINE#         36
  C:730EH         LINE#         37
  C:7310H         LINE#         38
  C:7310H         LINE#         39
  C:731DH         LINE#         41
  C:731FH         LINE#         42
  C:7321H         LINE#         44
  C:732CH         LINE#         46
  C:7337H         LINE#         47
  C:733FH         LINE#         48
  -------         ENDPROC       TOUCH_SPI_READ
  -------         PROC          L?0046
  -------         ENDPROC       L?0046
  -------         PROC          _TOUCH_XPT_READDATA
  D:0003H         SYMBOL        cmd
  -------         DO            
  X:0158H         SYMBOL        i
  X:0159H         SYMBOL        j
  X:015AH         SYMBOL        readValue
  X:016EH         SYMBOL        endValue
  -------         ENDDO         
  C:5024H         LINE#         52
  C:5026H         LINE#         53
  C:5026H         LINE#         58
  C:5028H         LINE#         59
  C:502AH         LINE#         61
  C:502FH         LINE#         62
  C:502FH         LINE#         63
BL51 BANKED LINKER/LOCATER V6.22                                                      03/12/2021  09:06:45  PAGE 24


  C:5034H         LINE#         65
  C:5043H         LINE#         66
  C:5045H         LINE#         67
  C:5046H         LINE#         68
  C:5047H         LINE#         69
  C:5049H         LINE#         70
  C:504AH         LINE#         71
  C:504BH         LINE#         73
  C:5062H         LINE#         74
  C:506EH         LINE#         75
  C:5070H         LINE#         79
  C:5082H         LINE#         80
  C:5082H         LINE#         81
  C:5093H         LINE#         82
  C:5093H         LINE#         83
  C:50BEH         LINE#         84
  C:50BEH         LINE#         85
  C:50D8H         LINE#         86
  C:50FEH         LINE#         87
  C:5119H         LINE#         88
  C:5119H         LINE#         89
  C:5122H         LINE#         90
  C:512BH         LINE#         95
  C:5135H         LINE#         96
  C:513BH         LINE#         97
  C:513BH         LINE#         98
  C:5172H         LINE#         99
  C:517CH         LINE#         100
  C:5199H         LINE#         102
  C:51A3H         LINE#         103
  -------         ENDPROC       _TOUCH_XPT_READDATA
  -------         PROC          TOUCH_XPT_READXY
  -------         DO            
  X:0323H         SYMBOL        x1
  X:0325H         SYMBOL        x2
  X:0327H         SYMBOL        x
  X:0329H         SYMBOL        y1
  D:0004H         SYMBOL        y2
  X:032BH         SYMBOL        y
  -------         ENDDO         
  C:5E88H         LINE#         107
  C:5E88H         LINE#         108
  C:5E88H         LINE#         111
  C:5E8BH         LINE#         113
  C:5E93H         LINE#         114
  C:5E9EH         LINE#         115
  C:5EA6H         LINE#         116
  C:5EADH         LINE#         120
  C:5EC3H         LINE#         121
  C:5EC3H         LINE#         122
  C:5ECBH         LINE#         123
  C:5ECDH         LINE#         125
  C:5ECDH         LINE#         126
  C:5EE8H         LINE#         127
  C:5EE8H         LINE#         130
  C:5EF6H         LINE#         131
  C:5EF6H         LINE#         132
BL51 BANKED LINKER/LOCATER V6.22                                                      03/12/2021  09:06:45  PAGE 25


  C:5EFBH         LINE#         133
  C:5EFDH         LINE#         135
  C:5EFDH         LINE#         136
  C:5F10H         LINE#         137
  C:5F10H         LINE#         140
  C:5F2DH         LINE#         141
  C:5F2DH         LINE#         142
  C:5F30H         LINE#         143
  C:5F30H         LINE#         146
  C:5F51H         LINE#         147
  C:5F6AH         LINE#         149
  C:5F71H         LINE#         150
  C:5F78H         LINE#         153
  C:5F96H         LINE#         154
  C:5F96H         LINE#         155
  C:5F99H         LINE#         156
  C:5F99H         LINE#         158
  C:5F9BH         LINE#         159
  -------         ENDPROC       TOUCH_XPT_READXY
  -------         PROC          TOUCH_SCAN
  -------         DO            
  X:0392H         SYMBOL        res
  X:0393H         SYMBOL        temp
  -------         ENDDO         
  C:588CH         LINE#         163
  C:588CH         LINE#         164
  C:588CH         LINE#         165
  C:5891H         LINE#         168
  C:589AH         LINE#         169
  C:589AH         LINE#         172
  C:58A3H         LINE#         173
  C:58A3H         LINE#         217
  C:58B4H         LINE#         218
  C:58E8H         LINE#         219
  C:58F9H         LINE#         220
  C:5922H         LINE#         223
  C:5925H         LINE#         225
  C:5925H         LINE#         269
  C:5934H         LINE#         270
  C:596AH         LINE#         271
  C:5983H         LINE#         272
  C:59B7H         LINE#         275
  C:59B7H         LINE#         292
  C:59BDH         LINE#         293
  C:59BDH         LINE#         294
  C:59BFH         LINE#         296
  C:59C4H         LINE#         297
  C:59C9H         LINE#         298
  -------         ENDPROC       TOUCH_SCAN
  -------         ENDMOD        TOUCH

  -------         MODULE        GUI
  C:0000H         SYMBOL        _ICE_DUMMY_
  C:7136H         PUBLIC        _gui_pow
  D:0090H         PUBLIC        P1
  D:00A0H         PUBLIC        P2
  D:00B0H         PUBLIC        P3
BL51 BANKED LINKER/LOCATER V6.22                                                      03/12/2021  09:06:45  PAGE 26


  C:6AE6H         PUBLIC        _gui_num2str
  C:3E7DH         PUBLIC        _gui_show_ptstr
  D:00A8H         PUBLIC        IE
  C:51A4H         PUBLIC        _gui_get_stringline
  D:00B8H         PUBLIC        IP
  C:6297H         PUBLIC        _gui_draw_bigpoint
  C:4E5AH         PUBLIC        _gui_show_num
  C:702EH         PUBLIC        _gui_disabs
  C:39D3H         PUBLIC        _gui_fill_ellipse
  C:2A9AH         PUBLIC        _gui_fill_circle
  C:22CCH         PUBLIC        _gui_draw_ellipse
  C:1C19H         PUBLIC        _gui_draw_arcrectangle
  D:0098H         PUBLIC        SCON
  C:61A0H         PUBLIC        _gui_alphablend_area
  D:0088H         PUBLIC        TCON
  C:638BH         PUBLIC        _gui_alpha_blend565
  C:728DH         PUBLIC        _gui_rgb332torgb565
  C:69B3H         PUBLIC        _gui_draw_expoint
  C:3767H         PUBLIC        _gui_draw_bline
  C:48C2H         PUBLIC        _gui_smooth_color
  C:6F40H         PUBLIC        _gui_draw_hline
  C:3C2FH         PUBLIC        _gui_show_ptchar
  C:6BA5H         PUBLIC        _gui_draw_vline
  C:6E44H         PUBLIC        _gui_color_chg
  C:55FDH         PUBLIC        _gui_show_strmid
  C:5745H         PUBLIC        _gui_fill_colorblock
  C:42F3H         PUBLIC        _gui_draw_line
  C:72C9H         PUBLIC        _gui_draw_point
  C:3519H         PUBLIC        _gui_draw_circle8
  C:40C8H         PUBLIC        _gui_show_string
  D:00C8H         PUBLIC        T2CON
  C:6CC6H         PUBLIC        _gui_fill_rectangle
  C:4C9FH         PUBLIC        _gui_draw_arc
  C:5F9CH         PUBLIC        _gui_draw_smooth_rectangle
  C:68B3H         PUBLIC        _gui_draw_rectangle
  C:26D0H         PUBLIC        _gui_draw_bline1
  D:00D0H         PUBLIC        PSW
  C:6711H         PUBLIC        _gui_show_ptstrwhiterim
  -------         PROC          _GUI_COLOR_CHG
  X:035AH         SYMBOL        rgb
  -------         DO            
  X:035EH         SYMBOL        r
  X:0360H         SYMBOL        g
  D:0004H         SYMBOL        b
  -------         ENDDO         
  C:6E44H         LINE#         15
  C:6E4AH         LINE#         16
  C:6E4AH         LINE#         18
  C:6E63H         LINE#         19
  C:6E82H         LINE#         20
  C:6E9DH         LINE#         21
  C:6EC3H         LINE#         22
  -------         ENDPROC       _GUI_COLOR_CHG
  -------         PROC          _GUI_RGB332TORGB565
  D:0004H         SYMBOL        rgb332
  -------         DO            
  D:0002H         SYMBOL        rgb565
BL51 BANKED LINKER/LOCATER V6.22                                                      03/12/2021  09:06:45  PAGE 27


  -------         ENDDO         
  C:728DH         LINE#         26
  C:7291H         LINE#         27
  C:7291H         LINE#         28
  C:7295H         LINE#         29
  C:72AAH         LINE#         30
  C:72BFH         LINE#         31
  C:72C5H         LINE#         32
  C:72C8H         LINE#         33
  -------         ENDPROC       _GUI_RGB332TORGB565
  -------         PROC          _GUI_POW
  X:038CH         SYMBOL        m
  X:038DH         SYMBOL        n
  -------         DO            
  X:038EH         SYMBOL        result
  -------         ENDDO         
  C:7136H         LINE#         35
  C:713EH         LINE#         36
  C:713EH         LINE#         37
  C:7146H         LINE#         38
  C:7170H         LINE#         39
  C:717EH         LINE#         40
  -------         ENDPROC       _GUI_POW
  -------         PROC          _GUI_DISABS
  X:0362H         SYMBOL        x1
  X:0366H         SYMBOL        x2
  C:702EH         LINE#         42
  C:7034H         LINE#         43
  C:7034H         LINE#         44
  C:7098H         LINE#         45
  -------         ENDPROC       _GUI_DISABS
  -------         PROC          _GUI_DRAW_POINT
  X:0397H         SYMBOL        x0
  D:0004H         SYMBOL        y0
  D:0002H         SYMBOL        color
  -------         DO            
  X:0399H         SYMBOL        tempcolor
  -------         ENDDO         
  C:72C9H         LINE#         51
  C:72D1H         LINE#         52
  C:72D1H         LINE#         53
  C:72E0H         LINE#         54
  C:72EAH         LINE#         55
  C:72F5H         LINE#         56
  C:7304H         LINE#         57
  -------         ENDPROC       _GUI_DRAW_POINT
  -------         PROC          _GUI_ALPHABLEND_AREA
  X:025AH         SYMBOL        x
  X:025CH         SYMBOL        y
  X:025EH         SYMBOL        width
  X:0260H         SYMBOL        height
  X:0262H         SYMBOL        color
  X:0264H         SYMBOL        aval
  -------         DO            
  X:0265H         SYMBOL        i
  X:0267H         SYMBOL        j
  X:0269H         SYMBOL        tempcolor
BL51 BANKED LINKER/LOCATER V6.22                                                      03/12/2021  09:06:45  PAGE 28


  -------         ENDDO         
  C:61A0H         LINE#         63
  C:61B4H         LINE#         64
  C:61B4H         LINE#         67
  C:61D3H         LINE#         68
  C:61D3H         LINE#         69
  C:61F2H         LINE#         70
  C:61F2H         LINE#         71
  C:6225H         LINE#         72
  C:623BH         LINE#         73
  C:626EH         LINE#         74
  C:6282H         LINE#         75
  C:6296H         LINE#         76
  -------         ENDPROC       _GUI_ALPHABLEND_AREA
  -------         PROC          _GUI_DRAW_BIGPOINT
  X:02A9H         SYMBOL        x0
  X:02ABH         SYMBOL        y0
  X:02ADH         SYMBOL        color
  -------         DO            
  X:02AFH         SYMBOL        i
  X:02B1H         SYMBOL        j
  X:02B3H         SYMBOL        x
  X:02B5H         SYMBOL        y
  -------         ENDDO         
  C:6297H         LINE#         82
  C:62ADH         LINE#         83
  C:62ADH         LINE#         86
  C:62C8H         LINE#         87
  C:62D7H         LINE#         88
  C:62F3H         LINE#         89
  C:6302H         LINE#         90
  C:632CH         LINE#         91
  C:632CH         LINE#         92
  C:637AH         LINE#         93
  C:638AH         LINE#         94
  -------         ENDPROC       _GUI_DRAW_BIGPOINT
  -------         PROC          _GUI_DRAW_LINE
  X:0100H         SYMBOL        x0
  X:0102H         SYMBOL        y0
  D:0002H         SYMBOL        x1
  X:0106H         SYMBOL        y1
  X:0108H         SYMBOL        color
  -------         DO            
  X:010AH         SYMBOL        t
  X:010CH         SYMBOL        xerr
  X:010EH         SYMBOL        yerr
  X:0110H         SYMBOL        delta_x
  X:0112H         SYMBOL        delta_y
  X:0114H         SYMBOL        distance
  X:0116H         SYMBOL        incx
  X:0118H         SYMBOL        incy
  X:011AH         SYMBOL        uRow
  X:011CH         SYMBOL        uCol
  -------         ENDDO         
  C:42F3H         LINE#         98
  C:4301H         LINE#         99
  C:4301H         LINE#         101
BL51 BANKED LINKER/LOCATER V6.22                                                      03/12/2021  09:06:45  PAGE 29


  C:430CH         LINE#         104
  C:4321H         LINE#         105
  C:433CH         LINE#         106
  C:434BH         LINE#         107
  C:4351H         LINE#         108
  C:436DH         LINE#         109
  C:4379H         LINE#         110
  C:438EH         LINE#         111
  C:43AAH         LINE#         112
  C:43B6H         LINE#         113
  C:43CBH         LINE#         114
  C:43F1H         LINE#         115
  C:43F6H         LINE#         116
  C:441BH         LINE#         117
  C:441BH         LINE#         118
  C:4434H         LINE#         119
  C:4448H         LINE#         120
  C:445CH         LINE#         121
  C:4478H         LINE#         122
  C:4478H         LINE#         123
  C:4484H         LINE#         124
  C:4498H         LINE#         125
  C:4498H         LINE#         126
  C:44B4H         LINE#         127
  C:44B4H         LINE#         128
  C:44C0H         LINE#         129
  C:44D4H         LINE#         130
  C:44D4H         LINE#         131
  C:44E5H         LINE#         132
  -------         ENDPROC       _GUI_DRAW_LINE
  -------         PROC          _GUI_DRAW_BLINE
  X:00A4H         SYMBOL        x1
  X:00A6H         SYMBOL        y1
  X:00A8H         SYMBOL        x2
  X:00AAH         SYMBOL        y2
  X:00ACH         SYMBOL        size
  X:00ADH         SYMBOL        color
  -------         DO            
  X:00AFH         SYMBOL        t
  X:00B1H         SYMBOL        xerr
  X:00B3H         SYMBOL        yerr
  X:00B5H         SYMBOL        delta_x
  X:00B7H         SYMBOL        delta_y
  X:00B9H         SYMBOL        distance
  X:00BBH         SYMBOL        incx
  X:00BDH         SYMBOL        incy
  X:00BFH         SYMBOL        uRow
  X:00C1H         SYMBOL        uCol
  -------         ENDDO         
  C:3767H         LINE#         137
  C:377BH         LINE#         138
  C:377BH         LINE#         140
  C:3786H         LINE#         142
  C:37CBH         LINE#         143
  C:37E4H         LINE#         144
  C:37FFH         LINE#         145
  C:381AH         LINE#         146
BL51 BANKED LINKER/LOCATER V6.22                                                      03/12/2021  09:06:45  PAGE 30


  C:3822H         LINE#         147
  C:3830H         LINE#         148
  C:384CH         LINE#         149
  C:3858H         LINE#         150
  C:386DH         LINE#         151
  C:3889H         LINE#         152
  C:3895H         LINE#         153
  C:38AAH         LINE#         154
  C:38D0H         LINE#         155
  C:38D5H         LINE#         156
  C:38FAH         LINE#         157
  C:38FAH         LINE#         158
  C:3921H         LINE#         159
  C:3935H         LINE#         160
  C:3949H         LINE#         161
  C:3985H         LINE#         162
  C:39C1H         LINE#         163
  C:39D2H         LINE#         164
  -------         ENDPROC       _GUI_DRAW_BLINE
  -------         PROC          _GUI_DRAW_BLINE1
  X:00C3H         SYMBOL        x0
  X:00C5H         SYMBOL        y0
  D:0002H         SYMBOL        x1
  X:00C9H         SYMBOL        y1
  X:00CBH         SYMBOL        size
  X:00CCH         SYMBOL        color
  -------         DO            
  X:00CEH         SYMBOL        t
  X:00D0H         SYMBOL        xerr
  X:00D2H         SYMBOL        yerr
  X:00D4H         SYMBOL        delta_x
  X:00D6H         SYMBOL        delta_y
  X:00D8H         SYMBOL        distance
  X:00DAH         SYMBOL        incx
  X:00DCH         SYMBOL        incy
  X:00DEH         SYMBOL        uRow
  X:00E0H         SYMBOL        uCol
  -------         ENDDO         
  C:26D0H         LINE#         170
  C:26DEH         LINE#         171
  C:26DEH         LINE#         173
  C:26E9H         LINE#         176
  C:26FEH         LINE#         177
  C:2719H         LINE#         178
  C:2728H         LINE#         179
  C:272EH         LINE#         180
  C:274AH         LINE#         181
  C:2756H         LINE#         182
  C:276BH         LINE#         183
  C:2787H         LINE#         184
  C:2793H         LINE#         185
  C:27A8H         LINE#         186
  C:27CEH         LINE#         187
  C:27D3H         LINE#         188
  C:27F8H         LINE#         189
  C:27F8H         LINE#         190
  C:2817H         LINE#         191
BL51 BANKED LINKER/LOCATER V6.22                                                      03/12/2021  09:06:45  PAGE 31


  C:2822H         LINE#         192
  C:2822H         LINE#         193
  C:283BH         LINE#         194
  C:285CH         LINE#         195
  C:287DH         LINE#         196
  C:28A4H         LINE#         197
  C:28A4H         LINE#         198
  C:28AFH         LINE#         199
  C:28AFH         LINE#         200
  C:28C8H         LINE#         201
  C:28E9H         LINE#         202
  C:290AH         LINE#         203
  C:2931H         LINE#         204
  C:2958H         LINE#         205
  C:297FH         LINE#         206
  C:29A6H         LINE#         207
  C:29C7H         LINE#         208
  C:29E8H         LINE#         209
  C:29E8H         LINE#         210
  C:29FCH         LINE#         211
  C:2A10H         LINE#         212
  C:2A2CH         LINE#         213
  C:2A2CH         LINE#         214
  C:2A38H         LINE#         215
  C:2A4CH         LINE#         216
  C:2A4CH         LINE#         217
  C:2A68H         LINE#         218
  C:2A68H         LINE#         219
  C:2A74H         LINE#         220
  C:2A88H         LINE#         221
  C:2A88H         LINE#         222
  C:2A99H         LINE#         223
  -------         ENDPROC       _GUI_DRAW_BLINE1
  C:6BA0H         SYMBOL        L?0318
  -------         PROC          L?0317
  -------         ENDPROC       L?0317
  C:6BA0H         SYMBOL        L?0318
  -------         PROC          _GUI_DRAW_VLINE
  X:036AH         SYMBOL        x0
  X:036CH         SYMBOL        y0
  X:036EH         SYMBOL        len
  X:0370H         SYMBOL        color
  C:6BA5H         LINE#         228
  C:6BB9H         LINE#         229
  C:6BB9H         LINE#         230
  C:6BE7H         LINE#         231
  C:6C25H         LINE#         232
  -------         ENDPROC       _GUI_DRAW_VLINE
  -------         PROC          _GUI_DRAW_HLINE
  X:0372H         SYMBOL        x0
  X:0374H         SYMBOL        y0
  D:0002H         SYMBOL        len
  X:0378H         SYMBOL        color
  C:6F40H         LINE#         237
  C:6F4EH         LINE#         238
  C:6F4EH         LINE#         239
  C:6F7CH         LINE#         240
BL51 BANKED LINKER/LOCATER V6.22                                                      03/12/2021  09:06:45  PAGE 32


  C:6FBAH         LINE#         241
  -------         ENDPROC       _GUI_DRAW_HLINE
  -------         PROC          _GUI_FILL_COLORBLOCK
  X:02B7H         SYMBOL        x0
  X:02B9H         SYMBOL        y0
  X:02BBH         SYMBOL        width
  X:02BDH         SYMBOL        height
  X:02BFH         SYMBOL        ctbl
  X:02C2H         SYMBOL        mode
  -------         DO            
  X:02C3H         SYMBOL        i
  -------         ENDDO         
  C:5745H         LINE#         248
  C:5759H         LINE#         249
  C:5759H         LINE#         251
  C:5771H         LINE#         252
  C:577BH         LINE#         253
  C:577BH         LINE#         254
  C:5799H         LINE#         255
  C:5799H         LINE#         256
  C:57F7H         LINE#         257
  C:5808H         LINE#         258
  C:5808H         LINE#         259
  C:5808H         LINE#         260
  C:5825H         LINE#         261
  C:5825H         LINE#         262
  C:587BH         LINE#         263
  C:588BH         LINE#         264
  C:588BH         LINE#         265
  -------         ENDPROC       _GUI_FILL_COLORBLOCK
  -------         PROC          _GUI_SMOOTH_COLOR
  X:011EH         SYMBOL        srgb
  X:0122H         SYMBOL        ergb
  X:0126H         SYMBOL        cbuf
  X:0129H         SYMBOL        len
  -------         DO            
  X:012BH         SYMBOL        sr
  X:012CH         SYMBOL        sg
  X:012DH         SYMBOL        sb
  X:012EH         SYMBOL        dr
  X:0130H         SYMBOL        dg
  X:0132H         SYMBOL        db
  X:0134H         SYMBOL        r
  X:0136H         SYMBOL        g
  X:0138H         SYMBOL        b
  X:013AH         SYMBOL        i
  -------         ENDDO         
  C:48C2H         LINE#         271
  C:48C8H         LINE#         272
  C:48C8H         LINE#         276
  C:48CFH         LINE#         277
  C:48E8H         LINE#         278
  C:4901H         LINE#         279
  C:4910H         LINE#         280
  C:4933H         LINE#         281
  C:4956H         LINE#         282
  C:496EH         LINE#         283
BL51 BANKED LINKER/LOCATER V6.22                                                      03/12/2021  09:06:45  PAGE 33


  C:498DH         LINE#         284
  C:498DH         LINE#         285
  C:49BBH         LINE#         286
  C:49E6H         LINE#         287
  C:4A11H         LINE#         288
  C:4A27H         LINE#         289
  C:4A3DH         LINE#         290
  C:4A53H         LINE#         291
  C:4A99H         LINE#         292
  C:4AAAH         LINE#         293
  -------         ENDPROC       _GUI_SMOOTH_COLOR
  -------         PROC          _GUI_DRAW_SMOOTH_RECTANGLE
  X:01BCH         SYMBOL        x
  X:01BEH         SYMBOL        y
  X:01C0H         SYMBOL        width
  X:01C2H         SYMBOL        height
  X:01C4H         SYMBOL        srgb
  X:01C8H         SYMBOL        ergb
  -------         DO            
  X:01CCH         SYMBOL        i
  X:01CEH         SYMBOL        j
  X:01D0H         SYMBOL        colortbl
  -------         ENDDO         
  C:5F9CH         LINE#         298
  C:5FB0H         LINE#         299
  C:5FB0H         LINE#         303
  C:5FF9H         LINE#         304
  C:6018H         LINE#         305
  C:6018H         LINE#         306
  C:6034H         LINE#         307
  C:6034H         LINE#         308
  C:6083H         LINE#         309
  C:6093H         LINE#         310
  C:60A7H         LINE#         311
  -------         ENDPROC       _GUI_DRAW_SMOOTH_RECTANGLE
  -------         PROC          _GUI_DRAW_RECTANGLE
  X:032DH         SYMBOL        x0
  X:032FH         SYMBOL        y0
  X:0331H         SYMBOL        width
  X:0333H         SYMBOL        height
  X:0335H         SYMBOL        color
  C:68B3H         LINE#         317
  C:68C7H         LINE#         318
  C:68C7H         LINE#         319
  C:68DDH         LINE#         320
  C:691AH         LINE#         321
  C:693DH         LINE#         322
  -------         ENDPROC       _GUI_DRAW_RECTANGLE
  -------         PROC          _GUI_DRAW_ARCRECTANGLE
  X:026BH         SYMBOL        x
  X:026DH         SYMBOL        y
[...]
  C:5699H         LINE#         546
  C:5744H         LINE#         547
  -------         ENDPROC       _GUI_SHOW_STRMID
  -------         PROC          _GUI_SHOW_PTCHAR
  X:018BH         SYMBOL        x
  X:018DH         SYMBOL        y
  X:018FH         SYMBOL        xend
  X:0191H         SYMBOL        yend
  X:0193H         SYMBOL        offset
  X:0195H         SYMBOL        color
BL51 BANKED LINKER/LOCATER V6.22                                                      03/12/2021  09:06:45  PAGE 39


  X:0197H         SYMBOL        size
  X:0199H         SYMBOL        chr
  X:019AH         SYMBOL        mode
  -------         DO            
  X:019BH         SYMBOL        temp
  X:019CH         SYMBOL        t1
  X:019DH         SYMBOL        t
  X:019EH         SYMBOL        tempoff
  X:01A0H         SYMBOL        y0
  X:01A2H         SYMBOL        csize
  -------         ENDDO         
  C:3C2FH         LINE#         557
  C:3C47H         LINE#         558
  C:3C47H         LINE#         562
  C:3C4FH         LINE#         563
  C:3C90H         LINE#         564
  C:3C9FH         LINE#         565
  C:3CA4H         LINE#         566
  C:3CC0H         LINE#         567
  C:3CC0H         LINE#         568
  C:3CDEH         LINE#         569
  C:3CDEH         LINE#         570
  C:3CDEH         LINE#         571
  C:3CEEH         LINE#         572
  C:3CF0H         LINE#         573
  C:3CF0H         LINE#         574
  C:3D05H         LINE#         575
  C:3D07H         LINE#         576
  C:3D07H         LINE#         577
  C:3D2EH         LINE#         578
  C:3D2EH         LINE#         579
  C:3D2EH         LINE#         581
  C:3D2EH         LINE#         582
  C:3D3DH         LINE#         583
  C:3D55H         LINE#         584
  C:3D62H         LINE#         585
  C:3D62H         LINE#         586
  C:3D66H         LINE#         587
  C:3D66H         LINE#         588
  C:3D7CH         LINE#         589
  C:3D7CH         LINE#         590
  C:3D83H         LINE#         591
  C:3D83H         LINE#         592
  C:3D9FH         LINE#         593
  C:3DADH         LINE#         594
  C:3DCEH         LINE#         595
  C:3DCEH         LINE#         596
  C:3DD5H         LINE#         597
  C:3DE3H         LINE#         598
  C:3E04H         LINE#         599
  C:3E04H         LINE#         600
  C:3E0CH         LINE#         601
  C:3E1AH         LINE#         602
  C:3E1CH         LINE#         603
  C:3E1CH         LINE#         604
  C:3E2DH         LINE#         605
  C:3E2DH         LINE#         606
BL51 BANKED LINKER/LOCATER V6.22                                                      03/12/2021  09:06:45  PAGE 40


  C:3E2DH         LINE#         607
  C:3E3BH         LINE#         608
  C:3E5DH         LINE#         609
  C:3E5DH         LINE#         610
  C:3E65H         LINE#         611
  C:3E73H         LINE#         612
  C:3E73H         LINE#         613
  C:3E73H         LINE#         614
  C:3E7CH         LINE#         615
  -------         ENDPROC       _GUI_SHOW_PTCHAR
  -------         PROC          _GUI_SHOW_NUM
  X:028BH         SYMBOL        x
  X:028DH         SYMBOL        y
  X:028FH         SYMBOL        len
  X:0290H         SYMBOL        color
  X:0292H         SYMBOL        size
  X:0293H         SYMBOL        num
  X:0297H         SYMBOL        mode
  -------         DO            
  X:0298H         SYMBOL        t
  X:0299H         SYMBOL        temp
  X:029AH         SYMBOL        enshow
  -------         ENDDO         
  C:4E5AH         LINE#         626
  C:4E6BH         LINE#         627
  C:4E6BH         LINE#         629
  C:4E70H         LINE#         630
  C:4E85H         LINE#         631
  C:4E85H         LINE#         632
  C:4EB6H         LINE#         633
  C:4ECFH         LINE#         634
  C:4ECFH         LINE#         635
  C:4ED6H         LINE#         636
  C:4ED6H         LINE#         637
  C:4F38H         LINE#         638
  C:4F94H         LINE#         639
  C:4F96H         LINE#         640
  C:4F9CH         LINE#         642
  C:4F9CH         LINE#         643
  C:5013H         LINE#         644
  C:501CH         LINE#         645
  -------         ENDPROC       _GUI_SHOW_NUM
  -------         PROC          _GUI_NUM2STR
  X:0341H         SYMBOL        str
  X:0344H         SYMBOL        num
  -------         DO            
  X:0348H         SYMBOL        t
  D:0007H         SYMBOL        temp
  X:0349H         SYMBOL        enrec
  -------         ENDDO         
  C:6AE6H         LINE#         650
  C:6AF5H         LINE#         651
  C:6AF5H         LINE#         653
  C:6AFAH         LINE#         654
  C:6B08H         LINE#         655
  C:6B08H         LINE#         656
  C:6B36H         LINE#         657
BL51 BANKED LINKER/LOCATER V6.22                                                      03/12/2021  09:06:45  PAGE 41


  C:6B45H         LINE#         658
  C:6B45H         LINE#         659
  C:6B4AH         LINE#         660
  C:6B50H         LINE#         661
  C:6B50H         LINE#         662
  C:6B63H         LINE#         663
  C:6B6DH         LINE#         664
  C:6B75H         LINE#         665
  C:6B84H         LINE#         666
  C:6B8FH         LINE#         667
  -------         ENDPROC       _GUI_NUM2STR
  -------         PROC          _GUI_SHOW_PTSTR
  X:0211H         SYMBOL        x
  X:0213H         SYMBOL        y
  X:0215H         SYMBOL        xend
  X:0217H         SYMBOL        yend
  X:0219H         SYMBOL        offset
  X:021BH         SYMBOL        color
  X:021DH         SYMBOL        size
  X:021EH         SYMBOL        str
  X:0221H         SYMBOL        mode
  -------         DO            
  X:0222H         SYMBOL        bHz
  X:0223H         SYMBOL        EnDisp
  -------         ENDDO         
  C:3E7DH         LINE#         677
  C:3E91H         LINE#         678
  C:3E91H         LINE#         679
  C:3E96H         LINE#         680
  C:3E98H         LINE#         681
  C:3EACH         LINE#         682
  C:3EACH         LINE#         683
  C:3EB5H         LINE#         684
  C:3EB5H         LINE#         685
  C:3EC0H         LINE#         687
  C:3EC0H         LINE#         688
  C:3EC6H         LINE#         689
  C:3EC6H         LINE#         690
  C:3EDDH         LINE#         691
  C:3EDDH         LINE#         692
  C:3EEAH         LINE#         693
  C:3EECH         LINE#         694
  C:3EECH         LINE#         695
  C:3F03H         LINE#         696
  C:3F09H         LINE#         697
  C:3F09H         LINE#         698
  C:3F09H         LINE#         699
  C:3F14H         LINE#         700
  C:3F14H         LINE#         701
  C:3F81H         LINE#         702
  C:3FB4H         LINE#         703
  C:3FBCH         LINE#         704
  C:3FC7H         LINE#         705
  C:3FC7H         LINE#         706
  C:3FD4H         LINE#         707
  C:3FDBH         LINE#         708
  C:3FDBH         LINE#         709
BL51 BANKED LINKER/LOCATER V6.22                                                      03/12/2021  09:06:45  PAGE 42


  C:3FDBH         LINE#         710
  C:3FF3H         LINE#         711
  C:3FFAH         LINE#         712
  C:3FFAH         LINE#         713
  C:3FFDH         LINE#         714
  C:3FFDH         LINE#         715
  C:4002H         LINE#         716
  C:4006H         LINE#         717
  C:4006H         LINE#         718
  C:401BH         LINE#         719
  C:401BH         LINE#         720
  C:4028H         LINE#         721
  C:402AH         LINE#         722
  C:402AH         LINE#         723
  C:4041H         LINE#         724
  C:4047H         LINE#         725
  C:4047H         LINE#         726
  C:4047H         LINE#         727
  C:404DH         LINE#         728
  C:404DH         LINE#         730
  C:407EH         LINE#         731
  C:4086H         LINE#         732
  C:4091H         LINE#         733
  C:4091H         LINE#         734
  C:409EH         LINE#         735
  C:40A5H         LINE#         736
  C:40A5H         LINE#         737
  C:40A5H         LINE#         738
  C:40BAH         LINE#         739
  C:40C4H         LINE#         740
  C:40C4H         LINE#         741
  C:40C7H         LINE#         742
  -------         ENDPROC       _GUI_SHOW_PTSTR
  -------         PROC          _GUI_SHOW_PTSTRWHITERIM
  X:0248H         SYMBOL        x
  X:024AH         SYMBOL        y
  X:024CH         SYMBOL        xend
  X:024EH         SYMBOL        yend
  X:0250H         SYMBOL        offset
  X:0252H         SYMBOL        color
  X:0254H         SYMBOL        rimcolor
  X:0256H         SYMBOL        size
  X:0257H         SYMBOL        str
  C:6711H         LINE#         752
  C:6725H         LINE#         753
  C:6725H         LINE#         754
  C:677CH         LINE#         755
  -------         ENDPROC       _GUI_SHOW_PTSTRWHITERIM
  -------         PROC          _GUI_GET_STRINGLINE
  X:02F8H         SYMBOL        str
  X:02FBH         SYMBOL        linelenth
  X:02FDH         SYMBOL        font
  -------         DO            
  X:02FEH         SYMBOL        xpos
  X:0300H         SYMBOL        lincnt
  -------         ENDDO         
  C:51A4H         LINE#         763
BL51 BANKED LINKER/LOCATER V6.22                                                      03/12/2021  09:06:45  PAGE 43


  C:51B7H         LINE#         764
  C:51B7H         LINE#         765
  C:51BEH         LINE#         766
  C:51C6H         LINE#         767
  C:51DCH         LINE#         768
  C:520CH         LINE#         769
  C:520CH         LINE#         770
  C:522CH         LINE#         771
  C:522CH         LINE#         772
  C:523BH         LINE#         773
  C:5242H         LINE#         774
  C:5261H         LINE#         775
  C:5268H         LINE#         776
  C:527EH         LINE#         777
  C:527EH         LINE#         778
  C:5291H         LINE#         779
  C:529BH         LINE#         780
  C:52B3H         LINE#         781
  C:52B3H         LINE#         782
  C:52B3H         LINE#         783
  C:52B3H         LINE#         784
  C:52B3H         LINE#         785
  C:52B5H         LINE#         786
  C:52B5H         LINE#         787
  C:52CAH         LINE#         788
  C:52D4H         LINE#         789
  C:52ECH         LINE#         790
  C:52ECH         LINE#         791
  C:52F1H         LINE#         792
  C:530EH         LINE#         793
  C:530EH         LINE#         794
  C:530EH         LINE#         795
  C:5311H         LINE#         796
  C:531FH         LINE#         797
  -------         ENDPROC       _GUI_GET_STRINGLINE
  -------         PROC          _GUI_SHOW_STRING
  X:01D3H         SYMBOL        str
  X:01D6H         SYMBOL        x
  X:01D8H         SYMBOL        y
  X:01DAH         SYMBOL        width
  X:01DCH         SYMBOL        height
  X:01DEH         SYMBOL        font
  X:01DFH         SYMBOL        fcolor
  -------         DO            
  X:01E1H         SYMBOL        xpos
  X:01E3H         SYMBOL        ypos
  X:01E5H         SYMBOL        endx
  X:01E7H         SYMBOL        endy
  -------         ENDDO         
  C:40C8H         LINE#         804
  C:40D9H         LINE#         805
  C:40D9H         LINE#         806
  C:40E9H         LINE#         807
  C:40F9H         LINE#         808
  C:4113H         LINE#         809
  C:412DH         LINE#         810
  C:4145H         LINE#         811
BL51 BANKED LINKER/LOCATER V6.22                                                      03/12/2021  09:06:45  PAGE 44


  C:4158H         LINE#         812
  C:4158H         LINE#         813
  C:416CH         LINE#         814
  C:416CH         LINE#         815
  C:417BH         LINE#         816
  C:4182H         LINE#         817
  C:4191H         LINE#         818
  C:41A3H         LINE#         819
  C:41B7H         LINE#         820
  C:41B7H         LINE#         821
  C:41DFH         LINE#         822
  C:41DFH         LINE#         823
  C:41EEH         LINE#         824
  C:41FAH         LINE#         825
  C:41FAH         LINE#         827
  C:420CH         LINE#         828
  C:4213H         LINE#         830
  C:4216H         LINE#         831
  C:4216H         LINE#         832
  C:4240H         LINE#         833
  C:4240H         LINE#         834
  C:424FH         LINE#         835
  C:425CH         LINE#         836
  C:425CH         LINE#         837
  C:42BBH         LINE#         838
  C:42CFH         LINE#         839
  C:42D9H         LINE#         840
  C:42D9H         LINE#         841
  C:42F2H         LINE#         843
  -------         ENDPROC       _GUI_SHOW_STRING
  -------         ENDMOD        GUI

  -------         MODULE        ?C?CLDPTR
  C:319FH         PUBLIC        ?C?CLDPTR
  -------         ENDMOD        ?C?CLDPTR

  -------         MODULE        ?C?CLDOPTR
  C:31B8H         PUBLIC        ?C?CLDOPTR
  -------         ENDMOD        ?C?CLDOPTR

  -------         MODULE        ?C?CSTPTR
  C:31E5H         PUBLIC        ?C?CSTPTR
  -------         ENDMOD        ?C?CSTPTR

  -------         MODULE        ?C?IMUL
  C:31F7H         PUBLIC        ?C?IMUL
  -------         ENDMOD        ?C?IMUL

  -------         MODULE        ?C?UIDIV
  C:3209H         PUBLIC        ?C?UIDIV
  -------         ENDMOD        ?C?UIDIV

  -------         MODULE        ?C?IILDX
  C:325EH         PUBLIC        ?C?IILDX
  -------         ENDMOD        ?C?IILDX

  -------         MODULE        ?C?ILDIX
BL51 BANKED LINKER/LOCATER V6.22                                                      03/12/2021  09:06:45  PAGE 45


  C:3274H         PUBLIC        ?C?ILDIX
  -------         ENDMOD        ?C?ILDIX

  -------         MODULE        ?C?ILDOPTR
  C:328AH         PUBLIC        ?C?ILDOPTR
  -------         ENDMOD        ?C?ILDOPTR

  -------         MODULE        ?C?ISTOPTR
  C:32C2H         PUBLIC        ?C?ISTOPTR
  -------         ENDMOD        ?C?ISTOPTR

  -------         MODULE        ?C?LMUL
  C:32EFH         PUBLIC        ?C?LMUL
  -------         ENDMOD        ?C?LMUL

  -------         MODULE        ?C?ULDIV
  C:337AH         PUBLIC        ?C?ULDIV
  -------         ENDMOD        ?C?ULDIV

  -------         MODULE        ?C?SLDIV
  C:71C7H         PUBLIC        ?C?SLDIV
  -------         ENDMOD        ?C?SLDIV

  -------         MODULE        ?C?SLCMP
  C:340CH         PUBLIC        ?C?SLCMP
  -------         ENDMOD        ?C?SLCMP

  -------         MODULE        ?C?ULCMP
  C:3422H         PUBLIC        ?C?ULCMP
  -------         ENDMOD        ?C?ULCMP

  -------         MODULE        ?C?ULSHR
  C:3433H         PUBLIC        ?C?ULSHR
  -------         ENDMOD        ?C?ULSHR

  -------         MODULE        ?C?LSTXDATA
  C:3446H         PUBLIC        ?C?LSTXDATA
  -------         ENDMOD        ?C?LSTXDATA

  -------         MODULE        ?C?LSTKXDATA
  C:3452H         PUBLIC        ?C?LSTKXDATA
  -------         ENDMOD        ?C?LSTKXDATA

  -------         MODULE        ?C?LIMUL
  C:3483H         PUBLIC        ?C?LIMUL
  -------         ENDMOD        ?C?LIMUL

  -------         MODULE        PRINTF
  X:0036H         PUBLIC        ?_PRINTF517?BYTE
  X:0036H         PUBLIC        ?_PRINTF?BYTE
  X:0036H         PUBLIC        ?_SPRINTF517?BYTE
  X:0036H         PUBLIC        ?_SPRINTF?BYTE
  C:2EA5H         PUBLIC        _PRINTF
  C:2EA5H         PUBLIC        _PRINTF517
  C:2E9FH         PUBLIC        _SPRINTF
  C:2E9FH         PUBLIC        _SPRINTF517
  -------         ENDMOD        PRINTF
BL51 BANKED LINKER/LOCATER V6.22                                                      03/12/2021  09:06:45  PAGE 46



  -------         MODULE        STRLEN
  C:7462H         PUBLIC        _STRLEN
  -------         ENDMOD        STRLEN

  -------         MODULE        ?C?PLDIXDATA
  C:34B0H         PUBLIC        ?C?PLDIXDATA
  -------         ENDMOD        ?C?PLDIXDATA

  -------         MODULE        ?C?PSTXDATA
  C:34C7H         PUBLIC        ?C?PSTXDATA
  -------         ENDMOD        ?C?PSTXDATA

  -------         MODULE        ?C?CCASE
  C:34D0H         PUBLIC        ?C?CCASE
  -------         ENDMOD        ?C?CCASE

  -------         MODULE        PUTCHAR
  C:7373H         PUBLIC        _PUTCHAR
  -------         ENDMOD        PUTCHAR

*** WARNING L16: UNCALLED SEGMENT, IGNORED FOR OVERLAY PROCESS
    SEGMENT: ?PR?_UART_CMD?UART

*** WARNING L16: UNCALLED SEGMENT, IGNORED FOR OVERLAY PROCESS
    SEGMENT: ?PR?_UART_SENDSTRING?UART

*** WARNING L16: UNCALLED SEGMENT, IGNORED FOR OVERLAY PROCESS
    SEGMENT: ?PR?_DELAY?TFTLCD

*** WARNING L16: UNCALLED SEGMENT, IGNORED FOR OVERLAY PROCESS
    SEGMENT: ?PR?_LCD_COLOR_FILL?TFTLCD

*** WARNING L16: UNCALLED SEGMENT, IGNORED FOR OVERLAY PROCESS
    SEGMENT: ?PR?_LCD_DRAWBIGPOINT?TFTLCD

*** WARNING L16: UNCALLED SEGMENT, IGNORED FOR OVERLAY PROCESS
    SEGMENT: ?PR?_LCD_DRAWLINE_COLOR?TFTLCD

*** WARNING L16: UNCALLED SEGMENT, IGNORED FOR OVERLAY PROCESS
    SEGMENT: ?PR?_LCD_DROWSIGN?TFTLCD

*** WARNING L16: UNCALLED SEGMENT, IGNORED FOR OVERLAY PROCESS
    SEGMENT: ?PR?_LCD_DRAWRECTANGLE?TFTLCD

*** WARNING L16: UNCALLED SEGMENT, IGNORED FOR OVERLAY PROCESS
    SEGMENT: ?PR?_LCD_DRAW_CIRCLE?TFTLCD

*** WARNING L16: UNCALLED SEGMENT, IGNORED FOR OVERLAY PROCESS
    SEGMENT: ?PR?_LCD_SHOWNUM?TFTLCD

*** WARNING L16: UNCALLED SEGMENT, IGNORED FOR OVERLAY PROCESS
    SEGMENT: ?PR?_LCD_SHOWXNUM?TFTLCD

*** WARNING L16: UNCALLED SEGMENT, IGNORED FOR OVERLAY PROCESS
    SEGMENT: ?PR?_LCD_SHOWFONTHZ?TFTLCD

BL51 BANKED LINKER/LOCATER V6.22                                                      03/12/2021  09:06:45  PAGE 47


*** WARNING L16: UNCALLED SEGMENT, IGNORED FOR OVERLAY PROCESS
    SEGMENT: ?PR?_LCD_SHOWPICTURE?TFTLCD

*** WARNING L16: UNCALLED SEGMENT, IGNORED FOR OVERLAY PROCESS
    SEGMENT: ?PR?TOUCH_SCAN?TOUCH

*** WARNING L16: UNCALLED SEGMENT, IGNORED FOR OVERLAY PROCESS
    SEGMENT: ?PR?_GUI_COLOR_CHG?GUI

*** WARNING L16: UNCALLED SEGMENT, IGNORED FOR OVERLAY PROCESS
    SEGMENT: ?PR?_GUI_RGB332TORGB565?GUI

*** WARNING L16: UNCALLED SEGMENT, IGNORED FOR OVERLAY PROCESS
    SEGMENT: ?PR?_GUI_DISABS?GUI

*** WARNING L16: UNCALLED SEGMENT, IGNORED FOR OVERLAY PROCESS
    SEGMENT: ?PR?_GUI_DRAW_POINT?GUI

*** WARNING L16: UNCALLED SEGMENT, IGNORED FOR OVERLAY PROCESS
    SEGMENT: ?PR?_GUI_ALPHABLEND_AREA?GUI

*** WARNING L16: UNCALLED SEGMENT, IGNORED FOR OVERLAY PROCESS
    SEGMENT: ?PR?_GUI_DRAW_BLINE?GUI

*** WARNING L16: UNCALLED SEGMENT, IGNORED FOR OVERLAY PROCESS
    SEGMENT: ?PR?_GUI_DRAW_BLINE1?GUI

*** WARNING L16: UNCALLED SEGMENT, IGNORED FOR OVERLAY PROCESS
    SEGMENT: ?PR?_GUI_FILL_COLORBLOCK?GUI

*** WARNING L16: UNCALLED SEGMENT, IGNORED FOR OVERLAY PROCESS
    SEGMENT: ?PR?_GUI_DRAW_SMOOTH_RECTANGLE?GUI

*** WARNING L16: UNCALLED SEGMENT, IGNORED FOR OVERLAY PROCESS
    SEGMENT: ?PR?_GUI_DRAW_RECTANGLE?GUI

*** WARNING L16: UNCALLED SEGMENT, IGNORED FOR OVERLAY PROCESS
    SEGMENT: ?PR?_GUI_DRAW_ARCRECTANGLE?GUI

*** WARNING L16: UNCALLED SEGMENT, IGNORED FOR OVERLAY PROCESS
    SEGMENT: ?PR?_GUI_DRAW_ELLIPSE?GUI

*** WARNING L16: UNCALLED SEGMENT, IGNORED FOR OVERLAY PROCESS
    SEGMENT: ?PR?_GUI_FILL_ELLIPSE?GUI

*** WARNING L16: UNCALLED SEGMENT, IGNORED FOR OVERLAY PROCESS
    SEGMENT: ?PR?_GUI_SHOW_STRMID?GUI

*** WARNING L16: UNCALLED SEGMENT, IGNORED FOR OVERLAY PROCESS
    SEGMENT: ?PR?_GUI_SHOW_NUM?GUI

*** WARNING L16: UNCALLED SEGMENT, IGNORED FOR OVERLAY PROCESS
    SEGMENT: ?PR?_GUI_NUM2STR?GUI

*** WARNING L16: UNCALLED SEGMENT, IGNORED FOR OVERLAY PROCESS
    SEGMENT: ?PR?_GUI_SHOW_PTSTRWHITERIM?GUI

BL51 BANKED LINKER/LOCATER V6.22                                                      03/12/2021  09:06:45  PAGE 48


*** WARNING L16: UNCALLED SEGMENT, IGNORED FOR OVERLAY PROCESS
    SEGMENT: ?PR?_GUI_GET_STRINGLINE?GUI

*** WARNING L16: UNCALLED SEGMENT, IGNORED FOR OVERLAY PROCESS
    SEGMENT: ?PR?_GUI_SHOW_STRING?GUI

Program Size: data=15.1 xdata=928 code=29910
LINK/LOCATE RUN COMPLETE.  33 WARNING(S),  0 ERROR(S)
