BL51 BANKED LINKER/LOCATER V6.22                                                        03/12/2021  09:16:36  PAGE 1


BL51 BANKED LINKER/LOCATER V6.22, INVOKED BY:
D:\PROGRAM\KEIL\C51\BIN\BL51.EXE .\output\main.obj, .\output\public.obj, .\output\uart.obj, .\output\tftlcd.obj, .\outpu
>> t\touch.obj, .\output\gui.obj TO .\output\template PRINT (.\output\template.m51) RAMSIZE (256)


MEMORY MODEL: LARGE


INPUT MODULES INCLUDED:
  .\output\main.obj (MAIN)
  .\output\public.obj (PUBLIC)
  .\output\uart.obj (UART)
  .\output\tftlcd.obj (TFTLCD)
  .\output\touch.obj (TOUCH)
  .\output\gui.obj (GUI)
  D:\PROGRAM\KEIL\C51\LIB\C51L.LIB (?C_STARTUP)
  D:\PROGRAM\KEIL\C51\LIB\C51L.LIB (?C?CLDPTR)
  D:\PROGRAM\KEIL\C51\LIB\C51L.LIB (?C?CLDOPTR)
  D:\PROGRAM\KEIL\C51\LIB\C51L.LIB (?C?CSTPTR)
  D:\PROGRAM\KEIL\C51\LIB\C51L.LIB (?C?CSTOPTR)
  D:\PROGRAM\KEIL\C51\LIB\C51L.LIB (?C?IMUL)
  D:\PROGRAM\KEIL\C51\LIB\C51L.LIB (?C?UIDIV)
  D:\PROGRAM\KEIL\C51\LIB\C51L.LIB (?C?SIDIV)
  D:\PROGRAM\KEIL\C51\LIB\C51L.LIB (?C?IILDX)
  D:\PROGRAM\KEIL\C51\LIB\C51L.LIB (?C?ILDIX)
  D:\PROGRAM\KEIL\C51\LIB\C51L.LIB (?C?ILDOPTR)
  D:\PROGRAM\KEIL\C51\LIB\C51L.LIB (?C?ISTOPTR)
  D:\PROGRAM\KEIL\C51\LIB\C51L.LIB (?C?LMUL)
  D:\PROGRAM\KEIL\C51\LIB\C51L.LIB (?C?ULDIV)
  D:\PROGRAM\KEIL\C51\LIB\C51L.LIB (?C?SLDIV)
  D:\PROGRAM\KEIL\C51\LIB\C51L.LIB (?C?SLCMP)
  D:\PROGRAM\KEIL\C51\LIB\C51L.LIB (?C?ULCMP)
  D:\PROGRAM\KEIL\C51\LIB\C51L.LIB (?C?ULSHR)
  D:\PROGRAM\KEIL\C51\LIB\C51L.LIB (?C?LSTXDATA)
  D:\PROGRAM\KEIL\C51\LIB\C51L.LIB (?C?LSTKXDATA)
  D:\PROGRAM\KEIL\C51\LIB\C51L.LIB (?C?LIMUL)
  D:\PROGRAM\KEIL\C51\LIB\C51L.LIB (PRINTF)
  D:\PROGRAM\KEIL\C51\LIB\C51L.LIB (STRLEN)
  D:\PROGRAM\KEIL\C51\LIB\C51L.LIB (?C_INIT)
  D:\PROGRAM\KEIL\C51\LIB\C51L.LIB (?C?PLDIXDATA)
  D:\PROGRAM\KEIL\C51\LIB\C51L.LIB (?C?PSTXDATA)
  D:\PROGRAM\KEIL\C51\LIB\C51L.LIB (?C?CCASE)
  D:\PROGRAM\KEIL\C51\LIB\C51L.LIB (PUTCHAR)


LINK MAP OF MODULE:  .\output\template (MAIN)


            TYPE    BASE      LENGTH    RELOCATION   SEGMENT NAME
            -----------------------------------------------------

            * * * * * * *   D A T A   M E M O R Y   * * * * * * *
            REG     0000H     0008H     ABSOLUTE     "REG BANK 0"
            DATA    0008H     0005H     UNIT         _DATA_GROUP_
                    000DH     0013H                  *** GAP ***
            BIT     0020H.0   0001H.1   UNIT         _BIT_GROUP_
                    0021H.1   0000H.7                *** GAP ***
            IDATA   0022H     0001H     UNIT         ?STACK
BL51 BANKED LINKER/LOCATER V6.22                                                      03/12/2021  09:16:36  PAGE 2



            * * * * * * *  X D A T A   M E M O R Y  * * * * * * *
            XDATA   0000H     0067H     UNIT         _XDATA_GROUP_
            XDATA   0067H     0034H     UNIT         ?XD?UART
            XDATA   009BH     0024H     UNIT         ?XD?_GUI_DRAW_ELLIPSE?GUI
            XDATA   00BFH     0022H     UNIT         ?XD?_GUI_FILL_ELLIPSE?GUI
            XDATA   00E1H     001FH     UNIT         ?XD?_GUI_DRAW_BLINE?GUI
            XDATA   0100H     001EH     UNIT         ?XD?_LCD_DRAWLINE_COLOR?TFTLCD
            XDATA   011EH     001EH     UNIT         ?XD?_GUI_DRAW_LINE?GUI
            XDATA   013CH     001EH     UNIT         ?XD?_GUI_SMOOTH_COLOR?GUI
            XDATA   015AH     001CH     UNIT         ?XD?_LCD_DRAWLINE?TFTLCD
            XDATA   0176H     001AH     UNIT         ?XD?_TOUCH_XPT_READDATA?TOUCH
            XDATA   0190H     0019H     UNIT         ?XD?_GUI_DRAW_ARC?GUI
            XDATA   01A9H     0018H     UNIT         ?XD?_GUI_FILL_CIRCLE?GUI
            XDATA   01C1H     0017H     UNIT         ?XD?_GUI_DRAW_SMOOTH_RECTANGLE?GUI
            XDATA   01D8H     0017H     UNIT         ?XD?_GUI_SHOW_STRINGEX?GUI
            XDATA   01EFH     0016H     UNIT         ?XD?_GUI_SHOW_STRING?GUI
            XDATA   0205H     0015H     UNIT         ?XD?_LCD_SHOWPICTURE?TFTLCD
            XDATA   021AH     0013H     UNIT         ?XD?_LCD_COLOR_FILL?TFTLCD
            XDATA   022DH     0013H     UNIT         ?XD?_GUI_SHOW_STRMIDEX?GUI
            XDATA   0240H     0012H     UNIT         ?XD?_GUI_DRAW_CIRCLE8?GUI
            XDATA   0252H     0012H     UNIT         ?XD?_GUI_SHOW_PTSTRWHITERIM?GUI
            XDATA   0264H     0011H     UNIT         ?XD?_GUI_ALPHABLEND_AREA?GUI
            XDATA   0275H     0010H     UNIT         ?XD?MAIN
            XDATA   0285H     0010H     UNIT         ?XD?_GUI_DRAW_ARCRECTANGLE?GUI
            XDATA   0295H     0010H     UNIT         ?XD?_GUI_DRAW_EXPOINT?GUI
            XDATA   02A5H     0010H     UNIT         ?XD?_GUI_SHOW_NUM?GUI
            XDATA   02B5H     000EH     UNIT         ?XD?_LCD_SHOWXNUM?TFTLCD
            XDATA   02C3H     000EH     UNIT         ?XD?_GUI_FILL_COLORBLOCK?GUI
            XDATA   02D1H     000DH     UNIT         ?XD?_LCD_SHOWNUM?TFTLCD
            XDATA   02DEH     000DH     UNIT         ?XD?TOUCH
            XDATA   02EBH     000DH     UNIT         ?XD?_GUI_ALPHA_BLEND565?GUI
            XDATA   02F8H     000CH     UNIT         ?XD?_GUI_GET_STRINGLINE?GUI
            XDATA   0304H     000BH     UNIT         ?XD?TFTLCD
            XDATA   030FH     000AH     UNIT         ?XD?_LCD_DRAW_CIRCLE?TFTLCD
            XDATA   0319H     000AH     UNIT         ?XD?_LCD_SHOWFONTHZ?TFTLCD
            XDATA   0323H     000AH     UNIT         ?XD?TOUCH_XPT_READXY?TOUCH
            XDATA   032DH     000AH     UNIT         ?XD?_GUI_DRAW_RECTANGLE?GUI
            XDATA   0337H     0009H     UNIT         ?XD?_GUI_NUM2STR?GUI
            XDATA   0340H     0008H     UNIT         ?XD?_LCD_READPOINT?TFTLCD
            XDATA   0348H     0008H     UNIT         ?XD?_LCD_DRAWRECTANGLE?TFTLCD
            XDATA   0350H     0008H     UNIT         ?XD?_GUI_COLOR_CHG?GUI
            XDATA   0358H     0008H     UNIT         ?XD?_GUI_DISABS?GUI
            XDATA   0360H     0006H     UNIT         ?XD?_LCD_DRAWBIGPOINT?TFTLCD
            XDATA   0366H     0006H     UNIT         ?XD?_LCD_DROWSIGN?TFTLCD
            XDATA   036CH     0006H     UNIT         ?XD?_LCD_POW?TFTLCD
            XDATA   0372H     0006H     UNIT         ?XD?_GUI_POW?GUI
            XDATA   0378H     0005H     UNIT         ?XD?TOUCH_SCAN?TOUCH
            XDATA   037DH     0004H     UNIT         ?XD?_GUI_DRAW_POINT?GUI
            XDATA   0381H     0003H     UNIT         ?XD?_UART_SENDSTRING?UART
            XDATA   0384H     0002H     UNIT         ?XD?TOUCH_SPI_READ?TOUCH

            * * * * * * *   C O D E   M E M O R Y   * * * * * * *
            CODE    0000H     0003H     ABSOLUTE     
            CODE    0003H     001FH     UNIT         ?PR?_DELAY?TFTLCD
                    0022H     0001H                  *** GAP ***
            CODE    0023H     0003H     ABSOLUTE     
BL51 BANKED LINKER/LOCATER V6.22                                                      03/12/2021  09:16:36  PAGE 3


            CODE    0026H     1BF3H     UNIT         ?CO?TFTLCD
            CODE    1C19H     06B3H     UNIT         ?PR?_GUI_DRAW_ARCRECTANGLE?GUI
            CODE    22CCH     0404H     UNIT         ?PR?_GUI_DRAW_ELLIPSE?GUI
            CODE    26D0H     03CAH     UNIT         ?PR?_GUI_DRAW_BLINE1?GUI
            CODE    2A9AH     03AFH     UNIT         ?C?LIB_CODE
            CODE    2E49H     03A0H     UNIT         ?PR?_GUI_FILL_CIRCLE?GUI
            CODE    31E9H     0365H     UNIT         ?PR?PRINTF?PRINTF
            CODE    354EH     0313H     UNIT         ?PR?_GRAPH_CREATE?MAIN
            CODE    3861H     0271H     UNIT         ?PR?_GUI_DRAW_CIRCLE8?GUI
            CODE    3AD2H     026CH     UNIT         ?PR?_GUI_DRAW_BLINE?GUI
            CODE    3D3EH     025CH     UNIT         ?PR?_GUI_FILL_ELLIPSE?GUI
            CODE    3F9AH     0253H     UNIT         ?PR?_GUI_SHOW_PTCHAR?GUI
            CODE    41EDH     0246H     UNIT         ?PR?_GUI_SHOW_PTSTR?GUI
            CODE    4433H     0226H     UNIT         ?PR?_GUI_SHOW_STRING?GUI
            CODE    4659H     021CH     UNIT         ?PR?_GUI_SHOW_STRINGEX?GUI
            CODE    4875H     01F3H     UNIT         ?PR?_GUI_DRAW_LINE?GUI
            CODE    4A68H     01EFH     UNIT         ?PR?_LCD_DRAWLINE?TFTLCD
            CODE    4C57H     01EDH     UNIT         ?PR?_LCD_DRAWLINE_COLOR?TFTLCD
            CODE    4E44H     01E9H     UNIT         ?PR?_GUI_SMOOTH_COLOR?GUI
            CODE    502DH     01D8H     UNIT         ?PR?_LCD_DRAW_CIRCLE?TFTLCD
            CODE    5205H     01D7H     UNIT         ?PR?_GUI_DRAW_ARC?GUI
            CODE    53DCH     01C3H     UNIT         ?PR?_GUI_SHOW_NUM?GUI
            CODE    559FH     0187H     UNIT         ?PR?_TOUCH_XPT_READDATA?TOUCH
            CODE    5726H     017CH     UNIT         ?PR?_GUI_GET_STRINGLINE?GUI
            CODE    58A2H     0178H     UNIT         ?PR?_LCD_SHOWCHAR?TFTLCD
            CODE    5A1AH     0165H     UNIT         ?PR?TFTLCD_INIT?TFTLCD
            CODE    5B7FH     014CH     UNIT         ?PR?_GUI_SHOW_STRMIDEX?GUI
            CODE    5CCBH     0148H     UNIT         ?PR?_GUI_SHOW_STRMID?GUI
            CODE    5E13H     0147H     UNIT         ?PR?_GUI_FILL_COLORBLOCK?GUI
            CODE    5F5AH     013EH     UNIT         ?PR?TOUCH_SCAN?TOUCH
            CODE    6098H     012DH     UNIT         ?PR?_LCD_SHOWPICTURE?TFTLCD
            CODE    61C5H     012BH     UNIT         ?PR?_LCD_SHOWFONTHZ?TFTLCD
            CODE    62F0H     0129H     UNIT         ?PR?_LCD_SHOWXNUM?TFTLCD
            CODE    6419H     0114H     UNIT         ?PR?TOUCH_XPT_READXY?TOUCH
            CODE    652DH     0111H     UNIT         ?PR?_REDRAW_VALIDAREAGIRD?MAIN
            CODE    663EH     010CH     UNIT         ?PR?_GUI_DRAW_SMOOTH_RECTANGLE?GUI
            CODE    674AH     00F8H     UNIT         ?PR?_LCD_COLOR_FILL?TFTLCD
            CODE    6842H     00F7H     UNIT         ?PR?_GUI_ALPHABLEND_AREA?GUI
            CODE    6939H     00F4H     UNIT         ?PR?_GUI_DRAW_BIGPOINT?GUI
            CODE    6A2DH     00EDH     UNIT         ?PR?_GUI_ALPHA_BLEND565?GUI
            CODE    6B1AH     00EBH     UNIT         ?PR?_GRAPH_ADDVALUE?MAIN
            CODE    6C05H     00E5H     UNIT         ?PR?_LCD_SHOWSTRING?TFTLCD
            CODE    6CEAH     00DCH     UNIT         ?PR?_LCD_SHOWNUM?TFTLCD
            CODE    6DC6H     00D8H     UNIT         ?PR?_LCD_DROWSIGN?TFTLCD
            CODE    6E9EH     00D2H     UNIT         ?PR?_GUI_SHOW_PTSTRWHITERIM?GUI
            CODE    6F70H     00D0H     UNIT         ?PR?_LCD_FILL?TFTLCD
            CODE    7040H     00C8H     UNIT         ?PR?_GUI_DRAW_RECTANGLE?GUI
            CODE    7108H     00C7H     UNIT         ?PR?_GUI_NUM2STREX?GUI
            CODE    71CFH     00C1H     UNIT         ?PR?_GUI_DRAW_EXPOINT?GUI
            CODE    7290H     00AAH     UNIT         ?PR?_LCD_DRAWRECTANGLE?TFTLCD
            CODE    733AH     00AAH     UNIT         ?PR?_GUI_NUM2STR?GUI
            CODE    73E4H     0096H     UNIT         ?PR?_GUI_DRAW_VLINE?GUI
            CODE    747AH     008CH     UNIT         ?C_C51STARTUP
            CODE    7506H     008AH     UNIT         ?PR?_GUI_FILL_RECTANGLE?GUI
            CODE    7590H     0088H     UNIT         ?PR?GRAPH_TEST?MAIN
            CODE    7618H     0087H     UNIT         ?PR?_GRAPH_ADDTEXT?MAIN
            CODE    769FH     0087H     UNIT         ?PR?UART_IRQN?UART
BL51 BANKED LINKER/LOCATER V6.22                                                      03/12/2021  09:16:36  PAGE 4


            CODE    7726H     0081H     UNIT         ?PR?_LCD_CLEAR?TFTLCD
            CODE    77A7H     0080H     UNIT         ?PR?_GUI_COLOR_CHG?GUI
            CODE    7827H     007CH     UNIT         ?PR?_LCD_READPOINT?TFTLCD
            CODE    78A3H     007BH     UNIT         ?PR?_GUI_DRAW_HLINE?GUI
            CODE    791EH     0073H     UNIT         ?PR?_LCD_DRAWBIGPOINT?TFTLCD
            CODE    7991H     006BH     UNIT         ?PR?_GUI_DISABS?GUI
            CODE    79FCH     0050H     UNIT         ?PR?_LCD_POW?TFTLCD
            CODE    7A4CH     004DH     UNIT         ?PR?_LCD_SET_WINDOW?TFTLCD
            CODE    7A99H     0049H     UNIT         ?PR?_GUI_POW?GUI
            CODE    7AE2H     0048H     UNIT         ?PR?_LCD_DRAWFRONT_COLOR?TFTLCD
            CODE    7B2AH     0046H     UNIT         ?PR?MAIN?MAIN
            CODE    7B70H     0044H     UNIT         ?C?LDIV
            CODE    7BB4H     0042H     UNIT         ?PR?_LCD_DISPLAY_DIR?TFTLCD
            CODE    7BF6H     0040H     UNIT         ?PR?_LCD_DRAWPOINT?TFTLCD
            CODE    7C36H     003CH     UNIT         ?PR?_GUI_RGB332TORGB565?GUI
            CODE    7C72H     003CH     UNIT         ?PR?_GUI_DRAW_POINT?GUI
            CODE    7CAEH     003BH     UNIT         ?PR?TOUCH_SPI_READ?TOUCH
            CODE    7CE9H     0033H     UNIT         ?PR?_UART_SENDSTRING?UART
            CODE    7D1CH     0029H     UNIT         ?C_INITSEG
            CODE    7D45H     0027H     UNIT         ?PR?PUTCHAR?PUTCHAR
            CODE    7D6CH     0025H     UNIT         ?PR?_LCD_WRITEDATA_COLOR?TFTLCD
            CODE    7D91H     0024H     UNIT         ?PR?_LCD_WRITEDATA?TFTLCD
            CODE    7DB5H     001EH     UNIT         ?PR?_DELAY_MS?PUBLIC
            CODE    7DD3H     001DH     UNIT         ?PR?_TOUCH_SPI_WRITE?TOUCH
            CODE    7DF0H     0016H     UNIT         ?PR?UART_INIT?UART
            CODE    7E06H     0016H     UNIT         ?PR?LCD_READDATA?TFTLCD
            CODE    7E1CH     0015H     UNIT         ?PR?_STRLEN?STRLEN
            CODE    7E31H     0011H     UNIT         ?PR?_LCD_WRITECMD?TFTLCD
            CODE    7E42H     000EH     UNIT         ?PR?_UART_SENDDATA?UART
            CODE    7E50H     000BH     UNIT         ?CO?MAIN
            CODE    7E5BH     000BH     UNIT         ?PR?_DELAY_10US?PUBLIC
            CODE    7E66H     000BH     UNIT         ?PR?TOUCH_SPI_START?TOUCH
            CODE    7E71H     000AH     UNIT         ?PR?_LCD_WRITECMDDATA?TFTLCD
            CODE    7E7BH     0006H     UNIT         ?PR?_UART_CMD?UART



OVERLAY MAP OF MODULE:   .\output\template (MAIN)


SEGMENT                                       BIT_GROUP          DATA_GROUP          XDATA_GROUP
  +--> CALLED SEGMENT                      START    LENGTH     START    LENGTH     START    LENGTH
--------------------------------------------------------------------------------------------------
?C_C51STARTUP                              -----    -----      -----    -----      -----    -----
  +--> ?PR?MAIN?MAIN
  +--> ?C_INITSEG

?PR?MAIN?MAIN                              -----    -----      -----    -----      -----    -----
  +--> ?PR?UART_INIT?UART
  +--> ?PR?TFTLCD_INIT?TFTLCD
  +--> ?CO?MAIN
  +--> ?PR?_LCD_SHOWSTRING?TFTLCD
  +--> ?PR?GRAPH_TEST?MAIN

?PR?TFTLCD_INIT?TFTLCD                     -----    -----      -----    -----      0000H    0002H
  +--> ?PR?_DELAY_MS?PUBLIC
  +--> ?PR?_LCD_WRITECMD?TFTLCD
BL51 BANKED LINKER/LOCATER V6.22                                                      03/12/2021  09:16:36  PAGE 5


  +--> ?PR?LCD_READDATA?TFTLCD
  +--> ?CO?TFTLCD
  +--> ?PR?PRINTF?PRINTF
  +--> ?PR?_LCD_WRITEDATA?TFTLCD
  +--> ?PR?_LCD_DISPLAY_DIR?TFTLCD
  +--> ?PR?_LCD_CLEAR?TFTLCD

?PR?PRINTF?PRINTF                          0020H.0  0001H.1    0008H    0005H      0002H    0028H
  +--> ?PR?PUTCHAR?PUTCHAR

?PR?_LCD_WRITEDATA?TFTLCD                  -----    -----      -----    -----      -----    -----
  +--> ?PR?_LCD_WRITECMD?TFTLCD

?PR?_LCD_DISPLAY_DIR?TFTLCD                -----    -----      -----    -----      -----    -----
  +--> ?PR?_LCD_WRITECMDDATA?TFTLCD

?PR?_LCD_WRITECMDDATA?TFTLCD               -----    -----      -----    -----      -----    -----
  +--> ?PR?_LCD_WRITECMD?TFTLCD
  +--> ?PR?_LCD_WRITEDATA?TFTLCD

?PR?_LCD_CLEAR?TFTLCD                      -----    -----      -----    -----      0002H    0004H
  +--> ?PR?_LCD_SET_WINDOW?TFTLCD
  +--> ?PR?_LCD_WRITEDATA_COLOR?TFTLCD

?PR?_LCD_SET_WINDOW?TFTLCD                 -----    -----      -----    -----      005FH    0008H
  +--> ?PR?_LCD_WRITECMD?TFTLCD
  +--> ?PR?_LCD_WRITEDATA?TFTLCD

?PR?_LCD_SHOWSTRING?TFTLCD                 -----    -----      -----    -----      0000H    000DH
  +--> ?PR?_LCD_SHOWCHAR?TFTLCD

?PR?_LCD_SHOWCHAR?TFTLCD                   -----    -----      -----    -----      000DH    000CH
  +--> ?CO?TFTLCD
  +--> ?PR?_LCD_DRAWFRONT_COLOR?TFTLCD

?PR?_LCD_DRAWFRONT_COLOR?TFTLCD            -----    -----      -----    -----      0059H    0006H
  +--> ?PR?_LCD_SET_WINDOW?TFTLCD
  +--> ?PR?_LCD_WRITEDATA_COLOR?TFTLCD

?PR?GRAPH_TEST?MAIN                        -----    -----      -----    -----      0000H    0002H
  +--> ?PR?_GRAPH_CREATE?MAIN
  +--> ?PR?_GRAPH_ADDTEXT?MAIN
  +--> ?PR?_GRAPH_ADDVALUE?MAIN
  +--> ?PR?_DELAY_MS?PUBLIC

?PR?_GRAPH_CREATE?MAIN                     -----    -----      -----    -----      0002H    000DH
  +--> ?PR?_GUI_DRAW_VLINE?GUI
  +--> ?PR?_GUI_DRAW_HLINE?GUI
  +--> ?PR?_GUI_FILL_RECTANGLE?GUI

?PR?_GUI_DRAW_VLINE?GUI                    -----    -----      -----    -----      0019H    0008H
  +--> ?PR?_LCD_FILL?TFTLCD

?PR?_LCD_FILL?TFTLCD                       -----    -----      -----    -----      0023H    000CH
  +--> ?PR?_LCD_SET_WINDOW?TFTLCD
  +--> ?PR?_LCD_WRITEDATA_COLOR?TFTLCD

BL51 BANKED LINKER/LOCATER V6.22                                                      03/12/2021  09:16:36  PAGE 6


?PR?_GUI_DRAW_HLINE?GUI                    -----    -----      -----    -----      0019H    0008H
  +--> ?PR?_LCD_FILL?TFTLCD

?PR?_GUI_FILL_RECTANGLE?GUI                -----    -----      -----    -----      0019H    000AH
  +--> ?PR?_LCD_FILL?TFTLCD

?PR?_GRAPH_ADDTEXT?MAIN                    -----    -----      -----    -----      0002H    000BH
  +--> ?PR?_GUI_NUM2STREX?GUI
  +--> ?PR?_GUI_SHOW_STRMID?GUI

?PR?_GUI_NUM2STREX?GUI                     -----    -----      -----    -----      000DH    000DH

?PR?_GUI_SHOW_STRMID?GUI                   -----    -----      -----    -----      000DH    0012H
  +--> ?PR?_STRLEN?STRLEN
  +--> ?PR?_GUI_SHOW_PTSTR?GUI

?PR?_GUI_SHOW_PTSTR?GUI                    -----    -----      -----    -----      001FH    0013H
  +--> ?PR?_GUI_SHOW_PTCHAR?GUI

?PR?_GUI_SHOW_PTCHAR?GUI                   -----    -----      -----    -----      0032H    0019H
  +--> ?CO?TFTLCD
  +--> ?PR?_GUI_DRAW_BIGPOINT?GUI
  +--> ?PR?_LCD_DRAWFRONT_COLOR?TFTLCD

?PR?_GUI_DRAW_BIGPOINT?GUI                 -----    -----      -----    -----      004BH    000EH
  +--> ?PR?_LCD_DRAWFRONT_COLOR?TFTLCD

?PR?_GRAPH_ADDVALUE?MAIN                   -----    -----      -----    -----      0002H    000AH
  +--> ?PR?_GUI_DRAW_BLINE1?GUI
  +--> ?PR?_REDRAW_VALIDAREAGIRD?MAIN

?PR?_GUI_DRAW_BLINE1?GUI                   -----    -----      -----    -----      000CH    001FH
  +--> ?PR?_LCD_DRAWFRONT_COLOR?TFTLCD

?PR?_REDRAW_VALIDAREAGIRD?MAIN             -----    -----      -----    -----      000CH    000DH
  +--> ?PR?_GUI_FILL_RECTANGLE?GUI
  +--> ?PR?_GUI_DRAW_VLINE?GUI
  +--> ?PR?_GUI_DRAW_HLINE?GUI



SYMBOL TABLE OF MODULE:  .\output\template (MAIN)

  VALUE           TYPE          NAME
  ----------------------------------

  -------         MODULE        MAIN
  C:0000H         SYMBOL        _ICE_DUMMY_
  D:0090H         PUBLIC        P1
  D:00A0H         PUBLIC        P2
  D:00B0H         PUBLIC        P3
  B:00B0H.6       PUBLIC        LED1
  C:7618H         PUBLIC        _Graph_AddText
  D:00A8H         PUBLIC        IE
  D:00B8H         PUBLIC        IP
  C:652DH         PUBLIC        _ReDraw_ValidAreaGird
  C:7B2AH         PUBLIC        main
BL51 BANKED LINKER/LOCATER V6.22                                                      03/12/2021  09:16:36  PAGE 7


  C:354EH         PUBLIC        _Graph_Create
  D:0098H         PUBLIC        SCON
  D:0088H         PUBLIC        TCON
  X:0279H         PUBLIC        text_value
  C:6B1AH         PUBLIC        _Graph_AddValue
  D:00C8H         PUBLIC        T2CON
  C:7590H         PUBLIC        Graph_Test
  D:00D0H         PUBLIC        PSW
  -------         PROC          _GRAPH_CREATE
  X:0002H         SYMBOL        x0
  X:0004H         SYMBOL        y0
  X:0006H         SYMBOL        width
  X:0008H         SYMBOL        height
  X:000AH         SYMBOL        backcolor
  X:000CH         SYMBOL        frontcolor
  -------         DO            
  X:000EH         SYMBOL        i
  -------         ENDDO         
  C:354EH         LINE#         58
  C:3564H         LINE#         59
  C:3564H         LINE#         60
  C:3569H         LINE#         62
  C:357EH         LINE#         63
  C:359FH         LINE#         64
  C:35D6H         LINE#         65
  C:360DH         LINE#         66
  C:3642H         LINE#         67
  C:3677H         LINE#         68
  C:36BAH         LINE#         69
  C:36FDH         LINE#         70
  C:3755H         LINE#         71
  C:37ADH         LINE#         73
  C:37BCH         LINE#         74
  C:37BCH         LINE#         75
  C:37FFH         LINE#         76
  C:3807H         LINE#         77
  C:3816H         LINE#         78
  C:3816H         LINE#         79
  C:3858H         LINE#         80
  C:3860H         LINE#         81
  -------         ENDPROC       _GRAPH_CREATE
  -------         PROC          _REDRAW_VALIDAREAGIRD
  X:000CH         SYMBOL        x0
  X:000EH         SYMBOL        y0
  X:0010H         SYMBOL        width
  X:0012H         SYMBOL        height
  X:0014H         SYMBOL        backcolor
  X:0016H         SYMBOL        frontcolor
  -------         DO            
  X:0018H         SYMBOL        i
  -------         ENDDO         
  C:652DH         LINE#         83
  C:6541H         LINE#         84
  C:6541H         LINE#         85
  C:6546H         LINE#         87
  C:658AH         LINE#         89
  C:6599H         LINE#         90
BL51 BANKED LINKER/LOCATER V6.22                                                      03/12/2021  09:16:36  PAGE 8


  C:6599H         LINE#         91
  C:65DCH         LINE#         92
  C:65E4H         LINE#         93
  C:65F3H         LINE#         94
  C:65F3H         LINE#         95
  C:6635H         LINE#         96
  C:663DH         LINE#         97
  -------         ENDPROC       _REDRAW_VALIDAREAGIRD
  -------         PROC          _GRAPH_ADDTEXT
  X:0002H         SYMBOL        value
  -------         DO            
  X:0005H         SYMBOL        i
  X:0006H         SYMBOL        text_str
  -------         ENDDO         
  C:7618H         LINE#         101
  C:7623H         LINE#         102
  C:7623H         LINE#         103
  C:7626H         LINE#         106
  C:7627H         LINE#         107
  C:7627H         LINE#         108
  C:7651H         LINE#         109
  C:7692H         LINE#         110
  C:769EH         LINE#         111
  -------         ENDPROC       _GRAPH_ADDTEXT
  -------         PROC          _GRAPH_ADDVALUE
  X:0002H         SYMBOL        x0
  X:0004H         SYMBOL        y0
  X:0006H         SYMBOL        value
  X:0008H         SYMBOL        color
  X:000AH         SYMBOL        sampletime
  -------         DO            
  X:0275H         SYMBOL        xtemp
  X:0277H         SYMBOL        ytemp
  -------         ENDDO         
  C:6B1AH         LINE#         113
  C:6B2EH         LINE#         114
  C:6B2EH         LINE#         118
  C:6B83H         LINE#         119
  C:6B9DH         LINE#         120
  C:6BB8H         LINE#         122
  C:6BCFH         LINE#         123
  C:6BCFH         LINE#         124
  C:6BD8H         LINE#         125
  C:6BDFH         LINE#         126
  C:6C04H         LINE#         127
  C:6C04H         LINE#         128
  -------         ENDPROC       _GRAPH_ADDVALUE
  -------         PROC          GRAPH_TEST
  -------         DO            
  X:0000H         SYMBOL        i
  X:0001H         SYMBOL        value
  -------         ENDDO         
  C:7590H         LINE#         133
  C:7590H         LINE#         134
  C:7590H         LINE#         135
  C:7595H         LINE#         136
  C:7597H         LINE#         138
BL51 BANKED LINKER/LOCATER V6.22                                                      03/12/2021  09:16:36  PAGE 9


  C:75BBH         LINE#         139
  C:75C4H         LINE#         140
  C:75C4H         LINE#         141
  C:75C4H         LINE#         142
  C:75CAH         LINE#         143
  C:75CEH         LINE#         144
  C:75EDH         LINE#         145
  C:7601H         LINE#         146
  C:760DH         LINE#         147
  C:760DH         LINE#         148
  C:760FH         LINE#         149
  C:760FH         LINE#         150
  C:7616H         LINE#         151
  -------         ENDPROC       GRAPH_TEST
  -------         PROC          MAIN
  C:7B2AH         LINE#         156
  C:7B2AH         LINE#         157
  C:7B2AH         LINE#         159
  C:7B2DH         LINE#         160
  C:7B30H         LINE#         162
  C:7B39H         LINE#         163
  C:7B6BH         LINE#         165
  C:7B6EH         LINE#         167
  C:7B6EH         LINE#         168
  C:7B6EH         LINE#         170
  -------         ENDPROC       MAIN
  -------         ENDMOD        MAIN

  -------         MODULE        PUBLIC
  C:0000H         SYMBOL        _ICE_DUMMY_
  D:0090H         PUBLIC        P1
  D:00B0H         PUBLIC        P3
  D:00A8H         PUBLIC        IE
  D:00B8H         PUBLIC        IP
  D:0098H         PUBLIC        SCON
  D:0088H         PUBLIC        TCON
  C:7E5BH         PUBLIC        _delay_10us
  C:7DB5H         PUBLIC        _delay_ms
  D:00C8H         PUBLIC        T2CON
  D:00D0H         PUBLIC        PSW
  -------         PROC          _DELAY_10US
  D:0006H         SYMBOL        us
  C:7E5BH         LINE#         6
  C:7E5BH         LINE#         7
  C:7E5BH         LINE#         8
  C:7E65H         LINE#         9
  -------         ENDPROC       _DELAY_10US
  -------         PROC          _DELAY_MS
  D:0006H         SYMBOL        ms
  -------         DO            
  D:0006H         SYMBOL        i
  D:0004H         SYMBOL        j
  -------         ENDDO         
  C:7DB5H         LINE#         11
  C:7DB5H         LINE#         12
  C:7DB5H         LINE#         14
  C:7DBEH         LINE#         15
BL51 BANKED LINKER/LOCATER V6.22                                                      03/12/2021  09:16:36  PAGE 10


  C:7DD2H         LINE#         16
  -------         ENDPROC       _DELAY_MS
  -------         ENDMOD        PUBLIC

  -------         MODULE        UART
  C:0000H         SYMBOL        _ICE_DUMMY_
  D:0090H         PUBLIC        P1
  D:00B0H         PUBLIC        P3
  B:00A8H.7       PUBLIC        EA
  X:0067H         PUBLIC        UART_RX_BUF
  D:00A8H         PUBLIC        IE
  X:0099H         PUBLIC        UART_RX_STA
  B:00A8H.4       PUBLIC        ES
  D:00B8H         PUBLIC        IP
  B:0098H.0       PUBLIC        RI
  B:0098H.1       PUBLIC        TI
  C:7CE9H         PUBLIC        _UART_SendString
  C:7E42H         PUBLIC        _UART_SendData
  D:0099H         PUBLIC        SBUF
  D:0087H         PUBLIC        PCON
  C:7E7BH         PUBLIC        _UART_Cmd
  C:7DF0H         PUBLIC        UART_Init
  D:0098H         PUBLIC        SCON
  D:0089H         PUBLIC        TMOD
  D:0088H         PUBLIC        TCON
  D:008DH         PUBLIC        TH1
  D:008BH         PUBLIC        TL1
  B:0088H.6       PUBLIC        TR1
  D:00C8H         PUBLIC        T2CON
  C:769FH         PUBLIC        UART_IRQn
  D:00D0H         PUBLIC        PSW
  -------         PROC          UART_INIT
  C:7DF0H         LINE#         5
  C:7DF0H         LINE#         6
  C:7DF0H         LINE#         7
  C:7DF3H         LINE#         8
  C:7DF6H         LINE#         9
  C:7DF9H         LINE#         10
  C:7DFCH         LINE#         11
  C:7DFFH         LINE#         13
  C:7E01H         LINE#         14
  C:7E03H         LINE#         15
  C:7E05H         LINE#         16
  -------         ENDPROC       UART_INIT
  -------         PROC          _UART_CMD
  D:0007H         SYMBOL        ensta
  C:7E7BH         LINE#         18
  C:7E7BH         LINE#         19
  C:7E7BH         LINE#         20
  C:7E80H         LINE#         21
  -------         ENDPROC       _UART_CMD
  -------         PROC          _UART_SENDDATA
  D:0007H         SYMBOL        dat
  C:7E42H         LINE#         23
  C:7E42H         LINE#         24
  C:7E42H         LINE#         25
  C:7E44H         LINE#         26
BL51 BANKED LINKER/LOCATER V6.22                                                      03/12/2021  09:16:36  PAGE 11


  C:7E46H         LINE#         27
  C:7E48H         LINE#         28
  C:7E4BH         LINE#         29
  C:7E4DH         LINE#         30
  C:7E4FH         LINE#         31
  -------         ENDPROC       _UART_SENDDATA
  -------         PROC          _UART_SENDSTRING
  X:0381H         SYMBOL        pbuf
  C:7CE9H         LINE#         33
  C:7CF4H         LINE#         34
  C:7CF4H         LINE#         35
  C:7D05H         LINE#         36
  C:7D05H         LINE#         37
  C:7D08H         LINE#         38
  C:7D0FH         LINE#         39
  C:7D19H         LINE#         40
  C:7D1BH         LINE#         41
  -------         ENDPROC       _UART_SENDSTRING
  -------         PROC          UART_IRQN
  -------         DO            
  D:0007H         SYMBOL        r
  -------         ENDDO         
  C:769FH         LINE#         51
  C:76B0H         LINE#         55
  C:76B3H         LINE#         56
  C:76B3H         LINE#         57
  C:76B5H         LINE#         58
  C:76B7H         LINE#         59
  C:76C0H         LINE#         60
  C:76C0H         LINE#         61
  C:76C3H         LINE#         62
  C:76C3H         LINE#         63
  C:76CDH         LINE#         64
  C:76D0H         LINE#         65
  C:76D2H         LINE#         67
  C:76D2H         LINE#         68
  C:76E2H         LINE#         70
  C:76E2H         LINE#         71
  C:76F6H         LINE#         72
  C:7704H         LINE#         73
  C:7717H         LINE#         74
  C:7717H         LINE#         75
  C:7717H         LINE#         76
  C:7717H         LINE#         77
  C:7717H         LINE#         78
  -------         ENDPROC       UART_IRQN
  -------         ENDMOD        UART

  -------         MODULE        TFTLCD
  C:0000H         SYMBOL        _ICE_DUMMY_
  D:0080H         PUBLIC        P0
  D:0090H         PUBLIC        P1
  X:0304H         PUBLIC        tftlcd_data
  D:00A0H         PUBLIC        P2
  C:62F0H         PUBLIC        _LCD_ShowxNum
  D:00B0H         PUBLIC        P3
  C:6CEAH         PUBLIC        _LCD_ShowNum
BL51 BANKED LINKER/LOCATER V6.22                                                      03/12/2021  09:16:36  PAGE 12


  D:00A8H         PUBLIC        IE
  C:7BB4H         PUBLIC        _LCD_Display_Dir
  C:61C5H         PUBLIC        _LCD_ShowFontHZ
  D:00B8H         PUBLIC        IP
  C:7726H         PUBLIC        _LCD_Clear
  C:674AH         PUBLIC        _LCD_Color_Fill
  C:7D74H         PUBLIC        _LCD_WriteData_Color
  C:7E06H         PUBLIC        LCD_ReadData
  C:4C57H         PUBLIC        _LCD_DrawLine_Color
  C:7AE8H         PUBLIC        _LCD_DrawFRONT_COLOR
  D:0098H         PUBLIC        SCON
  D:0088H         PUBLIC        TCON
  C:0A97H         PUBLIC        ascii_2412
  C:0033H         PUBLIC        ascii_1206
  C:6098H         PUBLIC        _LCD_ShowPicture
  C:5A1AH         PUBLIC        TFTLCD_Init
  C:04A7H         PUBLIC        ascii_1608
  C:6F70H         PUBLIC        _LCD_Fill
  C:7A51H         PUBLIC        _LCD_Set_Window
  C:7DA4H         PUBLIC        _LCD_WriteData
  C:7827H         PUBLIC        _LCD_ReadPoint
  B:00B0H.3       PUBLIC        TFT_RST
  C:4A68H         PUBLIC        _LCD_DrawLine
  C:7C0CH         PUBLIC        _LCD_DrawPoint
  C:6C05H         PUBLIC        _LCD_ShowString
  C:7E71H         PUBLIC        _LCD_WriteCmdData
  C:58A2H         PUBLIC        _LCD_ShowChar
  C:7E31H         PUBLIC        _LCD_WriteCmd
  C:7290H         PUBLIC        _LCD_DrawRectangle
  B:00B0H.2       PUBLIC        TFT_RD
  B:00A0H.7       PUBLIC        TFT_CS
  C:6DC6H         PUBLIC        _LCD_DrowSign
  C:791EH         PUBLIC        _LCD_DrawBigPoint
  D:00C8H         PUBLIC        T2CON
  C:7A03H         PUBLIC        _LCD_Pow
  X:030BH         PUBLIC        FRONT_COLOR
  C:0003H         PUBLIC        _Delay
  X:030DH         PUBLIC        BACK_COLOR
  B:00A0H.6       PUBLIC        TFT_RS
  B:00A0H.5       PUBLIC        TFT_WR
  C:502DH         PUBLIC        _LCD_Draw_Circle
  D:00D0H         PUBLIC        PSW
  C:17F3H         PUBLIC        CnChar32x29
  -------         PROC          _DELAY
  D:0006H         SYMBOL        dly
  -------         DO            
  D:0004H         SYMBOL        i
  D:0002H         SYMBOL        j
  -------         ENDDO         
  C:0003H         LINE#         14
  C:0003H         LINE#         15
  C:0003H         LINE#         18
  C:000DH         LINE#         19
  C:0021H         LINE#         20
  -------         ENDPROC       _DELAY
  -------         PROC          _LCD_WRITECMD
  D:0006H         SYMBOL        cmd
BL51 BANKED LINKER/LOCATER V6.22                                                      03/12/2021  09:16:36  PAGE 13


  C:7E31H         LINE#         23
  C:7E31H         LINE#         24
  C:7E31H         LINE#         117
  C:7E33H         LINE#         118
  C:7E35H         LINE#         119
  C:7E37H         LINE#         120
  C:7E39H         LINE#         121
  C:7E3BH         LINE#         122
  C:7E3DH         LINE#         123
  C:7E3FH         LINE#         124
  C:7E41H         LINE#         126
  -------         ENDPROC       _LCD_WRITECMD
  -------         PROC          L?0184
  -------         ENDPROC       L?0184
  -------         PROC          _LCD_WRITEDATA
  D:0006H         SYMBOL        dat
  C:7DA4H         LINE#         130
  C:7DA4H         LINE#         131
  C:7DA4H         LINE#         222
  C:7DA6H         LINE#         223
  C:7DA8H         LINE#         224
  C:7DAAH         LINE#         225
  C:7DACH         LINE#         226
  C:7DAEH         LINE#         227
  C:7DB0H         LINE#         228
  C:7DB2H         LINE#         229
  C:7DB4H         LINE#         231
  -------         ENDPROC       _LCD_WRITEDATA
  C:7D6CH         SYMBOL        L?0182
  C:7D6FH         SYMBOL        L?0183
  -------         PROC          L?0181
  -------         ENDPROC       L?0181
  C:7D6CH         SYMBOL        L?0182
  C:7D6FH         SYMBOL        L?0183
  -------         PROC          _LCD_WRITEDATA_COLOR
  D:0004H         SYMBOL        color
  C:7D74H         LINE#         233
  C:7D78H         LINE#         234
  C:7D78H         LINE#         325
  C:7D7AH         LINE#         326
  C:7D7CH         LINE#         327
  C:7D7EH         LINE#         328
  C:7D80H         LINE#         329
  C:7D83H         LINE#         330
  C:7D85H         LINE#         331
  C:7D87H         LINE#         332
  C:7D8AH         LINE#         333
  C:7D8CH         LINE#         334
  C:7D8EH         LINE#         335
  C:7D90H         LINE#         337
  -------         ENDPROC       _LCD_WRITEDATA_COLOR
  -------         PROC          _LCD_WRITECMDDATA
  D:0006H         SYMBOL        cmd
  D:0004H         SYMBOL        dat
  C:7E71H         LINE#         339
  C:7E71H         LINE#         340
  C:7E71H         LINE#         341
BL51 BANKED LINKER/LOCATER V6.22                                                      03/12/2021  09:16:36  PAGE 14


  C:7E74H         LINE#         342
  -------         ENDPROC       _LCD_WRITECMDDATA
  -------         PROC          LCD_READDATA
  -------         DO            
  D:0006H         SYMBOL        ram
  -------         ENDDO         
  C:7E06H         LINE#         347
  C:7E06H         LINE#         348
  C:7E06H         LINE#         351
  C:7E09H         LINE#         352
  C:7E0CH         LINE#         436
  C:7E0EH         LINE#         437
  C:7E10H         LINE#         438
  C:7E12H         LINE#         439
  C:7E13H         LINE#         440
  C:7E17H         LINE#         441
  C:7E19H         LINE#         442
  C:7E1BH         LINE#         445
  C:7E1BH         LINE#         446
  -------         ENDPROC       LCD_READDATA
  -------         PROC          _LCD_DISPLAY_DIR
  D:0007H         SYMBOL        dir
  C:7BB4H         LINE#         450
  C:7BB4H         LINE#         451
  C:7BB4H         LINE#         452
  C:7BB9H         LINE#         453
  C:7BBBH         LINE#         454
  C:7BBBH         LINE#         484
  C:7BC4H         LINE#         487
  C:7BCDH         LINE#         488
  C:7BD6H         LINE#         489
  C:7BD7H         LINE#         491
  C:7BD7H         LINE#         523
  C:7BE2H         LINE#         526
  C:7BEBH         LINE#         527
  C:7BF5H         LINE#         528
  C:7BF5H         LINE#         529
  -------         ENDPROC       _LCD_DISPLAY_DIR
  -------         PROC          TFTLCD_INIT
  -------         DO            
  X:0000H         SYMBOL        i
  -------         ENDDO         
  C:5A1AH         LINE#         532
  C:5A1AH         LINE#         533
  C:5A1AH         LINE#         534
  C:5A21H         LINE#         535
  C:5A23H         LINE#         536
  C:5A29H         LINE#         538
  C:5A2BH         LINE#         539
  C:5A32H         LINE#         541
  C:5A34H         LINE#         542
  C:5A3BH         LINE#         574
  C:5A42H         LINE#         575
  C:5A4DH         LINE#         578
  C:5A5EH         LINE#         953
  C:5A65H         LINE#         954
  C:5A6AH         LINE#         956
BL51 BANKED LINKER/LOCATER V6.22                                                      03/12/2021  09:16:36  PAGE 15


  C:5A71H         LINE#         957
  C:5A76H         LINE#         958
  C:5A79H         LINE#         959
  C:5A7EH         LINE#         960
  C:5A83H         LINE#         961
  C:5A86H         LINE#         962
  C:5A8BH         LINE#         963
  C:5A90H         LINE#         965
  C:5A95H         LINE#         966
  C:5A9AH         LINE#         967
  C:5A9FH         LINE#         968
  C:5AA4H         LINE#         969
  C:5AA9H         LINE#         970
  C:5AAEH         LINE#         971
  C:5AB3H         LINE#         972
  C:5AB8H         LINE#         973
  C:5ABDH         LINE#         974
  C:5AC2H         LINE#         975
  C:5AC7H         LINE#         976
  C:5ACCH         LINE#         977
  C:5AD1H         LINE#         978
  C:5AD6H         LINE#         979
  C:5ADBH         LINE#         980
  C:5AE0H         LINE#         981
  C:5AE5H         LINE#         982
  C:5AEAH         LINE#         983
  C:5AEFH         LINE#         984
  C:5AF4H         LINE#         985
  C:5AF9H         LINE#         987
  C:5AFEH         LINE#         988
  C:5B03H         LINE#         994
  C:5B05H         LINE#         995
  C:5B05H         LINE#         996
  C:5B05H         LINE#         997
  C:5B05H         LINE#         998
  C:5B08H         LINE#         999
  C:5B0DH         LINE#         1000
  C:5B12H         LINE#         1001
  C:5B17H         LINE#         1002
  C:5B1CH         LINE#         1003
  C:5B21H         LINE#         1004
  C:5B26H         LINE#         1005
  C:5B2BH         LINE#         1006
  C:5B2EH         LINE#         1007
  C:5B31H         LINE#         1008
  C:5B36H         LINE#         1009
  C:5B38H         LINE#         1010
  C:5B38H         LINE#         1011
  C:5B38H         LINE#         1012
  C:5B38H         LINE#         1013
  C:5B3BH         LINE#         1014
  C:5B40H         LINE#         1015
  C:5B45H         LINE#         1016
  C:5B4AH         LINE#         1017
  C:5B4FH         LINE#         1018
  C:5B53H         LINE#         1019
  C:5B58H         LINE#         1020
BL51 BANKED LINKER/LOCATER V6.22                                                      03/12/2021  09:16:36  PAGE 16


  C:5B5DH         LINE#         1021
  C:5B62H         LINE#         1022
  C:5B67H         LINE#         1024
  C:5B6BH         LINE#         1025
  C:5B70H         LINE#         1028
  C:5B74H         LINE#         1029
  -------         ENDPROC       TFTLCD_INIT
  C:7A4CH         SYMBOL        L?0188
  -------         PROC          L?0187
  -------         ENDPROC       L?0187
  C:7A4CH         SYMBOL        L?0188
  -------         PROC          _LCD_SET_WINDOW
  D:0082H         SYMBOL        sx
  D:0004H         SYMBOL        sy
  D:0002H         SYMBOL        width
  X:0065H         SYMBOL        height
  C:7A51H         LINE#         1036
  C:7A55H         LINE#         1037
  C:7A55H         LINE#         1204
  C:7A5CH         LINE#         1205
  C:7A62H         LINE#         1206
  C:7A69H         LINE#         1207
  C:7A6EH         LINE#         1208
  C:7A75H         LINE#         1210
  C:7A7AH         LINE#         1211
  C:7A7FH         LINE#         1212
  C:7A86H         LINE#         1213
  C:7A8EH         LINE#         1214
  C:7A94H         LINE#         1216
  -------         ENDPROC       _LCD_SET_WINDOW
  -------         PROC          _LCD_READPOINT
  D:0002H         SYMBOL        x
  X:0340H         SYMBOL        y
  -------         DO            
  X:0342H         SYMBOL        r
  X:0344H         SYMBOL        g
  X:0346H         SYMBOL        b
  D:0004H         SYMBOL        dat
  -------         ENDDO         
  C:7827H         LINE#         1224
  C:7833H         LINE#         1225
  C:7833H         LINE#         1226
  C:7843H         LINE#         1227
  C:7869H         LINE#         1228
  C:7883H         LINE#         1275
  C:788AH         LINE#         1276
  C:788FH         LINE#         1277
  C:7893H         LINE#         1278
  C:7898H         LINE#         1280
  C:78A2H         LINE#         1283
  C:78A2H         LINE#         1284
  -------         ENDPROC       _LCD_READPOINT
  -------         PROC          _LCD_CLEAR
  X:0002H         SYMBOL        color
  -------         DO            
  D:0002H         SYMBOL        i
  X:0004H         SYMBOL        j
BL51 BANKED LINKER/LOCATER V6.22                                                      03/12/2021  09:16:36  PAGE 17


  -------         ENDDO         
  C:7726H         LINE#         1288
  C:772EH         LINE#         1289
  C:772EH         LINE#         1290
  C:7733H         LINE#         1292
  C:775DH         LINE#         1293
  C:776DH         LINE#         1294
  C:776DH         LINE#         1295
  C:7789H         LINE#         1296
  C:7789H         LINE#         1297
  C:778FH         LINE#         1298
  C:779FH         LINE#         1299
  C:77A6H         LINE#         1300
  -------         ENDPROC       _LCD_CLEAR
  -------         PROC          _LCD_FILL
  X:0023H         SYMBOL        xState
  X:0025H         SYMBOL        yState
  X:0027H         SYMBOL        xEnd
  X:0029H         SYMBOL        yEnd
  X:002BH         SYMBOL        color
  -------         DO            
  X:002DH         SYMBOL        temp
  -------         ENDDO         
  C:6F70H         LINE#         1305
  C:6F88H         LINE#         1306
  C:6F88H         LINE#         1307
  C:6F8FH         LINE#         1309
  C:6FB1H         LINE#         1310
  C:6FB1H         LINE#         1312
  C:6FB1H         LINE#         1313
  C:6FCCH         LINE#         1314
  C:6FEDH         LINE#         1315
  C:700CH         LINE#         1317
  C:701AH         LINE#         1318
  C:701AH         LINE#         1319
  C:7029H         LINE#         1320
  C:7037H         LINE#         1321
  C:7037H         LINE#         1322
  C:703DH         LINE#         1323
  C:703FH         LINE#         1324
  C:703FH         LINE#         1325
  -------         ENDPROC       _LCD_FILL
  -------         PROC          _LCD_COLOR_FILL
  X:021AH         SYMBOL        sx
  X:021CH         SYMBOL        sy
  D:0002H         SYMBOL        ex
  X:0220H         SYMBOL        ey
  X:0222H         SYMBOL        color
  -------         DO            
  X:0225H         SYMBOL        height
  X:0227H         SYMBOL        width
  X:0229H         SYMBOL        i
  X:022BH         SYMBOL        j
  -------         ENDDO         
  C:674AH         LINE#         1330
  C:6758H         LINE#         1331
  C:6758H         LINE#         1334
BL51 BANKED LINKER/LOCATER V6.22                                                      03/12/2021  09:16:36  PAGE 18


  C:6773H         LINE#         1335
  C:6794H         LINE#         1336
  C:67B1H         LINE#         1337
  C:67CDH         LINE#         1338
  C:67CDH         LINE#         1339
  C:67EAH         LINE#         1340
  C:67EAH         LINE#         1341
  C:6820H         LINE#         1342
  C:6830H         LINE#         1343
  C:6841H         LINE#         1344
  -------         ENDPROC       _LCD_COLOR_FILL
  C:7BF9H         SYMBOL        L?0179
  C:7BFAH         SYMBOL        L?0180
  -------         PROC          L?0178
  -------         ENDPROC       L?0178
  C:7BF9H         SYMBOL        L?0179
  C:7BFAH         SYMBOL        L?0180
  -------         PROC          _LCD_DRAWPOINT
  D:0002H         SYMBOL        x
  D:0082H         SYMBOL        y
  C:7C0CH         LINE#         1349
  C:7C14H         LINE#         1350
  C:7C14H         LINE#         1351
  C:7C2BH         LINE#         1352
  -------         ENDPROC       _LCD_DRAWPOINT
  C:7AE3H         SYMBOL        L?0186
  -------         PROC          L?0185
  -------         ENDPROC       L?0185
  C:7AE3H         SYMBOL        L?0186
  -------         PROC          _LCD_DRAWFRONT_COLOR
  X:0059H         SYMBOL        x
  X:005BH         SYMBOL        y
  X:005DH         SYMBOL        color
  C:7AE8H         LINE#         1358
  C:7B00H         LINE#         1359
  C:7B00H         LINE#         1360
  C:7B1FH         LINE#         1361
  -------         ENDPROC       _LCD_DRAWFRONT_COLOR
  -------         PROC          _LCD_DRAWBIGPOINT
  X:0360H         SYMBOL        x
  X:0362H         SYMBOL        y
  X:0364H         SYMBOL        color
  C:791EH         LINE#         1366
  C:7932H         LINE#         1367
  C:7932H         LINE#         1368
  C:7935H         LINE#         1369
  C:794EH         LINE#         1370
  C:796AH         LINE#         1371
  -------         ENDPROC       _LCD_DRAWBIGPOINT
  -------         PROC          _LCD_DRAWLINE
  X:015AH         SYMBOL        x1
  X:015CH         SYMBOL        y1
  D:0002H         SYMBOL        x2
  X:0160H         SYMBOL        y2
  -------         DO            
  X:0162H         SYMBOL        t
  X:0164H         SYMBOL        xerr
BL51 BANKED LINKER/LOCATER V6.22                                                      03/12/2021  09:16:36  PAGE 19


  X:0166H         SYMBOL        yerr
  X:0168H         SYMBOL        delta_x
  X:016AH         SYMBOL        delta_y
  X:016CH         SYMBOL        distance
  X:016EH         SYMBOL        incx
  X:0170H         SYMBOL        incy
  X:0172H         SYMBOL        uRow
  X:0174H         SYMBOL        uCol
  -------         ENDDO         
  C:4A68H         LINE#         1377
  C:4A76H         LINE#         1378
  C:4A76H         LINE#         1379
  C:4A7DH         LINE#         1380
  C:4A85H         LINE#         1382
  C:4A9AH         LINE#         1383
  C:4AB5H         LINE#         1384
  C:4AC4H         LINE#         1385
  C:4ACAH         LINE#         1386
  C:4AE6H         LINE#         1387
  C:4AF2H         LINE#         1388
  C:4B07H         LINE#         1389
  C:4B23H         LINE#         1390
  C:4B2FH         LINE#         1391
  C:4B44H         LINE#         1392
  C:4B6AH         LINE#         1393
  C:4B6FH         LINE#         1394
  C:4B94H         LINE#         1395
  C:4B94H         LINE#         1396
  C:4BA5H         LINE#         1397
  C:4BB9H         LINE#         1398
  C:4BCDH         LINE#         1399
  C:4BE9H         LINE#         1400
  C:4BE9H         LINE#         1401
  C:4BF5H         LINE#         1402
  C:4C09H         LINE#         1403
  C:4C09H         LINE#         1404
  C:4C25H         LINE#         1405
  C:4C25H         LINE#         1406
  C:4C31H         LINE#         1407
  C:4C45H         LINE#         1408
  C:4C45H         LINE#         1409
  C:4C56H         LINE#         1410
  -------         ENDPROC       _LCD_DRAWLINE
  -------         PROC          _LCD_DRAWLINE_COLOR
  X:0100H         SYMBOL        x1
  X:0102H         SYMBOL        y1
  D:0002H         SYMBOL        x2
  X:0106H         SYMBOL        y2
  X:0108H         SYMBOL        color
  -------         DO            
  X:010AH         SYMBOL        t
  X:010CH         SYMBOL        xerr
  X:010EH         SYMBOL        yerr
  X:0110H         SYMBOL        delta_x
  X:0112H         SYMBOL        delta_y
  X:0114H         SYMBOL        distance
  X:0116H         SYMBOL        incx
BL51 BANKED LINKER/LOCATER V6.22                                                      03/12/2021  09:16:36  PAGE 20


  X:0118H         SYMBOL        incy
  X:011AH         SYMBOL        uRow
  X:011CH         SYMBOL        uCol
  -------         ENDDO         
  C:4C57H         LINE#         1412
  C:4C65H         LINE#         1413
  C:4C65H         LINE#         1415
  C:4C70H         LINE#         1417
  C:4C85H         LINE#         1418
  C:4CA0H         LINE#         1419
  C:4CAFH         LINE#         1420
  C:4CB5H         LINE#         1421
  C:4CD1H         LINE#         1422
  C:4CDDH         LINE#         1423
  C:4CF2H         LINE#         1424
  C:4D0EH         LINE#         1425
  C:4D1AH         LINE#         1426
  C:4D2FH         LINE#         1427
  C:4D55H         LINE#         1428
  C:4D5AH         LINE#         1429
  C:4D7FH         LINE#         1430
  C:4D7FH         LINE#         1431
  C:4D92H         LINE#         1432
  C:4DA6H         LINE#         1433
  C:4DBAH         LINE#         1434
  C:4DD6H         LINE#         1435
  C:4DD6H         LINE#         1436
  C:4DE2H         LINE#         1437
  C:4DF6H         LINE#         1438
  C:4DF6H         LINE#         1439
  C:4E12H         LINE#         1440
  C:4E12H         LINE#         1441
  C:4E1EH         LINE#         1442
  C:4E32H         LINE#         1443
  C:4E32H         LINE#         1444
  C:4E43H         LINE#         1445
  -------         ENDPROC       _LCD_DRAWLINE_COLOR
  -------         PROC          _LCD_DROWSIGN
  X:0366H         SYMBOL        x
  X:0368H         SYMBOL        y
  X:036AH         SYMBOL        color
  -------         DO            
  D:0003H         SYMBOL        i
  -------         ENDDO         
  C:6DC6H         LINE#         1452
  C:6DDEH         LINE#         1453
  C:6DDEH         LINE#         1457
  C:6E18H         LINE#         1458
  C:6E1AH         LINE#         1459
  C:6E1AH         LINE#         1460
  C:6E1DH         LINE#         1461
  C:6E22H         LINE#         1464
  C:6E5CH         LINE#         1465
  C:6E5EH         LINE#         1466
  C:6E5EH         LINE#         1467
  C:6E61H         LINE#         1468
  C:6E66H         LINE#         1471
BL51 BANKED LINKER/LOCATER V6.22                                                      03/12/2021  09:16:36  PAGE 21


  C:6E93H         LINE#         1472
  C:6E95H         LINE#         1473
  C:6E95H         LINE#         1474
  C:6E98H         LINE#         1475
  C:6E9DH         LINE#         1476
  -------         ENDPROC       _LCD_DROWSIGN
  -------         PROC          _LCD_DRAWRECTANGLE
  X:0348H         SYMBOL        x1
  X:034AH         SYMBOL        y1
  X:034CH         SYMBOL        x2
  X:034EH         SYMBOL        y2
  C:7290H         LINE#         1480
  C:72A6H         LINE#         1481
  C:72A6H         LINE#         1482
  C:72C2H         LINE#         1483
  C:72E9H         LINE#         1484
  C:7311H         LINE#         1485
  -------         ENDPROC       _LCD_DRAWRECTANGLE
  -------         PROC          _LCD_DRAW_CIRCLE
  X:030FH         SYMBOL        x0
  X:0311H         SYMBOL        y0
  D:0003H         SYMBOL        r
  -------         DO            
  X:0313H         SYMBOL        a
  X:0315H         SYMBOL        b
  X:0317H         SYMBOL        di
  -------         ENDDO         
  C:502DH         LINE#         1490
  C:503BH         LINE#         1491
  C:503BH         LINE#         1494
  C:504AH         LINE#         1495
  C:505EH         LINE#         1496
  C:507DH         LINE#         1497
  C:507DH         LINE#         1498
  C:508BH         LINE#         1499
  C:50A4H         LINE#         1500
  C:50CFH         LINE#         1501
  C:50FAH         LINE#         1502
  C:5126H         LINE#         1503
  C:5152H         LINE#         1504
  C:5169H         LINE#         1505
  C:5184H         LINE#         1506
  C:5192H         LINE#         1508
  C:51C2H         LINE#         1510
  C:51C2H         LINE#         1511
  C:51F3H         LINE#         1512
  C:5201H         LINE#         1513
  C:5201H         LINE#         1514
  C:5204H         LINE#         1515
  -------         ENDPROC       _LCD_DRAW_CIRCLE
  -------         PROC          _LCD_SHOWCHAR
  X:000DH         SYMBOL        x
  X:000FH         SYMBOL        y
  X:0011H         SYMBOL        num
  X:0012H         SYMBOL        size
  X:0013H         SYMBOL        mode
  -------         DO            
BL51 BANKED LINKER/LOCATER V6.22                                                      03/12/2021  09:16:36  PAGE 22


  X:0014H         SYMBOL        temp
  X:0015H         SYMBOL        t1
  D:0001H         SYMBOL        t
  X:0016H         SYMBOL        y0
  X:0018H         SYMBOL        csize
  -------         ENDDO         
  C:58A2H         LINE#         1523
  C:58B7H         LINE#         1524
  C:58B7H         LINE#         1526
  C:58BFH         LINE#         1527
  C:58E7H         LINE#         1528
  C:58EEH         LINE#         1529
  C:58FDH         LINE#         1530
  C:58FDH         LINE#         1531
  C:5917H         LINE#         1532
  C:592DH         LINE#         1533
  C:595AH         LINE#         1535
  C:595FH         LINE#         1536
  C:595FH         LINE#         1537
  C:5979H         LINE#         1538
  C:5993H         LINE#         1539
  C:599AH         LINE#         1540
  C:59A8H         LINE#         1541
  C:59BEH         LINE#         1542
  C:59DAH         LINE#         1543
  C:59DAH         LINE#         1544
  C:59E2H         LINE#         1545
  C:59F0H         LINE#         1546
  C:5A06H         LINE#         1548
  C:5A06H         LINE#         1549
  C:5A15H         LINE#         1550
  C:5A19H         LINE#         1551
  -------         ENDPROC       _LCD_SHOWCHAR
  -------         PROC          L?0189
  -------         ENDPROC       L?0189
  -------         PROC          _LCD_POW
  X:036CH         SYMBOL        m
  X:036DH         SYMBOL        n
  -------         DO            
  X:036EH         SYMBOL        result
  -------         ENDDO         
  C:7A03H         LINE#         1554
  C:7A0BH         LINE#         1555
  C:7A0BH         LINE#         1556
  C:7A13H         LINE#         1557
  C:7A3DH         LINE#         1558
  C:7A4BH         LINE#         1559
  -------         ENDPROC       _LCD_POW
  -------         PROC          _LCD_SHOWNUM
  X:02D1H         SYMBOL        x
  X:02D3H         SYMBOL        y
  X:02D5H         SYMBOL        num
  X:02D9H         SYMBOL        len
  X:02DAH         SYMBOL        size
  -------         DO            
  X:02DBH         SYMBOL        t
  X:02DCH         SYMBOL        temp
BL51 BANKED LINKER/LOCATER V6.22                                                      03/12/2021  09:16:36  PAGE 23


  X:02DDH         SYMBOL        enshow
  -------         ENDDO         
  C:6CEAH         LINE#         1566
  C:6CF8H         LINE#         1567
  C:6CF8H         LINE#         1569
  C:6CFDH         LINE#         1570
  C:6D12H         LINE#         1571
  C:6D12H         LINE#         1572
  C:6D3CH         LINE#         1573
  C:6D4FH         LINE#         1574
  C:6D4FH         LINE#         1575
  C:6D53H         LINE#         1576
  C:6D53H         LINE#         1577
  C:6D7DH         LINE#         1578
  C:6D7FH         LINE#         1579
  C:6D85H         LINE#         1581
  C:6D85H         LINE#         1582
  C:6DBCH         LINE#         1583
  C:6DC5H         LINE#         1584
  -------         ENDPROC       _LCD_SHOWNUM
  -------         PROC          _LCD_SHOWXNUM
  X:02B5H         SYMBOL        x
  X:02B7H         SYMBOL        y
  X:02B9H         SYMBOL        num
  X:02BDH         SYMBOL        len
  X:02BEH         SYMBOL        size
  X:02BFH         SYMBOL        mode
  -------         DO            
  X:02C0H         SYMBOL        t
  X:02C1H         SYMBOL        temp
  X:02C2H         SYMBOL        enshow
  -------         ENDDO         
  C:62F0H         LINE#         1595
  C:62FEH         LINE#         1596
  C:62FEH         LINE#         1598
  C:6303H         LINE#         1599
  C:6318H         LINE#         1600
  C:6318H         LINE#         1601
  C:6342H         LINE#         1602
  C:6358H         LINE#         1603
  C:6358H         LINE#         1604
  C:635CH         LINE#         1605
  C:635CH         LINE#         1606
  C:6392H         LINE#         1607
  C:63C7H         LINE#         1608
  C:63C9H         LINE#         1609
  C:63CFH         LINE#         1611
  C:63CFH         LINE#         1612
  C:640FH         LINE#         1613
  C:6418H         LINE#         1614
  -------         ENDPROC       _LCD_SHOWXNUM
  -------         PROC          _LCD_SHOWSTRING
  X:0000H         SYMBOL        x
  X:0002H         SYMBOL        y
  X:0004H         SYMBOL        width
  X:0006H         SYMBOL        height
  X:0008H         SYMBOL        size
BL51 BANKED LINKER/LOCATER V6.22                                                      03/12/2021  09:16:36  PAGE 24


  X:0009H         SYMBOL        p
  -------         DO            
  X:000CH         SYMBOL        x0
  -------         ENDDO         
  C:6C05H         LINE#         1620
  C:6C19H         LINE#         1621
  C:6C19H         LINE#         1622
  C:6C25H         LINE#         1623
  C:6C31H         LINE#         1624
  C:6C45H         LINE#         1625
  C:6C65H         LINE#         1626
  C:6C65H         LINE#         1627
  C:6C98H         LINE#         1628
  C:6CAEH         LINE#         1629
  C:6CC8H         LINE#         1630
  C:6CDCH         LINE#         1631
  C:6CE6H         LINE#         1632
  C:6CE9H         LINE#         1633
  -------         ENDPROC       _LCD_SHOWSTRING
  -------         PROC          _LCD_SHOWFONTHZ
  X:0319H         SYMBOL        x
  X:031BH         SYMBOL        y
  X:031DH         SYMBOL        cn
  -------         DO            
  D:0003H         SYMBOL        i
  D:0002H         SYMBOL        j
  X:0320H         SYMBOL        wordNum
  X:0321H         SYMBOL        color
  -------         ENDDO         
  C:61C5H         LINE#         1646
  C:61DCH         LINE#         1647
  C:61DCH         LINE#         1650
  C:61EFH         LINE#         1651
  C:61EFH         LINE#         1652
  C:6225H         LINE#         1653
  C:6237H         LINE#         1654
  C:6237H         LINE#         1655
  C:6278H         LINE#         1657
  C:6278H         LINE#         1659
  C:6279H         LINE#         1660
  C:6279H         LINE#         1661
  C:62A0H         LINE#         1662
  C:62A2H         LINE#         1663
  C:62A2H         LINE#         1664
  C:62A9H         LINE#         1665
  C:62A9H         LINE#         1666
  C:62ACH         LINE#         1667
  C:62AEH         LINE#         1669
  C:62AEH         LINE#         1670
  C:62B4H         LINE#         1671
  C:62B4H         LINE#         1672
  C:62C1H         LINE#         1673
  C:62C6H         LINE#         1674
  C:62CBH         LINE#         1675
  C:62CBH         LINE#         1676
  C:62D4H         LINE#         1677
  C:62DEH         LINE#         1678
BL51 BANKED LINKER/LOCATER V6.22                                                      03/12/2021  09:16:36  PAGE 25


  C:62ECH         LINE#         1679
  C:62EFH         LINE#         1680
  -------         ENDPROC       _LCD_SHOWFONTHZ
  -------         PROC          _LCD_SHOWPICTURE
  X:0205H         SYMBOL        x
  X:0207H         SYMBOL        y
  X:0209H         SYMBOL        wide
  X:020BH         SYMBOL        high
  X:020DH         SYMBOL        pic
  -------         DO            
  X:0210H         SYMBOL        temp
  X:0212H         SYMBOL        tmp
  X:0216H         SYMBOL        num
  -------         ENDDO         
  C:6098H         LINE#         1734
  C:60ACH         LINE#         1735
  C:60ACH         LINE#         1736
  C:60B3H         LINE#         1737
  C:60C5H         LINE#         1738
  C:610CH         LINE#         1739
  C:612FH         LINE#         1741
  C:612FH         LINE#         1742
  C:615CH         LINE#         1743
  C:6165H         LINE#         1744
  C:617FH         LINE#         1745
  C:6182H         LINE#         1746
  C:619FH         LINE#         1747
  C:619FH         LINE#         1748
  C:61C4H         LINE#         1749
  -------         ENDPROC       _LCD_SHOWPICTURE
  -------         ENDMOD        TFTLCD

  -------         MODULE        TOUCH
  C:0000H         SYMBOL        _ICE_DUMMY_
  D:0090H         PUBLIC        P1
  D:00A0H         PUBLIC        P2
  D:00B0H         PUBLIC        P3
  D:00A8H         PUBLIC        IE
  D:00B8H         PUBLIC        IP
  B:00A0H.0       PUBLIC        TOUCH_DOUT
  X:02DEH         PUBLIC        xpt_xy
  C:7CAEH         PUBLIC        TOUCH_SPI_Read
  D:0098H         PUBLIC        SCON
  D:0088H         PUBLIC        TCON
  C:55A6H         PUBLIC        _TOUCH_XPT_ReadData
  B:00A0H.1       PUBLIC        TOUCH_CLK
  C:7DD3H         PUBLIC        _TOUCH_SPI_Write
  B:00A0H.2       PUBLIC        TOUCH_DIN
  C:7E66H         PUBLIC        TOUCH_SPI_Start
  D:00C8H         PUBLIC        T2CON
  C:5F5AH         PUBLIC        TOUCH_Scan
  C:6419H         PUBLIC        TOUCH_XPT_ReadXY
  D:00D0H         PUBLIC        PSW
  B:00A0H.3       PUBLIC        TOUCH_CS
  -------         PROC          TOUCH_SPI_START
  C:7E66H         LINE#         9
  C:7E66H         LINE#         10
BL51 BANKED LINKER/LOCATER V6.22                                                      03/12/2021  09:16:36  PAGE 26


  C:7E66H         LINE#         11
  C:7E68H         LINE#         12
  C:7E6AH         LINE#         13
  C:7E6CH         LINE#         14
  C:7E6EH         LINE#         15
  C:7E70H         LINE#         16
  -------         ENDPROC       TOUCH_SPI_START
  -------         PROC          _TOUCH_SPI_WRITE
  D:0007H         SYMBOL        dat
  -------         DO            
  D:0006H         SYMBOL        i
  -------         ENDDO         
  C:7DD3H         LINE#         18
  C:7DD3H         LINE#         19
  C:7DD3H         LINE#         21
  C:7DD5H         LINE#         22
  C:7DD7H         LINE#         23
  C:7DD7H         LINE#         24
  C:7DE2H         LINE#         25
  C:7DE6H         LINE#         26
  C:7DE8H         LINE#         28
  C:7DEAH         LINE#         30
  C:7DEFH         LINE#         31
  -------         ENDPROC       _TOUCH_SPI_WRITE
  -------         PROC          TOUCH_SPI_READ
  -------         DO            
  D:0004H         SYMBOL        i
  X:0384H         SYMBOL        dat
  -------         ENDDO         
  C:7CAEH         LINE#         33
  C:7CAEH         LINE#         34
  C:7CAEH         LINE#         35
  C:7CB5H         LINE#         36
  C:7CB7H         LINE#         37
  C:7CB9H         LINE#         38
  C:7CB9H         LINE#         39
  C:7CC6H         LINE#         41
  C:7CC8H         LINE#         42
  C:7CCAH         LINE#         44
  C:7CD5H         LINE#         46
  C:7CE0H         LINE#         47
  C:7CE8H         LINE#         48
  -------         ENDPROC       TOUCH_SPI_READ
  -------         PROC          L?0046
  -------         ENDPROC       L?0046
  -------         PROC          _TOUCH_XPT_READDATA
  D:0003H         SYMBOL        cmd
  -------         DO            
  X:0176H         SYMBOL        i
  X:0177H         SYMBOL        j
  X:0178H         SYMBOL        readValue
  X:018CH         SYMBOL        endValue
  -------         ENDDO         
  C:55A6H         LINE#         52
  C:55A8H         LINE#         53
  C:55A8H         LINE#         58
  C:55AAH         LINE#         59
BL51 BANKED LINKER/LOCATER V6.22                                                      03/12/2021  09:16:36  PAGE 27


  C:55ACH         LINE#         61
  C:55B1H         LINE#         62
  C:55B1H         LINE#         63
  C:55B6H         LINE#         65
  C:55C5H         LINE#         66
  C:55C7H         LINE#         67
  C:55C8H         LINE#         68
  C:55C9H         LINE#         69
  C:55CBH         LINE#         70
  C:55CCH         LINE#         71
  C:55CDH         LINE#         73
  C:55E4H         LINE#         74
  C:55F0H         LINE#         75
  C:55F2H         LINE#         79
  C:5604H         LINE#         80
  C:5604H         LINE#         81
  C:5615H         LINE#         82
  C:5615H         LINE#         83
  C:5640H         LINE#         84
  C:5640H         LINE#         85
  C:565AH         LINE#         86
  C:5680H         LINE#         87
  C:569BH         LINE#         88
  C:569BH         LINE#         89
  C:56A4H         LINE#         90
  C:56ADH         LINE#         95
  C:56B7H         LINE#         96
  C:56BDH         LINE#         97
  C:56BDH         LINE#         98
  C:56F4H         LINE#         99
  C:56FEH         LINE#         100
  C:571BH         LINE#         102
  C:5725H         LINE#         103
  -------         ENDPROC       _TOUCH_XPT_READDATA
  -------         PROC          TOUCH_XPT_READXY
  -------         DO            
  X:0323H         SYMBOL        x1
  X:0325H         SYMBOL        x2
  X:0327H         SYMBOL        x
  X:0329H         SYMBOL        y1
  D:0004H         SYMBOL        y2
  X:032BH         SYMBOL        y
  -------         ENDDO         
  C:6419H         LINE#         107
  C:6419H         LINE#         108
  C:6419H         LINE#         111
  C:641CH         LINE#         113
  C:6424H         LINE#         114
  C:642FH         LINE#         115
  C:6437H         LINE#         116
  C:643EH         LINE#         120
  C:6454H         LINE#         121
  C:6454H         LINE#         122
  C:645CH         LINE#         123
  C:645EH         LINE#         125
  C:645EH         LINE#         126
  C:6479H         LINE#         127
BL51 BANKED LINKER/LOCATER V6.22                                                      03/12/2021  09:16:36  PAGE 28


  C:6479H         LINE#         130
  C:6487H         LINE#         131
  C:6487H         LINE#         132
  C:648CH         LINE#         133
  C:648EH         LINE#         135
  C:648EH         LINE#         136
  C:64A1H         LINE#         137
  C:64A1H         LINE#         140
  C:64BEH         LINE#         141
  C:64BEH         LINE#         142
  C:64C1H         LINE#         143
  C:64C1H         LINE#         146
  C:64E2H         LINE#         147
  C:64FBH         LINE#         149
  C:6502H         LINE#         150
  C:6509H         LINE#         153
  C:6527H         LINE#         154
  C:6527H         LINE#         155
  C:652AH         LINE#         156
  C:652AH         LINE#         158
  C:652CH         LINE#         159
  -------         ENDPROC       TOUCH_XPT_READXY
  -------         PROC          TOUCH_SCAN
  -------         DO            
  X:0378H         SYMBOL        res
  X:0379H         SYMBOL        temp
  -------         ENDDO         
  C:5F5AH         LINE#         163
  C:5F5AH         LINE#         164
  C:5F5AH         LINE#         165
  C:5F5FH         LINE#         168
  C:5F68H         LINE#         169
  C:5F68H         LINE#         172
  C:5F71H         LINE#         173
  C:5F71H         LINE#         217
  C:5F82H         LINE#         218
  C:5FB6H         LINE#         219
  C:5FC7H         LINE#         220
  C:5FF0H         LINE#         223
  C:5FF3H         LINE#         225
  C:5FF3H         LINE#         269
  C:6002H         LINE#         270
  C:6038H         LINE#         271
  C:6051H         LINE#         272
  C:6085H         LINE#         275
  C:6085H         LINE#         292
  C:608BH         LINE#         293
  C:608BH         LINE#         294
  C:608DH         LINE#         296
  C:6092H         LINE#         297
  C:6097H         LINE#         298
  -------         ENDPROC       TOUCH_SCAN
  -------         ENDMOD        TOUCH

  -------         MODULE        GUI
  C:0000H         SYMBOL        _ICE_DUMMY_
  C:7A99H         PUBLIC        _gui_pow
BL51 BANKED LINKER/LOCATER V6.22                                                      03/12/2021  09:16:36  PAGE 29


  D:0090H         PUBLIC        P1
  D:00A0H         PUBLIC        P2
  D:00B0H         PUBLIC        P3
  C:733AH         PUBLIC        _gui_num2str
  C:41EDH         PUBLIC        _gui_show_ptstr
  D:00A8H         PUBLIC        IE
  C:5726H         PUBLIC        _gui_get_stringline
  D:00B8H         PUBLIC        IP
  C:6939H         PUBLIC        _gui_draw_bigpoint
  C:53DCH         PUBLIC        _gui_show_num
  C:7991H         PUBLIC        _gui_disabs
  C:3D3EH         PUBLIC        _gui_fill_ellipse
  C:2E49H         PUBLIC        _gui_fill_circle
  C:22CCH         PUBLIC        _gui_draw_ellipse
  C:1C19H         PUBLIC        _gui_draw_arcrectangle
  D:0098H         PUBLIC        SCON
  C:6842H         PUBLIC        _gui_alphablend_area
  D:0088H         PUBLIC        TCON
  C:6A2DH         PUBLIC        _gui_alpha_blend565
  C:7C36H         PUBLIC        _gui_rgb332torgb565
  C:5B7FH         PUBLIC        _gui_show_strmidex
  C:7207H         PUBLIC        _gui_draw_expoint
  C:4659H         PUBLIC        _gui_show_stringex
  C:3AD2H         PUBLIC        _gui_draw_bline
  C:4E44H         PUBLIC        _gui_smooth_color
  C:78A3H         PUBLIC        _gui_draw_hline
  C:3F9FH         PUBLIC        _gui_show_ptchar
  C:73F9H         PUBLIC        _gui_draw_vline
  C:77A7H         PUBLIC        _gui_color_chg
  C:5CCBH         PUBLIC        _gui_show_strmid
  C:5E13H         PUBLIC        _gui_fill_colorblock
  C:4875H         PUBLIC        _gui_draw_line
  C:7C72H         PUBLIC        _gui_draw_point
  C:7108H         PUBLIC        _gui_num2strex
  C:3884H         PUBLIC        _gui_draw_circle8
  C:4433H         PUBLIC        _gui_show_string
  D:00C8H         PUBLIC        T2CON
  C:751AH         PUBLIC        _gui_fill_rectangle
  C:5221H         PUBLIC        _gui_draw_arc
  C:663EH         PUBLIC        _gui_draw_smooth_rectangle
  C:7040H         PUBLIC        _gui_draw_rectangle
  C:26D0H         PUBLIC        _gui_draw_bline1
  D:00D0H         PUBLIC        PSW
  C:6E9EH         PUBLIC        _gui_show_ptstrwhiterim
  -------         PROC          _GUI_COLOR_CHG
  X:0350H         SYMBOL        rgb
  -------         DO            
  X:0354H         SYMBOL        r
  X:0356H         SYMBOL        g
  D:0004H         SYMBOL        b
  -------         ENDDO         
  C:77A7H         LINE#         15
  C:77ADH         LINE#         16
  C:77ADH         LINE#         18
  C:77C6H         LINE#         19
  C:77E5H         LINE#         20
  C:7800H         LINE#         21
BL51 BANKED LINKER/LOCATER V6.22                                                      03/12/2021  09:16:36  PAGE 30


  C:7826H         LINE#         22
  -------         ENDPROC       _GUI_COLOR_CHG
  -------         PROC          _GUI_RGB332TORGB565
  D:0004H         SYMBOL        rgb332
  -------         DO            
  D:0002H         SYMBOL        rgb565
  -------         ENDDO         
  C:7C36H         LINE#         26
  C:7C3AH         LINE#         27
  C:7C3AH         LINE#         28
  C:7C3EH         LINE#         29
  C:7C53H         LINE#         30
  C:7C68H         LINE#         31
  C:7C6EH         LINE#         32
  C:7C71H         LINE#         33
  -------         ENDPROC       _GUI_RGB332TORGB565
  -------         PROC          _GUI_POW
  X:0372H         SYMBOL        m
  X:0373H         SYMBOL        n
  -------         DO            
  X:0374H         SYMBOL        result
  -------         ENDDO         
  C:7A99H         LINE#         35
  C:7AA1H         LINE#         36
  C:7AA1H         LINE#         37
  C:7AA9H         LINE#         38
  C:7AD3H         LINE#         39
  C:7AE1H         LINE#         40
  -------         ENDPROC       _GUI_POW
  -------         PROC          _GUI_DISABS
  X:0358H         SYMBOL        x1
  X:035CH         SYMBOL        x2
  C:7991H         LINE#         42
  C:7997H         LINE#         43
  C:7997H         LINE#         44
  C:79FBH         LINE#         45
  -------         ENDPROC       _GUI_DISABS
  -------         PROC          _GUI_DRAW_POINT
  X:037DH         SYMBOL        x0
  D:0004H         SYMBOL        y0
  D:0002H         SYMBOL        color
  -------         DO            
  X:037FH         SYMBOL        tempcolor
  -------         ENDDO         
  C:7C72H         LINE#         51
  C:7C7AH         LINE#         52
  C:7C7AH         LINE#         53
  C:7C89H         LINE#         54
  C:7C93H         LINE#         55
  C:7C9EH         LINE#         56
  C:7CADH         LINE#         57
  -------         ENDPROC       _GUI_DRAW_POINT
  -------         PROC          _GUI_ALPHABLEND_AREA
  X:0264H         SYMBOL        x
  X:0266H         SYMBOL        y
  X:0268H         SYMBOL        width
  X:026AH         SYMBOL        height
BL51 BANKED LINKER/LOCATER V6.22                                                      03/12/2021  09:16:36  PAGE 31


  X:026CH         SYMBOL        color
  X:026EH         SYMBOL        aval
  -------         DO            
  X:026FH         SYMBOL        i
  X:0271H         SYMBOL        j
  X:0273H         SYMBOL        tempcolor
  -------         ENDDO         
  C:6842H         LINE#         63
  C:6856H         LINE#         64
  C:6856H         LINE#         67
  C:6875H         LINE#         68
  C:6875H         LINE#         69
  C:6894H         LINE#         70
  C:6894H         LINE#         71
  C:68C7H         LINE#         72
  C:68DDH         LINE#         73
  C:6910H         LINE#         74
  C:6924H         LINE#         75
  C:6938H         LINE#         76
  -------         ENDPROC       _GUI_ALPHABLEND_AREA
  -------         PROC          _GUI_DRAW_BIGPOINT
  X:004BH         SYMBOL        x0
  X:004DH         SYMBOL        y0
  X:004FH         SYMBOL        color
  -------         DO            
  X:0051H         SYMBOL        i
  X:0053H         SYMBOL        j
  X:0055H         SYMBOL        x
  X:0057H         SYMBOL        y
  -------         ENDDO         
  C:6939H         LINE#         82
  C:694FH         LINE#         83
  C:694FH         LINE#         86
  C:696AH         LINE#         87
  C:6979H         LINE#         88
  C:6995H         LINE#         89
  C:69A4H         LINE#         90
  C:69CEH         LINE#         91
  C:69CEH         LINE#         92
  C:6A1CH         LINE#         93
  C:6A2CH         LINE#         94
  -------         ENDPROC       _GUI_DRAW_BIGPOINT
  -------         PROC          _GUI_DRAW_LINE
  X:011EH         SYMBOL        x0
  X:0120H         SYMBOL        y0
  D:0002H         SYMBOL        x1
  X:0124H         SYMBOL        y1
  X:0126H         SYMBOL        color
  -------         DO            
  X:0128H         SYMBOL        t
  X:012AH         SYMBOL        xerr
  X:012CH         SYMBOL        yerr
  X:012EH         SYMBOL        delta_x
  X:0130H         SYMBOL        delta_y
  X:0132H         SYMBOL        distance
  X:0134H         SYMBOL        incx
  X:0136H         SYMBOL        incy
BL51 BANKED LINKER/LOCATER V6.22                                                      03/12/2021  09:16:36  PAGE 32


  X:0138H         SYMBOL        uRow
  X:013AH         SYMBOL        uCol
  -------         ENDDO         
  C:4875H         LINE#         98
  C:4883H         LINE#         99
  C:4883H         LINE#         101
  C:488EH         LINE#         104
  C:48A3H         LINE#         105
  C:48BEH         LINE#         106
  C:48CDH         LINE#         107
  C:48D3H         LINE#         108
  C:48EFH         LINE#         109
  C:48FBH         LINE#         110
  C:4910H         LINE#         111
  C:492CH         LINE#         112
  C:4938H         LINE#         113
  C:494DH         LINE#         114
  C:4973H         LINE#         115
  C:4978H         LINE#         116
  C:499DH         LINE#         117
  C:499DH         LINE#         118
  C:49B6H         LINE#         119
  C:49CAH         LINE#         120
  C:49DEH         LINE#         121
  C:49FAH         LINE#         122
  C:49FAH         LINE#         123
  C:4A06H         LINE#         124
  C:4A1AH         LINE#         125
  C:4A1AH         LINE#         126
  C:4A36H         LINE#         127
  C:4A36H         LINE#         128
  C:4A42H         LINE#         129
  C:4A56H         LINE#         130
  C:4A56H         LINE#         131
  C:4A67H         LINE#         132
  -------         ENDPROC       _GUI_DRAW_LINE
  -------         PROC          _GUI_DRAW_BLINE
  X:00E1H         SYMBOL        x1
  X:00E3H         SYMBOL        y1
  X:00E5H         SYMBOL        x2
  X:00E7H         SYMBOL        y2
  X:00E9H         SYMBOL        size
  X:00EAH         SYMBOL        color
  -------         DO            
  X:00ECH         SYMBOL        t
  X:00EEH         SYMBOL        xerr
  X:00F0H         SYMBOL        yerr
  X:00F2H         SYMBOL        delta_x
  X:00F4H         SYMBOL        delta_y
  X:00F6H         SYMBOL        distance
  X:00F8H         SYMBOL        incx
  X:00FAH         SYMBOL        incy
  X:00FCH         SYMBOL        uRow
  X:00FEH         SYMBOL        uCol
  -------         ENDDO         
  C:3AD2H         LINE#         137
  C:3AE6H         LINE#         138
BL51 BANKED LINKER/LOCATER V6.22                                                      03/12/2021  09:16:36  PAGE 33


  C:3AE6H         LINE#         140
  C:3AF1H         LINE#         142
  C:3B36H         LINE#         143
  C:3B4FH         LINE#         144
  C:3B6AH         LINE#         145
  C:3B85H         LINE#         146
  C:3B8DH         LINE#         147
  C:3B9BH         LINE#         148
  C:3BB7H         LINE#         149
  C:3BC3H         LINE#         150
  C:3BD8H         LINE#         151
  C:3BF4H         LINE#         152
  C:3C00H         LINE#         153
  C:3C15H         LINE#         154
  C:3C3BH         LINE#         155
  C:3C40H         LINE#         156
  C:3C65H         LINE#         157
  C:3C65H         LINE#         158
  C:3C8CH         LINE#         159
  C:3CA0H         LINE#         160
  C:3CB4H         LINE#         161
  C:3CF0H         LINE#         162
  C:3D2CH         LINE#         163
  C:3D3DH         LINE#         164
  -------         ENDPROC       _GUI_DRAW_BLINE
  -------         PROC          _GUI_DRAW_BLINE1
  X:000CH         SYMBOL        x0
  X:000EH         SYMBOL        y0
  D:0002H         SYMBOL        x1
  X:0012H         SYMBOL        y1
  X:0014H         SYMBOL        size
  X:0015H         SYMBOL        color
  -------         DO            
  X:0017H         SYMBOL        t
  X:0019H         SYMBOL        xerr
  X:001BH         SYMBOL        yerr
  X:001DH         SYMBOL        delta_x
  X:001FH         SYMBOL        delta_y
  X:0021H         SYMBOL        distance
  X:0023H         SYMBOL        incx
  X:0025H         SYMBOL        incy
  X:0027H         SYMBOL        uRow
  X:0029H         SYMBOL        uCol
  -------         ENDDO         
[...]
  X:02A9H         SYMBOL        len
  X:02AAH         SYMBOL        color
  X:02ACH         SYMBOL        size
  X:02ADH         SYMBOL        num
  X:02B1H         SYMBOL        mode
BL51 BANKED LINKER/LOCATER V6.22                                                      03/12/2021  09:16:36  PAGE 44


  -------         DO            
  X:02B2H         SYMBOL        t
  X:02B3H         SYMBOL        temp
  X:02B4H         SYMBOL        enshow
  -------         ENDDO         
  C:53DCH         LINE#         648
  C:53EDH         LINE#         649
  C:53EDH         LINE#         651
  C:53F2H         LINE#         652
  C:5407H         LINE#         653
  C:5407H         LINE#         654
  C:5438H         LINE#         655
  C:5451H         LINE#         656
  C:5451H         LINE#         657
  C:5458H         LINE#         658
  C:5458H         LINE#         659
  C:54BAH         LINE#         660
  C:5516H         LINE#         661
  C:5518H         LINE#         662
  C:551EH         LINE#         664
  C:551EH         LINE#         665
  C:5595H         LINE#         666
  C:559EH         LINE#         667
  -------         ENDPROC       _GUI_SHOW_NUM
  -------         PROC          _GUI_NUM2STR
  X:0337H         SYMBOL        str
  X:033AH         SYMBOL        num
  -------         DO            
  X:033EH         SYMBOL        t
  D:0007H         SYMBOL        temp
  X:033FH         SYMBOL        enrec
  -------         ENDDO         
  C:733AH         LINE#         672
  C:7349H         LINE#         673
  C:7349H         LINE#         675
  C:734EH         LINE#         676
  C:735CH         LINE#         677
  C:735CH         LINE#         678
  C:738AH         LINE#         679
  C:7399H         LINE#         680
  C:7399H         LINE#         681
  C:739EH         LINE#         682
  C:73A4H         LINE#         683
  C:73A4H         LINE#         684
  C:73B7H         LINE#         685
  C:73C1H         LINE#         686
  C:73C9H         LINE#         687
  C:73D8H         LINE#         688
  C:73E3H         LINE#         689
  -------         ENDPROC       _GUI_NUM2STR
  -------         PROC          _GUI_NUM2STREX
  X:000DH         SYMBOL        n
  X:000FH         SYMBOL        str
  -------         DO            
  D:0003H         SYMBOL        i
  X:0012H         SYMBOL        j
  X:0013H         SYMBOL        k
BL51 BANKED LINKER/LOCATER V6.22                                                      03/12/2021  09:16:36  PAGE 45


  X:0014H         SYMBOL        s
  -------         ENDDO         
  C:7108H         LINE#         694
  C:7119H         LINE#         695
  C:7119H         LINE#         696
  C:711FH         LINE#         700
  C:711FH         LINE#         701
  C:7147H         LINE#         702
  C:7147H         LINE#         703
  C:7168H         LINE#         704
  C:717CH         LINE#         705
  C:71B4H         LINE#         706
  -------         ENDPROC       _GUI_NUM2STREX
  -------         PROC          _GUI_SHOW_PTSTR
  X:001FH         SYMBOL        x
  X:0021H         SYMBOL        y
  X:0023H         SYMBOL        xend
  X:0025H         SYMBOL        yend
  X:0027H         SYMBOL        offset
  X:0029H         SYMBOL        color
  X:002BH         SYMBOL        size
  X:002CH         SYMBOL        str
  X:002FH         SYMBOL        mode
  -------         DO            
  X:0030H         SYMBOL        bHz
  X:0031H         SYMBOL        EnDisp
  -------         ENDDO         
  C:41EDH         LINE#         717
  C:4201H         LINE#         718
  C:4201H         LINE#         719
  C:4206H         LINE#         720
  C:4208H         LINE#         721
  C:421CH         LINE#         722
  C:421CH         LINE#         723
  C:4225H         LINE#         724
  C:4225H         LINE#         725
  C:4230H         LINE#         727
  C:4230H         LINE#         728
  C:4236H         LINE#         729
  C:4236H         LINE#         730
  C:424DH         LINE#         731
  C:424DH         LINE#         732
  C:425AH         LINE#         733
  C:425CH         LINE#         734
  C:425CH         LINE#         735
  C:4273H         LINE#         736
  C:4279H         LINE#         737
  C:4279H         LINE#         738
  C:4279H         LINE#         739
  C:4284H         LINE#         740
  C:4284H         LINE#         741
  C:42ECH         LINE#         742
  C:431FH         LINE#         743
  C:4327H         LINE#         744
  C:4332H         LINE#         745
  C:4332H         LINE#         746
  C:433FH         LINE#         747
BL51 BANKED LINKER/LOCATER V6.22                                                      03/12/2021  09:16:36  PAGE 46


  C:4346H         LINE#         748
  C:4346H         LINE#         749
  C:4346H         LINE#         750
  C:435EH         LINE#         751
  C:4365H         LINE#         752
  C:4365H         LINE#         753
  C:4368H         LINE#         754
  C:4368H         LINE#         755
  C:436DH         LINE#         756
  C:4371H         LINE#         757
  C:4371H         LINE#         758
  C:4386H         LINE#         759
  C:4386H         LINE#         760
  C:4393H         LINE#         761
  C:4395H         LINE#         762
  C:4395H         LINE#         763
  C:43ACH         LINE#         764
  C:43B2H         LINE#         765
  C:43B2H         LINE#         766
  C:43B2H         LINE#         767
  C:43B8H         LINE#         768
  C:43B8H         LINE#         770
  C:43E9H         LINE#         771
  C:43F1H         LINE#         772
  C:43FCH         LINE#         773
  C:43FCH         LINE#         774
  C:4409H         LINE#         775
  C:4410H         LINE#         776
  C:4410H         LINE#         777
  C:4410H         LINE#         778
  C:4425H         LINE#         779
  C:442FH         LINE#         780
  C:442FH         LINE#         781
  C:4432H         LINE#         782
  -------         ENDPROC       _GUI_SHOW_PTSTR
  -------         PROC          _GUI_SHOW_PTSTRWHITERIM
  X:0252H         SYMBOL        x
  X:0254H         SYMBOL        y
  X:0256H         SYMBOL        xend
  X:0258H         SYMBOL        yend
  X:025AH         SYMBOL        offset
  X:025CH         SYMBOL        color
  X:025EH         SYMBOL        rimcolor
  X:0260H         SYMBOL        size
  X:0261H         SYMBOL        str
  C:6E9EH         LINE#         792
  C:6EB2H         LINE#         793
  C:6EB2H         LINE#         794
  C:6F09H         LINE#         795
  -------         ENDPROC       _GUI_SHOW_PTSTRWHITERIM
  -------         PROC          _GUI_GET_STRINGLINE
  X:02F8H         SYMBOL        str
  X:02FBH         SYMBOL        linelenth
  X:02FDH         SYMBOL        font
  -------         DO            
  X:02FEH         SYMBOL        xpos
  X:0300H         SYMBOL        lincnt
BL51 BANKED LINKER/LOCATER V6.22                                                      03/12/2021  09:16:36  PAGE 47


  -------         ENDDO         
  C:5726H         LINE#         803
  C:5739H         LINE#         804
  C:5739H         LINE#         805
  C:5740H         LINE#         806
  C:5748H         LINE#         807
  C:575EH         LINE#         808
  C:578EH         LINE#         809
  C:578EH         LINE#         810
  C:57AEH         LINE#         811
  C:57AEH         LINE#         812
  C:57BDH         LINE#         813
  C:57C4H         LINE#         814
  C:57E3H         LINE#         815
  C:57EAH         LINE#         816
  C:5800H         LINE#         817
  C:5800H         LINE#         818
  C:5813H         LINE#         819
  C:581DH         LINE#         820
  C:5835H         LINE#         821
  C:5835H         LINE#         822
  C:5835H         LINE#         823
  C:5835H         LINE#         824
  C:5835H         LINE#         825
  C:5837H         LINE#         826
  C:5837H         LINE#         827
  C:584CH         LINE#         828
  C:5856H         LINE#         829
  C:586EH         LINE#         830
  C:586EH         LINE#         831
  C:5873H         LINE#         832
  C:5890H         LINE#         833
  C:5890H         LINE#         834
  C:5890H         LINE#         835
  C:5893H         LINE#         836
  C:58A1H         LINE#         837
  -------         ENDPROC       _GUI_GET_STRINGLINE
  -------         PROC          _GUI_SHOW_STRING
  X:01EFH         SYMBOL        str
  X:01F2H         SYMBOL        x
  X:01F4H         SYMBOL        y
  X:01F6H         SYMBOL        width
  X:01F8H         SYMBOL        height
  X:01FAH         SYMBOL        font
  X:01FBH         SYMBOL        fcolor
  -------         DO            
  X:01FDH         SYMBOL        xpos
  X:01FFH         SYMBOL        ypos
  X:0201H         SYMBOL        endx
  X:0203H         SYMBOL        endy
  -------         ENDDO         
  C:4433H         LINE#         844
  C:4444H         LINE#         845
  C:4444H         LINE#         846
  C:4454H         LINE#         847
  C:4464H         LINE#         848
  C:447EH         LINE#         849
BL51 BANKED LINKER/LOCATER V6.22                                                      03/12/2021  09:16:36  PAGE 48


  C:4498H         LINE#         850
  C:44B0H         LINE#         851
  C:44C3H         LINE#         852
  C:44C3H         LINE#         853
  C:44D7H         LINE#         854
  C:44D7H         LINE#         855
  C:44E6H         LINE#         856
  C:44EDH         LINE#         857
  C:44FCH         LINE#         858
  C:450EH         LINE#         859
  C:4522H         LINE#         860
  C:4522H         LINE#         861
  C:454AH         LINE#         862
  C:454AH         LINE#         863
  C:4559H         LINE#         864
  C:4565H         LINE#         865
  C:4565H         LINE#         867
  C:4577H         LINE#         868
  C:457EH         LINE#         870
  C:4581H         LINE#         871
  C:4581H         LINE#         872
  C:45ABH         LINE#         873
  C:45ABH         LINE#         874
  C:45BAH         LINE#         875
  C:45C7H         LINE#         876
  C:45C7H         LINE#         877
  C:4621H         LINE#         878
  C:4635H         LINE#         879
  C:463FH         LINE#         880
  C:463FH         LINE#         881
  C:4658H         LINE#         883
  -------         ENDPROC       _GUI_SHOW_STRING
  -------         PROC          _GUI_SHOW_STRINGEX
  X:01D8H         SYMBOL        x
  X:01DAH         SYMBOL        y
  D:0002H         SYMBOL        width
  X:01DEH         SYMBOL        height
  X:01E0H         SYMBOL        fcolor
  X:01E2H         SYMBOL        font
  X:01E3H         SYMBOL        str
  X:01E6H         SYMBOL        mode
  -------         DO            
  X:01E7H         SYMBOL        xpos
  X:01E9H         SYMBOL        ypos
  X:01EBH         SYMBOL        endx
  X:01EDH         SYMBOL        endy
  -------         ENDDO         
  C:4659H         LINE#         891
  C:4667H         LINE#         892
  C:4667H         LINE#         893
  C:4677H         LINE#         894
  C:4686H         LINE#         895
  C:4696H         LINE#         896
  C:46B6H         LINE#         897
  C:46C8H         LINE#         898
  C:46DBH         LINE#         899
  C:46DBH         LINE#         900
BL51 BANKED LINKER/LOCATER V6.22                                                      03/12/2021  09:16:36  PAGE 49


  C:46EFH         LINE#         901
  C:46EFH         LINE#         902
  C:46FEH         LINE#         903
  C:4705H         LINE#         904
  C:4714H         LINE#         905
  C:4726H         LINE#         906
  C:473AH         LINE#         907
  C:473AH         LINE#         908
  C:4762H         LINE#         909
  C:4762H         LINE#         910
  C:4771H         LINE#         911
  C:477DH         LINE#         912
  C:477DH         LINE#         914
  C:478FH         LINE#         915
  C:4796H         LINE#         917
  C:4799H         LINE#         918
  C:4799H         LINE#         919
  C:47C3H         LINE#         920
  C:47C3H         LINE#         921
  C:47D2H         LINE#         922
  C:47DFH         LINE#         923
  C:47DFH         LINE#         924
  C:483DH         LINE#         925
  C:4851H         LINE#         926
  C:485BH         LINE#         927
  C:485BH         LINE#         928
  C:4874H         LINE#         930
  -------         ENDPROC       _GUI_SHOW_STRINGEX
  -------         ENDMOD        GUI

  -------         MODULE        ?C?CLDPTR
  C:2A9AH         PUBLIC        ?C?CLDPTR
  -------         ENDMOD        ?C?CLDPTR

  -------         MODULE        ?C?CLDOPTR
  C:2AB3H         PUBLIC        ?C?CLDOPTR
  -------         ENDMOD        ?C?CLDOPTR

  -------         MODULE        ?C?CSTPTR
  C:2AE0H         PUBLIC        ?C?CSTPTR
  -------         ENDMOD        ?C?CSTPTR

  -------         MODULE        ?C?CSTOPTR
  C:2AF2H         PUBLIC        ?C?CSTOPTR
  -------         ENDMOD        ?C?CSTOPTR

  -------         MODULE        ?C?IMUL
  C:2B14H         PUBLIC        ?C?IMUL
  -------         ENDMOD        ?C?IMUL

  -------         MODULE        ?C?UIDIV
  C:2B26H         PUBLIC        ?C?UIDIV
  -------         ENDMOD        ?C?UIDIV

  -------         MODULE        ?C?SIDIV
  C:2B7BH         PUBLIC        ?C?SIDIV
  -------         ENDMOD        ?C?SIDIV
BL51 BANKED LINKER/LOCATER V6.22                                                      03/12/2021  09:16:36  PAGE 50



  -------         MODULE        ?C?IILDX
  C:2BB1H         PUBLIC        ?C?IILDX
  -------         ENDMOD        ?C?IILDX

  -------         MODULE        ?C?ILDIX
  C:2BC7H         PUBLIC        ?C?ILDIX
  -------         ENDMOD        ?C?ILDIX

  -------         MODULE        ?C?ILDOPTR
  C:2BDDH         PUBLIC        ?C?ILDOPTR
  -------         ENDMOD        ?C?ILDOPTR

  -------         MODULE        ?C?ISTOPTR
  C:2C15H         PUBLIC        ?C?ISTOPTR
  -------         ENDMOD        ?C?ISTOPTR

  -------         MODULE        ?C?LMUL
  C:2C42H         PUBLIC        ?C?LMUL
  -------         ENDMOD        ?C?LMUL

  -------         MODULE        ?C?ULDIV
  C:2CCDH         PUBLIC        ?C?ULDIV
  -------         ENDMOD        ?C?ULDIV

  -------         MODULE        ?C?SLDIV
  C:7B70H         PUBLIC        ?C?SLDIV
  -------         ENDMOD        ?C?SLDIV

  -------         MODULE        ?C?SLCMP
  C:2D5FH         PUBLIC        ?C?SLCMP
  -------         ENDMOD        ?C?SLCMP

  -------         MODULE        ?C?ULCMP
  C:2D75H         PUBLIC        ?C?ULCMP
  -------         ENDMOD        ?C?ULCMP

  -------         MODULE        ?C?ULSHR
  C:2D86H         PUBLIC        ?C?ULSHR
  -------         ENDMOD        ?C?ULSHR

  -------         MODULE        ?C?LSTXDATA
  C:2D99H         PUBLIC        ?C?LSTXDATA
  -------         ENDMOD        ?C?LSTXDATA

  -------         MODULE        ?C?LSTKXDATA
  C:2DA5H         PUBLIC        ?C?LSTKXDATA
  -------         ENDMOD        ?C?LSTKXDATA

  -------         MODULE        ?C?LIMUL
  C:2DD6H         PUBLIC        ?C?LIMUL
  -------         ENDMOD        ?C?LIMUL

  -------         MODULE        PRINTF
  X:0002H         PUBLIC        ?_PRINTF517?BYTE
  X:0002H         PUBLIC        ?_PRINTF?BYTE
  X:0002H         PUBLIC        ?_SPRINTF517?BYTE
BL51 BANKED LINKER/LOCATER V6.22                                                      03/12/2021  09:16:36  PAGE 51


  X:0002H         PUBLIC        ?_SPRINTF?BYTE
  C:3254H         PUBLIC        _PRINTF
  C:3254H         PUBLIC        _PRINTF517
  C:324EH         PUBLIC        _SPRINTF
  C:324EH         PUBLIC        _SPRINTF517
  -------         ENDMOD        PRINTF

  -------         MODULE        STRLEN
  C:7E1CH         PUBLIC        _STRLEN
  -------         ENDMOD        STRLEN

  -------         MODULE        ?C?PLDIXDATA
  C:2E03H         PUBLIC        ?C?PLDIXDATA
  -------         ENDMOD        ?C?PLDIXDATA

  -------         MODULE        ?C?PSTXDATA
  C:2E1AH         PUBLIC        ?C?PSTXDATA
  -------         ENDMOD        ?C?PSTXDATA

  -------         MODULE        ?C?CCASE
  C:2E23H         PUBLIC        ?C?CCASE
  -------         ENDMOD        ?C?CCASE

  -------         MODULE        PUTCHAR
  C:7D45H         PUBLIC        _PUTCHAR
  -------         ENDMOD        PUTCHAR

*** WARNING L16: UNCALLED SEGMENT, IGNORED FOR OVERLAY PROCESS
    SEGMENT: ?PR?_UART_CMD?UART

*** WARNING L16: UNCALLED SEGMENT, IGNORED FOR OVERLAY PROCESS
    SEGMENT: ?PR?_UART_SENDSTRING?UART

*** WARNING L16: UNCALLED SEGMENT, IGNORED FOR OVERLAY PROCESS
    SEGMENT: ?PR?_DELAY?TFTLCD

*** WARNING L16: UNCALLED SEGMENT, IGNORED FOR OVERLAY PROCESS
    SEGMENT: ?PR?_LCD_COLOR_FILL?TFTLCD

*** WARNING L16: UNCALLED SEGMENT, IGNORED FOR OVERLAY PROCESS
    SEGMENT: ?PR?_LCD_DRAWBIGPOINT?TFTLCD

*** WARNING L16: UNCALLED SEGMENT, IGNORED FOR OVERLAY PROCESS
    SEGMENT: ?PR?_LCD_DRAWLINE_COLOR?TFTLCD

*** WARNING L16: UNCALLED SEGMENT, IGNORED FOR OVERLAY PROCESS
    SEGMENT: ?PR?_LCD_DROWSIGN?TFTLCD

*** WARNING L16: UNCALLED SEGMENT, IGNORED FOR OVERLAY PROCESS
    SEGMENT: ?PR?_LCD_DRAWRECTANGLE?TFTLCD

*** WARNING L16: UNCALLED SEGMENT, IGNORED FOR OVERLAY PROCESS
    SEGMENT: ?PR?_LCD_DRAW_CIRCLE?TFTLCD

*** WARNING L16: UNCALLED SEGMENT, IGNORED FOR OVERLAY PROCESS
    SEGMENT: ?PR?_LCD_SHOWNUM?TFTLCD

BL51 BANKED LINKER/LOCATER V6.22                                                      03/12/2021  09:16:36  PAGE 52


*** WARNING L16: UNCALLED SEGMENT, IGNORED FOR OVERLAY PROCESS
    SEGMENT: ?PR?_LCD_SHOWXNUM?TFTLCD

*** WARNING L16: UNCALLED SEGMENT, IGNORED FOR OVERLAY PROCESS
    SEGMENT: ?PR?_LCD_SHOWFONTHZ?TFTLCD

*** WARNING L16: UNCALLED SEGMENT, IGNORED FOR OVERLAY PROCESS
    SEGMENT: ?PR?_LCD_SHOWPICTURE?TFTLCD

*** WARNING L16: UNCALLED SEGMENT, IGNORED FOR OVERLAY PROCESS
    SEGMENT: ?PR?TOUCH_SCAN?TOUCH

*** WARNING L16: UNCALLED SEGMENT, IGNORED FOR OVERLAY PROCESS
    SEGMENT: ?PR?_GUI_COLOR_CHG?GUI

*** WARNING L16: UNCALLED SEGMENT, IGNORED FOR OVERLAY PROCESS
    SEGMENT: ?PR?_GUI_RGB332TORGB565?GUI

*** WARNING L16: UNCALLED SEGMENT, IGNORED FOR OVERLAY PROCESS
    SEGMENT: ?PR?_GUI_DISABS?GUI

*** WARNING L16: UNCALLED SEGMENT, IGNORED FOR OVERLAY PROCESS
    SEGMENT: ?PR?_GUI_DRAW_POINT?GUI

*** WARNING L16: UNCALLED SEGMENT, IGNORED FOR OVERLAY PROCESS
    SEGMENT: ?PR?_GUI_ALPHABLEND_AREA?GUI

*** WARNING L16: UNCALLED SEGMENT, IGNORED FOR OVERLAY PROCESS
    SEGMENT: ?PR?_GUI_DRAW_BLINE?GUI

*** WARNING L16: UNCALLED SEGMENT, IGNORED FOR OVERLAY PROCESS
    SEGMENT: ?PR?_GUI_FILL_COLORBLOCK?GUI

*** WARNING L16: UNCALLED SEGMENT, IGNORED FOR OVERLAY PROCESS
    SEGMENT: ?PR?_GUI_DRAW_SMOOTH_RECTANGLE?GUI

*** WARNING L16: UNCALLED SEGMENT, IGNORED FOR OVERLAY PROCESS
    SEGMENT: ?PR?_GUI_DRAW_RECTANGLE?GUI

*** WARNING L16: UNCALLED SEGMENT, IGNORED FOR OVERLAY PROCESS
    SEGMENT: ?PR?_GUI_DRAW_ARCRECTANGLE?GUI

*** WARNING L16: UNCALLED SEGMENT, IGNORED FOR OVERLAY PROCESS
    SEGMENT: ?PR?_GUI_DRAW_ELLIPSE?GUI

*** WARNING L16: UNCALLED SEGMENT, IGNORED FOR OVERLAY PROCESS
    SEGMENT: ?PR?_GUI_FILL_ELLIPSE?GUI

*** WARNING L16: UNCALLED SEGMENT, IGNORED FOR OVERLAY PROCESS
    SEGMENT: ?PR?_GUI_SHOW_STRMIDEX?GUI

*** WARNING L16: UNCALLED SEGMENT, IGNORED FOR OVERLAY PROCESS
    SEGMENT: ?PR?_GUI_SHOW_NUM?GUI

*** WARNING L16: UNCALLED SEGMENT, IGNORED FOR OVERLAY PROCESS
    SEGMENT: ?PR?_GUI_NUM2STR?GUI

BL51 BANKED LINKER/LOCATER V6.22                                                      03/12/2021  09:16:36  PAGE 53


*** WARNING L16: UNCALLED SEGMENT, IGNORED FOR OVERLAY PROCESS
    SEGMENT: ?PR?_GUI_SHOW_PTSTRWHITERIM?GUI

*** WARNING L16: UNCALLED SEGMENT, IGNORED FOR OVERLAY PROCESS
    SEGMENT: ?PR?_GUI_GET_STRINGLINE?GUI

*** WARNING L16: UNCALLED SEGMENT, IGNORED FOR OVERLAY PROCESS
    SEGMENT: ?PR?_GUI_SHOW_STRING?GUI

*** WARNING L16: UNCALLED SEGMENT, IGNORED FOR OVERLAY PROCESS
    SEGMENT: ?PR?_GUI_SHOW_STRINGEX?GUI

Program Size: data=15.1 xdata=902 code=32384
LINK/LOCATE RUN COMPLETE.  33 WARNING(S),  0 ERROR(S)
